03-18 17:04:54.964 18770 18770 E ActivityThread: android.app.ServiceConnectionLeaked: Service com.google.android.gms.chimera.GmsApiService has leaked ServiceConnection bipk@8767bf3 that was originally bound here
03-18 17:04:54.964 18770 18770 E ActivityThread: 	at android.app.LoadedApk$ServiceDispatcher.<init>(LoadedApk.java:1807)
03-18 17:04:54.964 18770 18770 E ActivityThread: 	at android.app.LoadedApk.getServiceDispatcherCommon(LoadedApk.java:1679)
03-18 17:04:54.964 18770 18770 E ActivityThread: 	at android.app.LoadedApk.getServiceDispatcher(LoadedApk.java:1658)
03-18 17:04:54.964 18770 18770 E ActivityThread: 	at android.app.ContextImpl.bindServiceCommon(ContextImpl.java:1722)
03-18 17:04:54.964 18770 18770 E ActivityThread: 	at android.app.ContextImpl.bindService(ContextImpl.java:1651)
03-18 17:04:54.964 18770 18770 E ActivityThread: 	at android.content.ContextWrapper.bindService(ContextWrapper.java:705)
03-18 17:04:54.964 18770 18770 E ActivityThread: 	at android.content.ContextWrapper.bindService(ContextWrapper.java:705)
03-18 17:04:54.964 18770 18770 E ActivityThread: 	at android.content.ContextWrapper.bindService(ContextWrapper.java:705)
03-18 17:04:54.964 18770 18770 E ActivityThread: 	at biop.bindService(:com.google.android.gms@250932009@25.09.32 (100300-735486561):10)
03-18 17:04:54.964 18770 18770 E ActivityThread: 	at android.content.ContextWrapper.bindService(ContextWrapper.java:705)
03-18 17:04:54.964 18770 18770 E ActivityThread: 	at android.content.ContextWrapper.bindService(ContextWrapper.java:705)
03-18 17:04:54.964 18770 18770 E ActivityThread: 	at android.content.ContextWrapper.bindService(ContextWrapper.java:705)
03-18 17:04:54.964 18770 18770 E ActivityThread: 	at android.content.ContextWrapper.bindService(ContextWrapper.java:705)
03-18 17:04:54.964 18770 18770 E ActivityThread: 	at atnv.i(:com.google.android.gms@250932009@25.09.32 (100300-735486561):17)
03-18 17:04:54.964 18770 18770 E ActivityThread: 	at atnv.f(:com.google.android.gms@250932009@25.09.32 (100300-735486561):97)
03-18 17:04:54.964 18770 18770 E ActivityThread: 	at atnv.e(:com.google.android.gms@250932009@25.09.32 (100300-735486561):8)
03-18 17:04:54.964 18770 18770 E ActivityThread: 	at wjh.a(:com.google.android.gms@250932009@25.09.32 (100300-735486561):47)
03-18 17:04:54.964 18770 18770 E ActivityThread: 	at ice.a(:com.google.android.gms@250932009@25.09.32 (100300-735486561):19)
03-18 17:04:54.964 18770 18770 E ActivityThread: 	at wjm.<init>(:com.google.android.gms@250932009@25.09.32 (100300-735486561):11)
03-18 17:04:54.964 18770 18770 E ActivityThread: 	at wkm.call(:com.google.android.gms@250932009@25.09.32 (100300-735486561):18)
03-18 17:04:54.964 18770 18770 E ActivityThread: 	at java.util.concurrent.FutureTask.run(FutureTask.java:266)
03-18 17:04:54.964 18770 18770 E ActivityThread: 	at atrf.c(:com.google.android.gms@250932009@25.09.32 (100300-735486561):50)
03-18 17:04:54.964 18770 18770 E ActivityThread: 	at atrf.run(:com.google.android.gms@250932009@25.09.32 (100300-735486561):76)
03-18 17:04:54.964 18770 18770 E ActivityThread: 	at java.util.concurrent.ThreadPoolExecutor.runWorker(ThreadPoolExecutor.java:1167)
03-18 17:04:54.964 18770 18770 E ActivityThread: 	at java.util.concurrent.ThreadPoolExecutor$Worker.run(ThreadPoolExecutor.java:641)
03-18 17:04:54.964 18770 18770 E ActivityThread: 	at atwt.run(:com.google.android.gms@250932009@25.09.32 (100300-735486561):8)
03-18 17:04:54.964 18770 18770 E ActivityThread: 	at java.lang.Thread.run(Thread.java:919)
03-18 17:04:55.054  1242  3010 I WindowManager: Relayout Window{bee6c41 u0 com.motorola.launcher3/com.android.launcher3.CustomizationPanelLauncher}: oldVis=4 newVis=0 focusMayChange = true
03-18 17:04:55.275  1242  1269 I ActivityManager: Start proc 29926:com.motorola.timeweatherwidget/u0a123 for content provider {com.motorola.timeweatherwidget/com.motorola.commandcenter.weather.AssistReceiver}
03-18 17:04:55.591  1242  5864 V SettingsProvider: packageValueForCallResult, name = selected_search_engine_program, value : Bundle[{_track_generation=android.util.MemoryIntArray@71, value=Agassi, _generation_index=2, _generation=30}]
03-18 17:04:55.812  1242  1260 W Looper  : Slow dispatch took 909ms android.ui h=android.view.Choreographer$FrameHandler c=android.view.Choreographer$FrameDisplayEventReceiver@a46d06f m=0
03-18 17:04:55.833  1242  1260 W Looper  : Drained
03-18 17:04:55.898  1242  9626 V SettingsProvider: packageValueForCallResult, name = sqlite_compatibility_wal_flags, value : Bundle[{_track_generation=android.util.MemoryIntArray@71, value=, _generation_index=0, _generation=33}]
03-18 17:04:56.179  1242  4630 V ActivityManager: New death recipient com.android.server.am.ActivityManagerService$AppDeathRecipient@485356 for thread android.os.BinderProxy@2b3dfd7, pid:29926,mApp:null
03-18 17:04:56.256  1242  1269 I ActivityManager: Start proc 29954:sinet.startup.inDriver/u0a197 for service {sinet.startup.inDriver/com.google.android.datatransport.runtime.scheduling.jobscheduling.JobInfoSchedulerService}
03-18 17:04:56.398  1242  3030 V ActivityManager: New death recipient com.android.server.am.ActivityManagerService$AppDeathRecipient@cb26530 for thread android.os.BinderProxy@5e9e5a9, pid:29954,mApp:null
03-18 17:04:56.486  1242  3030 E WindowManager: App trying to use insecure INPUT_FEATURE_NO_INPUT_CHANNEL flag. Ignoring
03-18 17:04:56.528  1242  1269 I ActivityManager: Start proc 29994:com.android.providers.calendar/u0a59 for content provider {com.android.providers.calendar/com.android.providers.calendar.CalendarProvider2}
03-18 17:04:56.564  1242  3010 V ActivityManager: New death recipient com.android.server.am.ActivityManagerService$AppDeathRecipient@a445653 for thread android.os.BinderProxy@8983b90, pid:29994,mApp:null
03-18 17:04:56.637  1242  5864 V SettingsProvider: packageValueForCallResult, name = sqlite_compatibility_wal_flags, value : Bundle[{_track_generation=android.util.MemoryIntArray@71, value=, _generation_index=0, _generation=33}]
03-18 17:04:56.799  1242  4630 V SettingsProvider: packageValueForCallResult, name = sqlite_compatibility_wal_flags, value : Bundle[{_track_generation=android.util.MemoryIntArray@71, value=, _generation_index=0, _generation=33}]
03-18 17:04:57.155  1242  4630 D MtkConnectivityService: requestNetwork for uid/pid:10066/29260 NetworkRequest [ TRACK_DEFAULT id=5203, [ Capabilities: INTERNET&NOT_RESTRICTED&TRUSTED Uid: 10066] ]
03-18 17:05:14.233  1242  1242 W JobServiceContext: Time-out while trying to bind e336704 #u0a197/-1228263001 sinet.startup.inDriver/com.google.android.datatransport.runtime.scheduling.jobscheduling.JobInfoSchedulerService, dropping.
03-18 17:05:18.271  1242  6950 V SettingsProvider: packageValueForCallResult, name = sqlite_compatibility_wal_flags, value : Bundle[{_track_generation=android.util.MemoryIntArray@71, value=, _generation_index=0, _generation=33}]
03-18 17:05:19.645  1242  6950 D MtkConnectivityService: ConnectivityService NetworkRequestInfo binderDied(NetworkRequest [ TRACK_DEFAULT id=5188, [ Capabilities: INTERNET&NOT_RESTRICTED&TRUSTED Uid: 10058] ], android.os.BinderProxy@226e0a0)
03-18 17:05:19.645  1242  5864 D MtkConnectivityService: ConnectivityService NetworkRequestInfo binderDied(NetworkRequest [ LISTEN id=5187, [ Capabilities: INTERNET&NOT_RESTRICTED&TRUSTED Uid: 10058] ], android.os.BinderProxy@ebe9459)
03-18 17:05:19.645  1242  3030 V ActivityManager: Death received in com.android.server.am.ActivityManagerService$AppDeathRecipient@3c79e6d for thread android.os.BinderProxy@391daa2, mPid:28840,mApp:ProcessRecord{8be78b8 28840:com.android.vending/u0a58}
03-18 17:05:19.646  1242  3010 D MtkConnectivityService: ConnectivityService NetworkRequestInfo binderDied(NetworkRequest [ TRACK_DEFAULT id=5186, [ Capabilities: INTERNET&NOT_RESTRICTED&TRUSTED Uid: 10058] ], android.os.BinderProxy@e2e781e)
03-18 17:05:19.646  1242  1894 D MtkConnectivityService: releasing NetworkRequest [ TRACK_DEFAULT id=5188, [ Capabilities: INTERNET&NOT_RESTRICTED&TRUSTED Uid: 10058] ] (release request)
03-18 17:05:19.647  1242  1894 D MtkConnectivityService: releasing NetworkRequest [ TRACK_DEFAULT id=5186, [ Capabilities: INTERNET&NOT_RESTRICTED&TRUSTED Uid: 10058] ] (release request)
03-18 17:05:19.648  1242  3030 I ActivityManager: Process com.android.vending (pid 28840) has died: cch+55 CEM 
03-18 17:05:27.619  1242  4999 V SettingsProvider: packageValueForCallResult, name = android_id, value : Bundle[{_track_generation=android.util.MemoryIntArray@71, value=e007919c303c8daf, _generation_index=2, _generation=30}]
03-18 17:05:27.882  1242  1269 I ActivityManager: Start proc 30168:com.android.vending/u0a58 for service {com.android.vending/com.google.android.finsky.services.LicensingService}
03-18 17:05:27.917  1242  4999 V ActivityManager: New death recipient com.android.server.am.ActivityManagerService$AppDeathRecipient@99a3183 for thread android.os.BinderProxy@f2f00, pid:30168,mApp:null
03-18 17:05:28.212  1242  3010 V ActivityManager: Death received in com.android.server.am.ActivityManagerService$AppDeathRecipient@23a703b for thread android.os.BinderProxy@9b5f358, mPid:29502,mApp:ProcessRecord{930c760 29502:com.android.vending:background/u0a58}
03-18 17:05:28.212  1242  3010 I ActivityManager: Process com.android.vending:background (pid 29502) has died: cch+45 CEM 
03-18 17:05:28.212  1242  9536 D MtkConnectivityService: ConnectivityService NetworkRequestInfo binderDied(NetworkRequest [ TRACK_DEFAULT id=5196, [ Capabilities: INTERNET&NOT_RESTRICTED&TRUSTED Uid: 10058] ], android.os.BinderProxy@e91ced7)
03-18 17:05:28.212  1242  1894 D MtkConnectivityService: releasing NetworkRequest [ TRACK_DEFAULT id=5196, [ Capabilities: INTERNET&NOT_RESTRICTED&TRUSTED Uid: 10058] ] (release request)
03-18 17:05:28.246  1242  3997 V ActivityManager: Death received in com.android.server.am.ActivityManagerService$AppDeathRecipient@8ea0a34 for thread android.os.BinderProxy@2fa605d, mPid:29014,mApp:ProcessRecord{264c3c4 29014:com.google.process.gapps/u0a98}
03-18 17:05:28.246  1242  3997 I ActivityManager: Process com.google.process.gapps (pid 29014) has died: cch+35 CEM 
03-18 17:05:28.418  1242  6950 V SettingsProvider: packageValueForCallResult, name = device_provisioned, value : Bundle[{_track_generation=android.util.MemoryIntArray@71, value=1, _generation_index=0, _generation=33}]
03-18 17:05:28.447  1242  1269 I ActivityManager: Start proc 30231:com.google.android.webview:sandboxed_process0:org.chromium.content.app.SandboxedProcessService0:0/u0i218 for  {sinet.startup.inDriver/org.chromium.content.app.SandboxedProcessService0:0}
03-18 17:05:28.499  1242  6950 V ActivityManager: New death recipient com.android.server.am.ActivityManagerService$AppDeathRecipient@5f56389 for thread android.os.BinderProxy@2c54f8e, pid:30231,mApp:null
03-18 17:05:28.555  1242  3997 V ActivityManager: Death received in com.android.server.am.ActivityManagerService$AppDeathRecipient@a445653 for thread android.os.BinderProxy@8983b90, mPid:29994,mApp:ProcessRecord{86fc266 29994:com.android.providers.calendar/u0a59}
03-18 17:05:28.555  1242  3997 I ActivityManager: Process com.android.providers.calendar (pid 29994) has died: cch+25 CEM 
03-18 17:05:28.602  1242  3010 V SettingsProvider: packageValueForCallResult, name = android_id, value : Bundle[{_track_generation=android.util.MemoryIntArray@71, value=85715498b3cd7c07, _generation_index=2, _generation=30}]
03-18 17:05:28.684  1242  9536 D MtkConnectivityService: requestNetwork for uid/pid:10058/30168 NetworkRequest [ TRACK_DEFAULT id=5204, [ Capabilities: INTERNET&NOT_RESTRICTED&TRUSTED Uid: 10058] ]
03-18 17:05:28.710  1242  1269 I ActivityManager: Start proc 30296:com.google.process.gapps/u0a98 for content provider {com.google.android.gsf/com.google.android.gsf.settings.GoogleSettingsProvider}
03-18 17:05:28.742  1242  6950 V ActivityManager: New death recipient com.android.server.am.ActivityManagerService$AppDeathRecipient@7d1301c for thread android.os.BinderProxy@2623425, pid:30296,mApp:null
03-18 17:05:28.751  1242  9536 W ProcessStats: Tracking association SourceState{951a9fa com.android.vending/10058 ImpFg #281563} whose proc state 2 is better than process ProcessState{96fccaf com.google.process.gservices/10098 pkg=com.google.android.gsf} proc state 3 (0 skipped)
03-18 17:05:28.810  1242  3997 V ActivityManager: Death received in com.android.server.am.ActivityManagerService$AppDeathRecipient@485356 for thread android.os.BinderProxy@2b3dfd7, mPid:29926,mApp:ProcessRecord{a417095 29926:com.motorola.timeweatherwidget/u0a123}
03-18 17:05:28.810  1242  3997 I ActivityManager: Process com.motorola.timeweatherwidget (pid 29926) has died: cch+5 CEM 
03-18 17:05:28.882  1242  9536 V SettingsProvider: packageValueForCallResult, name = sqlite_compatibility_wal_flags, value : Bundle[{_track_generation=android.util.MemoryIntArray@71, value=, _generation_index=0, _generation=33}]
03-18 17:05:28.956  1242  1269 I ActivityManager: Start proc 30354:com.google.android.webview:webview_service/u0a110 for service {com.google.android.webview/org.chromium.android_webview.services.ComponentsProviderService}
03-18 17:05:29.002  1242  3010 V ActivityManager: New death recipient com.android.server.am.ActivityManagerService$AppDeathRecipient@65afce3 for thread android.os.BinderProxy@85d06e0, pid:30354,mApp:null
03-18 17:05:29.198  1242  2226 D MtkConnectivityService: requestNetwork for uid/pid:10058/30168 NetworkRequest [ TRACK_DEFAULT id=5206, [ Capabilities: INTERNET&NOT_RESTRICTED&TRUSTED Uid: 10058] ]
03-18 17:05:33.963  1242  3997 V ActivityManager: Death received in com.android.server.am.ActivityManagerService$AppDeathRecipient@65afce3 for thread android.os.BinderProxy@85d06e0, mPid:30354,mApp:ProcessRecord{9babc37 30354:com.google.android.webview:webview_service/u0a110}
03-18 17:05:33.963  1242  3997 I ActivityManager: Process com.google.android.webview:webview_service (pid 30354) has died: cch+15 CEM 
03-18 17:05:38.857  1242  4999 V ActivityManager: Death received in com.android.server.am.ActivityManagerService$AppDeathRecipient@cb26530 for thread android.os.BinderProxy@5e9e5a9, mPid:29954,mApp:ProcessRecord{56aff1f 29954:sinet.startup.inDriver/u0a197}
03-18 17:05:38.858  1242  4999 I ActivityManager: Process sinet.startup.inDriver (pid 29954) has died: cch+15 CEM 
03-18 17:05:38.865  1242  4999 I ActivityManager: Killing 30231:com.google.android.webview:sandboxed_process0:org.chromium.content.app.SandboxedProcessService0:0/u0a197i218 (adj 0): isolated not needed
03-18 17:05:38.909  1242  9536 V ActivityManager: Death received in com.android.server.am.ActivityManagerService$AppDeathRecipient@5f56389 for thread android.os.BinderProxy@2c54f8e, mPid:30231,mApp:ProcessRecord{b5628f4 30231:com.google.android.webview:sandboxed_process0:org.chromium.content.app.SandboxedProcessService0:0/u0a197i218}
03-18 17:05:39.300  1242  1269 I ActivityManager: Start proc 30454:com.android.vending:background/u0a58 for service {com.android.vending/com.google.frameworks.client.data.android.server.play.BackgroundProcessEndpointService}
03-18 17:05:39.358  1242  9536 V ActivityManager: New death recipient com.android.server.am.ActivityManagerService$AppDeathRecipient@d274bbf for thread android.os.BinderProxy@789a28c, pid:30454,mApp:null
03-18 17:05:39.730  1242  9536 V SettingsProvider: packageValueForCallResult, name = device_provisioned, value : Bundle[{_track_generation=android.util.MemoryIntArray@71, value=1, _generation_index=0, _generation=33}]
03-18 17:05:39.955  1242  9536 D MtkConnectivityService: requestNetwork for uid/pid:10058/30454 NetworkRequest [ TRACK_DEFAULT id=5207, [ Capabilities: INTERNET&NOT_RESTRICTED&TRUSTED Uid: 10058] ]
03-18 17:05:46.949  1242  3010 V SettingsProvider: packageValueForCallResult, name = android_id, value : Bundle[{_track_generation=android.util.MemoryIntArray@71, value=85715498b3cd7c07, _generation_index=2, _generation=30}]
03-18 17:05:48.376  1242  1269 I ActivityManager: Start proc 30506:sinet.startup.inDriver/u0a197 for service {sinet.startup.inDriver/com.google.android.datatransport.runtime.scheduling.jobscheduling.JobInfoSchedulerService}
03-18 17:05:48.553  1242  3010 V ActivityManager: New death recipient com.android.server.am.ActivityManagerService$AppDeathRecipient@9e97aab for thread android.os.BinderProxy@70b8508, pid:30506,mApp:null
03-18 17:06:06.335  1242  1242 W JobServiceContext: Time-out while trying to bind e2a69b3 #u0a197/-1228263001 sinet.startup.inDriver/com.google.android.datatransport.runtime.scheduling.jobscheduling.JobInfoSchedulerService, dropping.
03-18 17:06:10.326  1242  1269 I ActivityManager: Start proc 30548:com.motorola.ccc.notification/u0a79 for service {com.motorola.ccc.notification/com.motorola.ccc.notification.PushService}
03-18 17:06:10.397  1242  9536 V ActivityManager: New death recipient com.android.server.am.ActivityManagerService$AppDeathRecipient@4e61d76 for thread android.os.BinderProxy@238af77, pid:30548,mApp:null
03-18 17:06:10.702  1242  9536 V SettingsProvider: packageValueForCallResult, name = sqlite_compatibility_wal_flags, value : Bundle[{_track_generation=android.util.MemoryIntArray@71, value=, _generation_index=0, _generation=33}]
03-18 17:06:10.758  1242  3010 V SettingsProvider: packageValueForCallResult, name = sqlite_compatibility_wal_flags, value : Bundle[{_track_generation=android.util.MemoryIntArray@71, value=, _generation_index=0, _generation=33}]
03-18 17:06:12.217  1242  1242 I RoleManagerService: Granting default permissions...
03-18 17:06:12.262  1242  1269 I ActivityManager: Start proc 30665:com.google.android.permissioncontroller/u0a94 for service {com.google.android.permissioncontroller/com.android.packageinstaller.role.service.RoleControllerServiceImpl}
03-18 17:06:12.291  1242  9626 V ActivityManager: New death recipient com.android.server.am.ActivityManagerService$AppDeathRecipient@f9d7a90 for thread android.os.BinderProxy@cc53f89, pid:30665,mApp:null
03-18 17:06:12.585 30665 30689 W SystemConfig: Got exception parsing permissions.
03-18 17:06:12.585 30665 30689 W SystemConfig: org.xmlpull.v1.XmlPullParserException: expected: /permissions read: permission (position:END_TAG </permission>@17:14 in java.io.FileReader@2e5696b) 
03-18 17:06:12.585 30665 30689 W SystemConfig: 	at com.android.org.kxml2.io.KXmlParser.readEndTag(KXmlParser.java:984)
03-18 17:06:12.585 30665 30689 W SystemConfig: 	at com.android.org.kxml2.io.KXmlParser.next(KXmlParser.java:375)
03-18 17:06:12.585 30665 30689 W SystemConfig: 	at com.android.org.kxml2.io.KXmlParser.next(KXmlParser.java:313)
03-18 17:06:12.585 30665 30689 W SystemConfig: 	at com.android.internal.util.XmlUtils.nextElement(XmlUtils.java:1584)
03-18 17:06:12.585 30665 30689 W SystemConfig: 	at com.android.server.SystemConfig.readPermissionsFromXml(SystemConfig.java:513)
03-18 17:06:12.585 30665 30689 W SystemConfig: 	at com.android.server.SystemConfig.readPermissions(SystemConfig.java:457)
03-18 17:06:12.585 30665 30689 W SystemConfig: 	at com.android.server.SystemConfig.<init>(SystemConfig.java:368)
03-18 17:06:12.585 30665 30689 W SystemConfig: 	at com.android.server.SystemConfig.getInstance(SystemConfig.java:214)
03-18 17:06:12.585 30665 30689 W SystemConfig: 	at android.permission.PermissionManager.<clinit>(PermissionManager.java:52)
03-18 17:06:12.585 30665 30689 W SystemConfig: 	at android.app.SystemServiceRegistry$111.createService(SystemServiceRegistry.java:1270)
03-18 17:06:12.585 30665 30689 W SystemConfig: 	at android.app.SystemServiceRegistry$111.createService(SystemServiceRegistry.java:1266)
03-18 17:06:12.585 30665 30689 W SystemConfig: 	at android.app.SystemServiceRegistry$CachedServiceFetcher.getService(SystemServiceRegistry.java:1421)
03-18 17:06:12.585 30665 30689 W SystemConfig: 	at android.app.SystemServiceRegistry.getSystemService(SystemServiceRegistry.java:1337)
03-18 17:06:12.585 30665 30689 W SystemConfig: 	at android.app.ContextImpl.getSystemService(ContextImpl.java:1806)
03-18 17:06:12.585 30665 30689 W SystemConfig: 	at android.content.ContextWrapper.getSystemService(ContextWrapper.java:752)
03-18 17:06:12.585 30665 30689 W SystemConfig: 	at android.content.Context.getSystemService(Context.java:3452)
03-18 17:06:12.585 30665 30689 W SystemConfig: 	at com.android.packageinstaller.role.model.Permissions.grant(Permissions.java:97)
03-18 17:06:12.585 30665 30689 W SystemConfig: 	at com.android.packageinstaller.role.model.Role.grant(Role.java:584)
03-18 17:06:12.585 30665 30689 W SystemConfig: 	at com.android.packageinstaller.role.service.RoleControllerServiceImpl.addRoleHolderInternal(RoleControllerServiceImpl.java:324)
03-18 17:06:12.585 30665 30689 W SystemConfig: 	at com.android.packageinstaller.role.service.RoleControllerServiceImpl.onGrantDefaultRoles(RoleControllerServiceImpl.java:120)
03-18 17:06:12.585 30665 30689 W SystemConfig: 	at android.app.role.RoleControllerService.grantDefaultRoles(RoleControllerService.java:169)
03-18 17:06:12.585 30665 30689 W SystemConfig: 	at android.app.role.RoleControllerService.access$400(RoleControllerService.java:50)
03-18 17:06:12.585 30665 30689 W SystemConfig: 	at android.app.role.RoleControllerService$1.lambda$grantDefaultRoles$0(RoleControllerService.java:88)
03-18 17:06:12.585 30665 30689 W SystemConfig: 	at android.app.role.-$$Lambda$RoleControllerService$1$-fmj7uDKaG3BoLl6bhtrA675gRI.accept(Unknown Source:4)
03-18 17:06:12.585 30665 30689 W SystemConfig: 	at com.android.internal.util.function.pooled.PooledLambdaImpl.doInvoke(PooledLambdaImpl.java:271)
03-18 17:06:12.585 30665 30689 W SystemConfig: 	at com.android.internal.util.function.pooled.PooledLambdaImpl.invoke(PooledLambdaImpl.java:195)
03-18 17:06:12.585 30665 30689 W SystemConfig: 	at com.android.internal.util.function.pooled.OmniFunction.run(OmniFunction.java:86)
03-18 17:06:12.585 30665 30689 W SystemConfig: 	at android.os.Handler.handleCallback(Handler.java:883)
03-18 17:06:12.585 30665 30689 W SystemConfig: 	at android.os.Handler.dispatchMessage(Handler.java:100)
03-18 17:06:12.585 30665 30689 W SystemConfig: 	at android.os.Looper.loop(Looper.java:214)
03-18 17:06:12.585 30665 30689 W SystemConfig: 	at android.os.HandlerThread.run(HandlerThread.java:67)
03-18 17:06:12.638 30665 30689 I SystemConfig: Non-xml file /system/etc/permissions/pms_sysapp_removable_system_list.txt in /system/etc/permissions directory, ignoring
03-18 17:06:12.642 30665 30689 I SystemConfig: Non-xml file /system/etc/permissions/pms_sysapp_removable_vendor_list.txt in /system/etc/permissions directory, ignoring
03-18 17:06:12.680 30665 30689 W SystemConfig: Tag disallowed-managed-device is unknown in /system/etc/permissions/afw-com.motorola.commandcenter.xml at START_TAG (empty) <disallowed-managed-device package='com.motorola.commandcenter'>@3:70 in java.io.FileReader@10fefb1
03-18 17:06:12.780 30665 30689 W SystemConfig: No directory /product_services/etc/sysconfig, skipping
03-18 17:06:12.780 30665 30689 W SystemConfig: No directory /product_services/etc/permissions, skipping
03-18 17:06:12.879  1242  1242 W Looper  : Slow dispatch took 659ms main h=android.app.ActivityThread$H c=android.app.-$$Lambda$LoadedApk$ReceiverDispatcher$Args$_BumDX2UKsnxLVrE6UJsJZkotuA@d7cb6a6 m=0
03-18 17:06:12.879  1242  1242 W Looper  : Slow delivery took 663ms main h=android.app.ActivityThread$H c=android.app.-$$Lambda$LoadedApk$ReceiverDispatcher$Args$_BumDX2UKsnxLVrE6UJsJZkotuA@82488e7 m=0
03-18 17:06:13.121 30548 30548 E ActivityThread: Failed to find provider info for com.android.launcher3.settings
03-18 17:06:13.249 30548 30548 E ActivityThread: Failed to find provider info for com.android.launcher3.settings
03-18 17:06:13.265  1242  1242 W Looper  : Slow dispatch took 331ms main h=android.app.ActivityThread$H c=android.app.-$$Lambda$LoadedApk$ReceiverDispatcher$Args$_BumDX2UKsnxLVrE6UJsJZkotuA@4c85c36 m=0
03-18 17:06:13.266  1242  1242 I Telecom : DefaultDialerCache: Refreshing default dialer for user 0: now com.google.android.dialer: DDC.oR@BGQ
03-18 17:06:13.351  1242  1242 W Looper  : Drained
03-18 17:06:13.416  1242  1267 I RoleUserState: Wrote roles.xml successfully
03-18 17:06:13.440 30548 30705 E ActivityThread: Failed to find provider info for com.android.launcher3.settings
03-18 17:06:13.507  1242  1242 I RoleManagerService: Granting default permissions...
03-18 17:06:13.583  1242  1242 I Telecom : DefaultDialerCache: Refreshing default dialer for user 0: now com.google.android.dialer: DDC.oR@BGU
03-18 17:06:13.950  1242  1267 I RoleUserState: Wrote roles.xml successfully
03-18 17:06:21.218  1242  2246 V SettingsProvider: packageValueForCallResult, name = android_id, value : Bundle[{_track_generation=android.util.MemoryIntArray@71, value=e007919c303c8daf, _generation_index=2, _generation=30}]
03-18 17:06:22.182  1242  1269 I ActivityManager: Start proc 30805:com.google.android.webview:sandboxed_process0:org.chromium.content.app.SandboxedProcessService0:0/u0i219 for  {sinet.startup.inDriver/org.chromium.content.app.SandboxedProcessService0:0}
03-18 17:06:22.238  1242  2246 V ActivityManager: New death recipient com.android.server.am.ActivityManagerService$AppDeathRecipient@615ef9f for thread android.os.BinderProxy@a53a8ec, pid:30805,mApp:null
03-18 17:06:22.515  1242  1269 I ActivityManager: Start proc 30850:com.google.android.webview:webview_service/u0a110 for service {com.google.android.webview/org.chromium.android_webview.services.ComponentsProviderService}
03-18 17:06:22.540  1242  2246 V ActivityManager: New death recipient com.android.server.am.ActivityManagerService$AppDeathRecipient@b6f9b52 for thread android.os.BinderProxy@3444e23, pid:30850,mApp:null
03-18 17:06:25.839  1242  4999 V ActivityManager: Death received in com.android.server.am.ActivityManagerService$AppDeathRecipient@7d1301c for thread android.os.BinderProxy@2623425, mPid:30296,mApp:ProcessRecord{bd221ac 30296:com.google.process.gapps/u0a98}
03-18 17:06:25.839  1242  4999 I ActivityManager: Process com.google.process.gapps (pid 30296) has died: cch+45 CEM 
03-18 17:06:25.952  1242  6688 V ActivityManager: Death received in com.android.server.am.ActivityManagerService$AppDeathRecipient@ba852ee for thread android.os.BinderProxy@204038f, mPid:27996,mApp:ProcessRecord{74ecf57 27996:com.google.process.gservices/u0a98}
03-18 17:06:25.952  1242  6688 I ActivityManager: Process com.google.process.gservices (pid 27996) has died: cch+35 CEM 
03-18 17:06:26.159  1242  2246 V ActivityManager: Death received in com.android.server.am.ActivityManagerService$AppDeathRecipient@9e97aab for thread android.os.BinderProxy@70b8508, mPid:30506,mApp:ProcessRecord{4a327e4 30506:sinet.startup.inDriver/u0a197}
03-18 17:06:26.159  1242  2246 I ActivityManager: Process sinet.startup.inDriver (pid 30506) has died: cch+25 CEM 
03-18 17:06:26.169  1242  2246 I ActivityManager: Killing 30805:com.google.android.webview:sandboxed_process0:org.chromium.content.app.SandboxedProcessService0:0/u0a197i219 (adj 0): isolated not needed
03-18 17:06:26.218  1242  3997 V ActivityManager: Death received in com.android.server.am.ActivityManagerService$AppDeathRecipient@615ef9f for thread android.os.BinderProxy@a53a8ec, mPid:30805,mApp:ProcessRecord{f7ba462 30805:com.google.android.webview:sandboxed_process0:org.chromium.content.app.SandboxedProcessService0:0/u0a197i219}
03-18 17:06:40.862  1242  1269 I ActivityManager: Start proc 30912:sinet.startup.inDriver/u0a197 for service {sinet.startup.inDriver/com.google.android.datatransport.runtime.scheduling.jobscheduling.JobInfoSchedulerService}
03-18 17:06:41.045  1242  3035 V ActivityManager: New death recipient com.android.server.am.ActivityManagerService$AppDeathRecipient@43d7c74 for thread android.os.BinderProxy@fd1859d, pid:30912,mApp:null
03-18 17:06:58.835  1242  1242 W JobServiceContext: Time-out while trying to bind f05bdfe #u0a197/-1228263001 sinet.startup.inDriver/com.google.android.datatransport.runtime.scheduling.jobscheduling.JobInfoSchedulerService, dropping.
03-18 17:07:02.983  1242  3035 V SettingsProvider: packageValueForCallResult, name = sqlite_compatibility_wal_flags, value : Bundle[{_track_generation=android.util.MemoryIntArray@71, value=, _generation_index=0, _generation=33}]
03-18 17:07:13.169  1242  5914 V SettingsProvider: packageValueForCallResult, name = android_id, value : Bundle[{_track_generation=android.util.MemoryIntArray@71, value=e007919c303c8daf, _generation_index=2, _generation=30}]
03-18 17:07:13.874  1242  1269 I ActivityManager: Start proc 31072:com.google.android.webview:sandboxed_process0:org.chromium.content.app.SandboxedProcessService0:0/u0i220 for  {sinet.startup.inDriver/org.chromium.content.app.SandboxedProcessService0:0}
03-18 17:07:13.907  1242  3997 V ActivityManager: New death recipient com.android.server.am.ActivityManagerService$AppDeathRecipient@de0440b for thread android.os.BinderProxy@8ba82e8, pid:31072,mApp:null
03-18 17:07:17.882  1242  1269 I ActivityManager: Start proc 31161:com.google.process.gservices/u0a98 for content provider {com.google.android.gsf/com.google.android.gsf.gservices.GservicesProvider}
03-18 17:07:17.933  1242  3997 V ActivityManager: New death recipient com.android.server.am.ActivityManagerService$AppDeathRecipient@a3780a2 for thread android.os.BinderProxy@21f5133, pid:31161,mApp:null
03-18 17:07:17.990  1242  3035 V ActivityManager: Death received in com.android.server.am.ActivityManagerService$AppDeathRecipient@f9d7a90 for thread android.os.BinderProxy@cc53f89, mPid:30665,mApp:ProcessRecord{1d31269 30665:com.google.android.permissioncontroller/u0a94}
03-18 17:07:17.990  1242  3035 I ActivityManager: Process com.google.android.permissioncontroller (pid 30665) has died: cch+55 CEM 
03-18 17:07:18.054  1242  3035 V SettingsProvider: packageValueForCallResult, name = sqlite_compatibility_wal_flags, value : Bundle[{_track_generation=android.util.MemoryIntArray@71, value=, _generation_index=0, _generation=33}]
03-18 17:07:18.242  1242  3997 D MtkConnectivityService: ConnectivityService NetworkRequestInfo binderDied(NetworkRequest [ TRACK_DEFAULT id=5207, [ Capabilities: INTERNET&NOT_RESTRICTED&TRUSTED Uid: 10058] ], android.os.BinderProxy@201a5a1)
03-18 17:07:18.242  1242  5914 V ActivityManager: Death received in com.android.server.am.ActivityManagerService$AppDeathRecipient@d274bbf for thread android.os.BinderProxy@789a28c, mPid:30454,mApp:ProcessRecord{626dc16 30454:com.android.vending:background/u0a58}
03-18 17:07:18.243  1242  5914 I ActivityManager: Process com.android.vending:background (pid 30454) has died: cch+45 CEM 
03-18 17:07:18.243  1242  1894 D MtkConnectivityService: releasing NetworkRequest [ TRACK_DEFAULT id=5207, [ Capabilities: INTERNET&NOT_RESTRICTED&TRUSTED Uid: 10058] ] (release request)
03-18 17:08:01.057  1242 29916 W ActivityManager: Ignoring remove of inactive process: ProcessRecord{b4291e1 0:sinet.startup.inDriver/u0a197}
03-18 17:08:04.699  1242  6950 I ActivityTaskManager: START u0 {act=android.intent.action.MAIN cat=[android.intent.category.LAUNCHER] flg=0x10200000 cmp=com.example.oomapp/.MainActivity bnds=[158,722][293,896]} from uid 10086
03-18 17:08:04.826  1242  1269 I ActivityManager: Start proc 31211:com.example.oomapp/u0a199 for activity {com.example.oomapp/com.example.oomapp.MainActivity}
03-18 17:08:04.907  1242  6950 V ActivityManager: New death recipient com.android.server.am.ActivityManagerService$AppDeathRecipient@e94bec8 for thread android.os.BinderProxy@e265b61, pid:31211,mApp:null
03-18 17:08:04.968  1242  3030 W ActivityTaskManager: getTaskSnapshot: taskId=463 not found
03-18 17:08:07.036  1242  3997 V SettingsProvider: packageValueForCallResult, name = null, value : Bundle[{_track_generation=android.util.MemoryIntArray@71, value=null, _generation_index=0, _generation=33}]
03-18 17:08:07.241  1242  3997 E WindowManager: App trying to use insecure INPUT_FEATURE_NO_INPUT_CHANNEL flag. Ignoring
03-18 17:08:08.639  1242  3997 I WindowManager: Relayout Window{fb72da4 u0 com.example.oomapp/com.example.oomapp.MainActivity}: oldVis=4 newVis=0 focusMayChange = true
03-18 17:08:09.178  1242  1894 D MtkConnectivityService: releasing NetworkRequest [ TRACK_DEFAULT id=5203, [ Capabilities: INTERNET&NOT_RESTRICTED&TRUSTED Uid: 10066] ] (release request)
03-18 17:08:54.180  1242  3030 D MtkConnectivityService: requestNetwork for uid/pid:10066/29260 NetworkRequest [ TRACK_DEFAULT id=5208, [ Capabilities: INTERNET&NOT_RESTRICTED&TRUSTED Uid: 10066] ]
03-18 17:08:54.417  1242  1269 I ActivityManager: Start proc 31317:com.google.android.apps.photos/u0a117 for service {com.google.android.apps.photos/androidx.work.impl.background.systemjob.SystemJobService}
03-18 17:08:54.458  1242  7070 V ActivityManager: New death recipient com.android.server.am.ActivityManagerService$AppDeathRecipient@ee655e8 for thread android.os.BinderProxy@faf7401, pid:31317,mApp:null
03-18 17:08:54.837  1242  1269 I ActivityManager: Start proc 31347:com.google.android.webview:sandboxed_process0:org.chromium.content.app.SandboxedProcessService0:0/u0i221 for  {com.google.android.googlequicksearchbox/org.chromium.content.app.SandboxedProcessService0:0}
03-18 17:08:54.884  1242  3030 V ActivityManager: New death recipient com.android.server.am.ActivityManagerService$AppDeathRecipient@d2681ad for thread android.os.BinderProxy@db61ce2, pid:31347,mApp:null
03-18 17:08:55.223  1242  7070 D MtkConnectivityService: requestNetwork for uid/pid:10117/31317 NetworkRequest [ TRACK_DEFAULT id=5209, [ Capabilities: INTERNET&NOT_RESTRICTED&TRUSTED Uid: 10117] ]
03-18 17:08:55.228  1242  3997 V SettingsProvider: packageValueForCallResult, name = sqlite_compatibility_wal_flags, value : Bundle[{_track_generation=android.util.MemoryIntArray@71, value=, _generation_index=0, _generation=33}]
03-18 17:08:55.375  1242  7070 I ActivityManager: Killing 31072:com.google.android.webview:sandboxed_process0:org.chromium.content.app.SandboxedProcessService0:0/u0a197i220 (adj 945): empty #9
03-18 17:08:55.403  1242  7070 V ActivityManager: Death received in com.android.server.am.ActivityManagerService$AppDeathRecipient@de0440b for thread android.os.BinderProxy@8ba82e8, mPid:31072,mApp:ProcessRecord{380f09e 31072:com.google.android.webview:sandboxed_process0:org.chromium.content.app.SandboxedProcessService0:0/u0a197i220}
03-18 17:08:55.403  1242  7070 W ActivityManager: Scheduling restart of crashed service sinet.startup.inDriver/org.chromium.content.app.SandboxedProcessService0:0 in 1000ms
03-18 17:08:55.750  1242  7070 D MtkConnectivityService: requestNetwork for uid/pid:10066/29260 NetworkRequest [ TRACK_DEFAULT id=5210, [ Capabilities: INTERNET&NOT_RESTRICTED&TRUSTED Uid: 10066] ]
03-18 17:08:55.780  1242  7070 W UriGrantsManagerService: No permission grants found for com.google.android.apps.photos
03-18 17:08:55.781  1242  7070 W UriGrantsManagerService: No permission grants found for com.google.android.apps.photos
03-18 17:08:55.868  1242  2246 V ActivityManager: Death received in com.android.server.am.ActivityManagerService$AppDeathRecipient@43d7c74 for thread android.os.BinderProxy@fd1859d, mPid:30912,mApp:ProcessRecord{1bc7d1 30912:sinet.startup.inDriver/u0a197}
03-18 17:08:55.868  1242  2246 I ActivityManager: Process sinet.startup.inDriver (pid 30912) has died: cch+55 CEM 
03-18 17:08:55.918  1242  7070 W UriGrantsManagerService: No permission grants found for com.google.android.apps.photos
03-18 17:08:56.001  1242  7070 I chatty  : uid=1000(system) Binder:1242_1B identical 2 lines
03-18 17:08:56.001  1242  7070 W UriGrantsManagerService: No permission grants found for com.google.android.apps.photos
03-18 17:09:13.798  1242  1269 I ActivityManager: Start proc 31459:com.google.android.partnersetup/u0a76 for service {com.google.android.partnersetup/com.google.android.partnersetup.InstalledAppJobService}
03-18 17:09:13.879  1242  3997 V ActivityManager: New death recipient com.android.server.am.ActivityManagerService$AppDeathRecipient@12a643b for thread android.os.BinderProxy@a38d758, pid:31459,mApp:null
03-18 17:09:13.879  1242  1272 E BatteryExternalStatsWorker: no controller energy info supplied for bluetooth
03-18 17:09:14.058  1242  2246 V SettingsProvider: packageValueForCallResult, name = sqlite_compatibility_wal_flags, value : Bundle[{_track_generation=android.util.MemoryIntArray@71, value=, _generation_index=0, _generation=33}]
03-18 17:09:15.484  1242  1269 I ActivityManager: Start proc 31488:com.google.android.apps.turbo:aab/u0a92 for service {com.google.android.apps.turbo/com.google.android.libraries.smartbattery.appusage.library.InferAppBucketsJob}
03-18 17:09:15.773  1242  6950 V ActivityManager: New death recipient com.android.server.am.ActivityManagerService$AppDeathRecipient@193062a for thread android.os.BinderProxy@5f69c1b, pid:31488,mApp:null
03-18 17:09:16.198  1242  6950 V SettingsProvider: packageValueForCallResult, name = app_standby_enabled, value : Bundle[{_track_generation=android.util.MemoryIntArray@71, value=1, _generation_index=0, _generation=33}]
03-18 17:09:21.219  1242  6950 I ActivityManager: Killing 30168:com.android.vending/u0a58 (adj 975): empty #9
03-18 17:09:21.317  1242  6950 D MtkConnectivityService: ConnectivityService NetworkRequestInfo binderDied(NetworkRequest [ TRACK_DEFAULT id=5206, [ Capabilities: INTERNET&NOT_RESTRICTED&TRUSTED Uid: 10058] ], android.os.BinderProxy@d5b8c56)
03-18 17:09:21.318  1242  6950 D MtkConnectivityService: ConnectivityService NetworkRequestInfo binderDied(NetworkRequest [ LISTEN id=5205, [ Capabilities: INTERNET&NOT_RESTRICTED&TRUSTED Uid: 10058] ], android.os.BinderProxy@54124d7)
03-18 17:09:21.318  1242  2246 D MtkConnectivityService: ConnectivityService NetworkRequestInfo binderDied(NetworkRequest [ TRACK_DEFAULT id=5204, [ Capabilities: INTERNET&NOT_RESTRICTED&TRUSTED Uid: 10058] ], android.os.BinderProxy@b4061c4)
03-18 17:09:21.318  1242  6950 V ActivityManager: Death received in com.android.server.am.ActivityManagerService$AppDeathRecipient@99a3183 for thread android.os.BinderProxy@f2f00, mPid:30168,mApp:ProcessRecord{aebbbab 30168:com.android.vending/u0a58}
03-18 17:09:21.320  1242  1894 D MtkConnectivityService: releasing NetworkRequest [ TRACK_DEFAULT id=5206, [ Capabilities: INTERNET&NOT_RESTRICTED&TRUSTED Uid: 10058] ] (release request)
03-18 17:09:21.322  1242  1894 D MtkConnectivityService: releasing NetworkRequest [ TRACK_DEFAULT id=5204, [ Capabilities: INTERNET&NOT_RESTRICTED&TRUSTED Uid: 10058] ] (release request)
03-18 17:09:57.621  1242  1269 I ActivityManager: Start proc 31524:com.google.android.apps.youtube.music/u0a127 for service {com.google.android.apps.youtube.music/androidx.work.impl.background.systemjob.SystemJobService}
03-18 17:09:57.690  1242  1254 V ActivityManager: New death recipient com.android.server.am.ActivityManagerService$AppDeathRecipient@9bef1c7 for thread android.os.BinderProxy@ae1c3f4, pid:31524,mApp:null
03-18 17:09:58.494  1242  1268 W BroadcastQueue: Permission Denial: broadcasting Intent { act=android.net.conn.CONNECTIVITY_CHANGE flg=0x4200010 (has extras) } from null (pid=-1, uid=-1) requires com.google.android.apps.youtube.music.DYNAMIC_RECEIVER_NOT_EXPORTED_PERMISSION due to registered receiver BroadcastFilter{5abb545 10127/u0 ReceiverList{d7981bc 31524 com.google.android.apps.youtube.music/10127/u0 remote:5b69af}}
03-18 17:09:58.554  1242  3021 D MtkConnectivityService: requestNetwork for uid/pid:10127/31524 NetworkRequest [ TRACK_DEFAULT id=5212, [ Capabilities: INTERNET&NOT_RESTRICTED&TRUSTED Uid: 10127] ]
03-18 17:09:58.561  1242  4630 D MtkConnectivityService: requestNetwork for uid/pid:10127/31524 NetworkRequest [ TRACK_DEFAULT id=5213, [ Capabilities: INTERNET&NOT_RESTRICTED&TRUSTED Uid: 10127] ]
03-18 17:09:58.582  1242  4630 V SettingsProvider: packageValueForCallResult, name = sqlite_compatibility_wal_flags, value : Bundle[{_track_generation=android.util.MemoryIntArray@71, value=, _generation_index=0, _generation=33}]
03-18 17:09:58.700  1242  1894 D MtkConnectivityService: Blocked status changed to false for 10127(5212) on netId 102
03-18 17:09:58.701  1242  1894 D MtkConnectivityService: Blocked status changed to false for 10127(5213) on netId 102
03-18 17:09:58.701  1242  1894 D MtkConnectivityService: Blocked status changed to false for 10127(5214) on netId 102
03-18 17:09:58.752  1242  1894 D MtkConnectivityService: Blocked status changed to true for 10127(5212) on netId 102
03-18 17:09:58.753  1242  1894 D MtkConnectivityService: Blocked status changed to true for 10127(5213) on netId 102
03-18 17:09:58.753  1242  1894 D MtkConnectivityService: Blocked status changed to true for 10127(5214) on netId 102
03-18 17:09:58.753  1242  4630 D MtkConnectivityService: requestNetwork for uid/pid:10127/31524 NetworkRequest [ TRACK_DEFAULT id=5215, [ Capabilities: INTERNET&NOT_RESTRICTED&TRUSTED Uid: 10127] ]
03-18 17:09:58.755  1242  1894 D MtkConnectivityService: Blocked status changed to false for 10127(5212) on netId 102
03-18 17:09:58.755  1242  1894 D MtkConnectivityService: Blocked status changed to false for 10127(5213) on netId 102
03-18 17:09:58.756  1242  1894 D MtkConnectivityService: Blocked status changed to false for 10127(5214) on netId 102
03-18 17:09:58.757  1242  1894 D MtkConnectivityService: Blocked status changed to false for 10127(5215) on netId 102
03-18 17:09:58.826  1242  1894 D MtkConnectivityService: Blocked status changed to true for 10127(5212) on netId 102
03-18 17:09:58.827  1242  1894 D MtkConnectivityService: Blocked status changed to true for 10127(5213) on netId 102
03-18 17:09:58.828  1242  1894 D MtkConnectivityService: Blocked status changed to true for 10127(5214) on netId 102
03-18 17:09:58.829  1242  1894 D MtkConnectivityService: Blocked status changed to true for 10127(5215) on netId 102
03-18 17:09:58.832  1242  1254 I ActivityManager: Killing 31347:com.google.android.webview:sandboxed_process0:org.chromium.content.app.SandboxedProcessService0:0/u0a66i221 (adj 955): empty #9
03-18 17:09:58.857  1242  3021 V ActivityManager: Death received in com.android.server.am.ActivityManagerService$AppDeathRecipient@d2681ad for thread android.os.BinderProxy@db61ce2, mPid:31347,mApp:ProcessRecord{5b834b9 31347:com.google.android.webview:sandboxed_process0:org.chromium.content.app.SandboxedProcessService0:0/u0a66i221}
03-18 17:09:58.858  1242  3021 W ActivityManager: Scheduling restart of crashed service com.google.android.googlequicksearchbox/org.chromium.content.app.SandboxedProcessService0:0 in 1000ms
03-18 17:09:58.890  1242  1272 D KernelCpuUidUserSysTimeReader: Removing uids 99217-99217
03-18 17:09:59.222  1242  3021 D MtkConnectivityService: requestNetwork for uid/pid:10127/31524 NetworkRequest [ TRACK_DEFAULT id=5216, [ Capabilities: INTERNET&NOT_RESTRICTED&TRUSTED Uid: 10127] ]
03-18 17:09:59.296  1242  2209 V SettingsProvider: packageValueForCallResult, name = null, value : Bundle[{_track_generation=android.util.MemoryIntArray@71, value=null, _generation_index=2, _generation=30}]
03-18 17:09:59.551  1242  1894 D MtkConnectivityService: releasing NetworkRequest [ TRACK_DEFAULT id=5216, [ Capabilities: INTERNET&NOT_RESTRICTED&TRUSTED Uid: 10127] ] (release request)
03-18 17:09:59.658  1242  1254 V SettingsProvider: packageValueForCallResult, name = null, value : Bundle[{_track_generation=android.util.MemoryIntArray@71, value=null, _generation_index=3, _generation=88}]
03-18 17:10:06.173  1242  1254 D MtkConnectivityService: requestNetwork for uid/pid:10066/29260 NetworkRequest [ TRACK_DEFAULT id=5217, [ Capabilities: INTERNET&NOT_RESTRICTED&TRUSTED Uid: 10066] ]
03-18 17:10:10.541  1242  1894 D MtkConnectivityService: releasing NetworkRequest [ TRACK_DEFAULT id=5217, [ Capabilities: INTERNET&NOT_RESTRICTED&TRUSTED Uid: 10066] ] (release request)
03-18 17:10:59.373  1242  3021 D MtkConnectivityService: requestNetwork for uid/pid:10127/31524 NetworkRequest [ TRACK_DEFAULT id=5218, [ Capabilities: INTERNET&NOT_RESTRICTED&TRUSTED Uid: 10127] ]
03-18 17:10:59.513  1242  1894 D MtkConnectivityService: releasing NetworkRequest [ TRACK_DEFAULT id=5218, [ Capabilities: INTERNET&NOT_RESTRICTED&TRUSTED Uid: 10127] ] (release request)
03-18 17:12:20.623  1242  2225 I ActivityTaskManager: START u0 {act=com.google.android.gms.octarine.VIEW flg=0x18080000 cmp=com.google.android.gms/.octarine.ui.OctarineWebviewActivity (has extras)} from uid 10098
03-18 17:12:20.711  1242  1269 I ActivityManager: Start proc 31726:com.google.android.gms.ui/u0a98 for activity {com.google.android.gms/com.google.android.gms.octarine.ui.OctarineWebviewActivity}
03-18 17:12:20.740  1242  2209 V ActivityManager: New death recipient com.android.server.am.ActivityManagerService$AppDeathRecipient@ff137c1 for thread android.os.BinderProxy@8f7bb66, pid:31726,mApp:null
03-18 17:12:21.720  1242  2209 V SettingsProvider: packageValueForCallResult, name = null, value : Bundle[{_track_generation=android.util.MemoryIntArray@71, value=null, _generation_index=0, _generation=33}]
03-18 17:12:22.354  1242  4630 V SettingsProvider: packageValueForCallResult, name = null, value : Bundle[{_track_generation=android.util.MemoryIntArray@71, value=null, _generation_index=3, _generation=88}]
03-18 17:12:22.382  1242  4630 D MtkConnectivityService: requestNetwork for uid/pid:10098/31726 NetworkRequest [ TRACK_DEFAULT id=5219, [ Capabilities: INTERNET&NOT_RESTRICTED&TRUSTED Uid: 10098] ]
03-18 17:12:22.677  1242  2209 E WindowManager: App trying to use insecure INPUT_FEATURE_NO_INPUT_CHANNEL flag. Ignoring
03-18 17:12:22.713  1242  3021 V SettingsProvider: packageValueForCallResult, name = default_input_method, value : Bundle[{_track_generation=android.util.MemoryIntArray@71, value=com.google.android.inputmethod.latin/com.android.inputmethod.latin.LatinIME, _generation_index=2, _generation=30}]
03-18 17:12:22.725  1242  2209 I WindowManager: Relayout Window{a5bdeb1 u0 com.google.android.gms/com.google.android.gms.octarine.ui.OctarineWebviewActivity}: oldVis=4 newVis=0 focusMayChange = true
03-18 17:12:24.082  1242  1269 I ActivityManager: Start proc 31827:com.google.android.webview:sandboxed_process0:org.chromium.content.app.SandboxedProcessService0:1/u0i222 for  {com.google.android.gms/org.chromium.content.app.SandboxedProcessService0:1}
03-18 17:12:24.105  1242  4631 V ActivityManager: New death recipient com.android.server.am.ActivityManagerService$AppDeathRecipient@9d183a6 for thread android.os.BinderProxy@cb5d1e7, pid:31827,mApp:null
03-18 17:12:26.672  1242  4631 I WindowManager: Relayout Window{fb72da4 u0 com.example.oomapp/com.example.oomapp.MainActivity}: oldVis=4 newVis=0 focusMayChange = true
03-18 17:12:29.461  1242  3021 I ActivityTaskManager: START u0 {act=android.intent.action.MAIN cat=[android.intent.category.HOME] flg=0x10000000 cmp=com.motorola.launcher3/com.android.launcher3.CustomizationPanelLauncher (has extras)} from uid 10086
03-18 17:12:29.501  1242  2209 W ActivityTaskManager: getTaskSnapshot: taskId=448 not found
03-18 17:12:29.512  1242  4630 I WindowManager: Relayout Window{5430e63 u0 (1-1)-Window{9527bcc alpha=1.0 fl=}}: oldVis=8 newVis=0 focusMayChange = true
03-18 17:12:29.543  1242  2225 I WindowManager: Relayout Window{bee6c41 u0 com.motorola.launcher3/com.android.launcher3.CustomizationPanelLauncher}: oldVis=8 newVis=0 focusMayChange = true
03-18 17:12:29.573  1242  1269 I ActivityManager: Start proc 31877:com.motorola.timeweatherwidget/u0a123 for content provider {com.motorola.timeweatherwidget/com.motorola.commandcenter.weather.AssistReceiver}
03-18 17:12:29.644  1242  2209 V ActivityManager: New death recipient com.android.server.am.ActivityManagerService$AppDeathRecipient@5c91290 for thread android.os.BinderProxy@5a4f789, pid:31877,mApp:null
03-18 17:12:29.723  1242  1269 I ActivityManager: Start proc 31897:com.google.android.apps.messaging/u0a124 for service {com.google.android.apps.messaging/androidx.work.impl.background.systemjob.SystemJobService}
03-18 17:12:29.766  1242  2209 V ActivityManager: New death recipient com.android.server.am.ActivityManagerService$AppDeathRecipient@91c0d43 for thread android.os.BinderProxy@1ce3fc0, pid:31897,mApp:null
03-18 17:12:30.013  1242  1269 I ActivityManager: Start proc 31921:com.android.providers.calendar/u0a59 for content provider {com.android.providers.calendar/com.android.providers.calendar.CalendarProvider2}
03-18 17:12:30.044  1242  3021 V ActivityManager: New death recipient com.android.server.am.ActivityManagerService$AppDeathRecipient@c39edfa for thread android.os.BinderProxy@488afab, pid:31921,mApp:null
03-18 17:12:30.120  1242  3021 V SettingsProvider: packageValueForCallResult, name = sqlite_compatibility_wal_flags, value : Bundle[{_track_generation=android.util.MemoryIntArray@71, value=, _generation_index=0, _generation=33}]
03-18 17:12:30.289  1242  2209 V SettingsProvider: packageValueForCallResult, name = sqlite_compatibility_wal_flags, value : Bundle[{_track_generation=android.util.MemoryIntArray@71, value=, _generation_index=0, _generation=33}]
03-18 17:12:30.586  1242  4630 V SettingsProvider: packageValueForCallResult, name = sqlite_compatibility_wal_flags, value : Bundle[{_track_generation=android.util.MemoryIntArray@71, value=, _generation_index=0, _generation=33}]
03-18 17:12:30.662  1242  1263 I WindowManager: Relayout Window{e3fac29 u0 SnapshotStartingWindow for taskId=465}: oldVis=8 newVis=0 focusMayChange = true
03-18 17:12:30.695  1242  4630 I WindowManager: Relayout Window{fb72da4 u0 com.example.oomapp/com.example.oomapp.MainActivity}: oldVis=4 newVis=0 focusMayChange = true
03-18 17:12:31.006  1242  1254 I ActivityManager: Killing 31317:com.google.android.apps.photos/u0a117 (adj 975): empty #9
03-18 17:12:31.039  1242  2184 D MtkConnectivityService: ConnectivityService NetworkRequestInfo binderDied(NetworkRequest [ TRACK_DEFAULT id=5209, [ Capabilities: INTERNET&NOT_RESTRICTED&TRUSTED Uid: 10117] ], android.os.BinderProxy@b511b7a)
