03-18 17:12:31.039  1242  1894 D MtkConnectivityService: releasing NetworkRequest [ TRACK_DEFAULT id=5209, [ Capabilities: INTERNET&NOT_RESTRICTED&TRUSTED Uid: 10117] ] (release request)
03-18 17:12:31.039  1242  9626 V ActivityManager: Death received in com.android.server.am.ActivityManagerService$AppDeathRecipient@ee655e8 for thread android.os.BinderProxy@faf7401, mPid:31317,mApp:ProcessRecord{1aba6c0 31317:com.google.android.apps.photos/u0a117}
03-18 17:12:31.355  1242  2231 W ActivityManager: Background start not allowed: service Intent { cmp=com.google.android.apps.messaging/com.google.apps.tiktok.concurrent.AndroidFuturesService (has extras) } to com.google.android.apps.messaging/com.google.apps.tiktok.concurrent.AndroidFuturesService from pid=31897 uid=10124 pkg=com.google.android.apps.messaging startFg?=false
03-18 17:12:32.529  1242  1894 D MtkConnectivityService: releasing NetworkRequest [ TRACK_DEFAULT id=5219, [ Capabilities: INTERNET&NOT_RESTRICTED&TRUSTED Uid: 10098] ] (release request)
03-18 17:12:32.574  1242  9626 I ActivityManager: Killing 31827:com.google.android.webview:sandboxed_process0:org.chromium.content.app.SandboxedProcessService0:1/u0a98i222 (adj 0): isolated not needed
03-18 17:12:32.623  1242  9626 V ActivityManager: Death received in com.android.server.am.ActivityManagerService$AppDeathRecipient@9d183a6 for thread android.os.BinderProxy@cb5d1e7, mPid:31827,mApp:ProcessRecord{fd7b392 31827:com.google.android.webview:sandboxed_process0:org.chromium.content.app.SandboxedProcessService0:1/u0a98i222}
03-18 17:12:32.652  1242  1272 D KernelCpuUidUserSysTimeReader: Removing uids 99218-99218
03-18 17:12:32.653  1242  1272 D KernelCpuUidUserSysTimeReader: Removing uids 99219-99219
03-18 17:12:37.685  1242  4631 I ActivityManager: Killing 31459:com.google.android.partnersetup/u0a76 (adj 965): empty #9
03-18 17:12:37.724  1242  4198 V ActivityManager: Death received in com.android.server.am.ActivityManagerService$AppDeathRecipient@12a643b for thread android.os.BinderProxy@a38d758, mPid:31459,mApp:ProcessRecord{6bcc688 31459:com.google.android.partnersetup/u0a76}
03-18 17:12:45.673  1242  3035 W ActivityManager: Background start not allowed: service Intent { cmp=com.google.android.apps.messaging/.shared.datamodel.action.execution.ActionExecutorImpl$EmptyService } to com.google.android.apps.messaging/.shared.datamodel.action.execution.ActionExecutorImpl$EmptyService from pid=31897 uid=10124 pkg=com.google.android.apps.messaging startFg?=false
03-18 17:12:45.725  1242  4198 I ActivityManager: Killing 31488:com.google.android.apps.turbo:aab/u0a92 (adj 955): empty #9
03-18 17:12:45.754  1242  4631 V ActivityManager: Death received in com.android.server.am.ActivityManagerService$AppDeathRecipient@193062a for thread android.os.BinderProxy@5f69c1b, mPid:31488,mApp:ProcessRecord{6a478fc 31488:com.google.android.apps.turbo:aab/u0a92}
03-18 17:12:45.812  1242  3035 W ActivityManager: Background start not allowed: service Intent { cmp=com.google.android.apps.messaging/.shared.datamodel.action.execution.ActionExecutorImpl$EmptyService } to com.google.android.apps.messaging/.shared.datamodel.action.execution.ActionExecutorImpl$EmptyService from pid=31897 uid=10124 pkg=com.google.android.apps.messaging startFg?=false
03-18 17:12:46.491  1242  1267 I ProcessStatsService: Pruning old procstats: /data/system/procstats/state-2025-03-14-21-45-42.bin
03-18 17:12:51.460  1242  3035 I ActivityManager: Killing 31524:com.google.android.apps.youtube.music/u0a127 (adj 975): empty #9
03-18 17:12:51.545  1242  2184 D MtkConnectivityService: ConnectivityService NetworkRequestInfo binderDied(NetworkRequest [ TRACK_DEFAULT id=5213, [ Capabilities: INTERNET&NOT_RESTRICTED&TRUSTED Uid: 10127] ], android.os.BinderProxy@b915bee)
03-18 17:12:51.545  1242  4198 D MtkConnectivityService: ConnectivityService NetworkRequestInfo binderDied(NetworkRequest [ TRACK_DEFAULT id=5212, [ Capabilities: INTERNET&NOT_RESTRICTED&TRUSTED Uid: 10127] ], android.os.BinderProxy@f326569)
03-18 17:12:51.546  1242  5864 D MtkConnectivityService: ConnectivityService NetworkRequestInfo binderDied(NetworkRequest [ LISTEN id=5214, [ Capabilities: INTERNET&NOT_RESTRICTED&TRUSTED&FOREGROUND Uid: 10127] ], android.os.BinderProxy@efad88f)
03-18 17:12:51.546  1242  4198 V ActivityManager: Death received in com.android.server.am.ActivityManagerService$AppDeathRecipient@9bef1c7 for thread android.os.BinderProxy@ae1c3f4, mPid:31524,mApp:ProcessRecord{48f7284 31524:com.google.android.apps.youtube.music/u0a127}
03-18 17:12:51.548  1242  4631 D MtkConnectivityService: ConnectivityService NetworkRequestInfo binderDied(NetworkRequest [ TRACK_DEFAULT id=5215, [ Capabilities: INTERNET&NOT_RESTRICTED&TRUSTED Uid: 10127] ], android.os.BinderProxy@c63f71c)
03-18 17:12:51.550  1242  1894 D MtkConnectivityService: releasing NetworkRequest [ TRACK_DEFAULT id=5212, [ Capabilities: INTERNET&NOT_RESTRICTED&TRUSTED Uid: 10127] ] (release request)
03-18 17:12:51.553  1242  1894 D MtkConnectivityService: releasing NetworkRequest [ TRACK_DEFAULT id=5213, [ Capabilities: INTERNET&NOT_RESTRICTED&TRUSTED Uid: 10127] ] (release request)
03-18 17:12:51.561  1242  1894 D MtkConnectivityService: releasing NetworkRequest [ TRACK_DEFAULT id=5215, [ Capabilities: INTERNET&NOT_RESTRICTED&TRUSTED Uid: 10127] ] (release request)
03-18 17:12:51.669  1242  4198 W ActivityManager: Background start not allowed: service Intent { cmp=com.google.android.apps.messaging/.shared.datamodel.action.execution.ActionExecutorImpl$EmptyService } to com.google.android.apps.messaging/.shared.datamodel.action.execution.ActionExecutorImpl$EmptyService from pid=31897 uid=10124 pkg=com.google.android.apps.messaging startFg?=false
03-18 17:12:51.683  1242  1344 W ActivityManager: Background start not allowed: service Intent { cmp=com.google.android.apps.messaging/.shared.datamodel.action.execution.ActionExecutorImpl$EmptyService } to com.google.android.apps.messaging/.shared.datamodel.action.execution.ActionExecutorImpl$EmptyService from pid=31897 uid=10124 pkg=com.google.android.apps.messaging startFg?=false
03-18 17:12:51.790  1242  4198 W ActivityManager: Background start not allowed: service Intent { cmp=com.google.android.apps.messaging/.shared.datamodel.action.execution.ActionExecutorImpl$EmptyService } to com.google.android.apps.messaging/.shared.datamodel.action.execution.ActionExecutorImpl$EmptyService from pid=31897 uid=10124 pkg=com.google.android.apps.messaging startFg?=false
03-18 17:12:51.954  1242  1269 I ActivityManager: Start proc 32025:android.process.acore/u0a45 for content provider {com.android.providers.contacts/com.android.providers.contacts.ContactsProvider2}
03-18 17:12:51.998  1242  4198 V ActivityManager: New death recipient com.android.server.am.ActivityManagerService$AppDeathRecipient@864fac6 for thread android.os.BinderProxy@28b4a87, pid:32025,mApp:null
03-18 17:12:52.005  1242  4198 I ActivityManager: Killing 30850:com.google.android.webview:webview_service/u0a110 (adj 975): empty #9
03-18 17:12:52.039  1242  2226 V ActivityManager: Death received in com.android.server.am.ActivityManagerService$AppDeathRecipient@b6f9b52 for thread android.os.BinderProxy@3444e23, mPid:30850,mApp:ProcessRecord{a0730d9 30850:com.google.android.webview:webview_service/u0a110}
03-18 17:12:52.203  1242  2226 V SettingsProvider: packageValueForCallResult, name = sqlite_compatibility_wal_flags, value : Bundle[{_track_generation=android.util.MemoryIntArray@71, value=, _generation_index=0, _generation=33}]
03-18 17:12:52.208  1242  4631 W ActivityManager: Background start not allowed: service Intent { cmp=com.google.android.apps.messaging/.shared.datamodel.action.execution.ActionExecutorImpl$EmptyService } to com.google.android.apps.messaging/.shared.datamodel.action.execution.ActionExecutorImpl$EmptyService from pid=31897 uid=10124 pkg=com.google.android.apps.messaging startFg?=false
03-18 17:12:52.251  1242  2226 V SettingsProvider: packageValueForCallResult, name = null, value : Bundle[{_track_generation=android.util.MemoryIntArray@71, value=null, _generation_index=1, _generation=5}]
03-18 17:12:52.256 32025 32025 D ActivityThread: Loading provider contacts;com.android.contacts: com.android.providers.contacts.ContactsProvider2
03-18 17:14:32.304  1242  4198 I ActivityManager: Force stopping sinet.startup.inDriver appid=10197 user=0: from pid 32144
03-18 17:14:41.056  1242  1269 I ActivityManager: Start proc 32177:com.android.vending/u0a58 for broadcast {com.android.vending/com.google.android.finsky.verifier.impl.PackageVerificationReceiver}
03-18 17:14:41.096  1242  4198 V ActivityManager: New death recipient com.android.server.am.ActivityManagerService$AppDeathRecipient@9d55278 for thread android.os.BinderProxy@fc4dd51, pid:32177,mApp:null
03-18 17:14:41.566  1242  3010 V SettingsProvider: packageValueForCallResult, name = device_provisioned, value : Bundle[{_track_generation=android.util.MemoryIntArray@71, value=1, _generation_index=0, _generation=33}]
03-18 17:14:41.654  1242  3010 V SettingsProvider: packageValueForCallResult, name = android_id, value : Bundle[{_track_generation=android.util.MemoryIntArray@71, value=85715498b3cd7c07, _generation_index=2, _generation=30}]
03-18 17:14:41.672  1242  4198 D MtkConnectivityService: requestNetwork for uid/pid:10058/32177 NetworkRequest [ TRACK_DEFAULT id=5221, [ Capabilities: INTERNET&NOT_RESTRICTED&TRUSTED Uid: 10058] ]
03-18 17:14:41.719  1242  1269 I ActivityManager: Start proc 32242:com.google.process.gapps/u0a98 for content provider {com.google.android.gsf/com.google.android.gsf.settings.GoogleSettingsProvider}
03-18 17:14:41.753  1242  2184 V ActivityManager: New death recipient com.android.server.am.ActivityManagerService$AppDeathRecipient@87962a2 for thread android.os.BinderProxy@3088b33, pid:32242,mApp:null
03-18 17:14:41.865  1242  2184 V SettingsProvider: packageValueForCallResult, name = sqlite_compatibility_wal_flags, value : Bundle[{_track_generation=android.util.MemoryIntArray@71, value=, _generation_index=0, _generation=33}]
03-18 17:14:41.950 32177 32207 W PackageParser: Unknown element under <manifest>: queries at /data/app/vmdl855202763.tmp/base.apk Binary XML file line #57
03-18 17:14:41.950 32177 32207 W PackageParser: Ignoring duplicate uses-permissions/uses-permissions-sdk-m: android.permission.NFC in package: sinet.startup.inDriver at: Binary XML file line #211
03-18 17:14:41.964 32177 32207 W PackageParser: Unknown element under <service>: property at /data/app/vmdl855202763.tmp/base.apk Binary XML file line #620
03-18 17:14:41.965 32177 32207 W PackageParser: Unknown element under <service>: property at /data/app/vmdl855202763.tmp/base.apk Binary XML file line #799
03-18 17:14:41.968 32177 32207 W PackageParser: Unknown element under <application>: property at /data/app/vmdl855202763.tmp/base.apk Binary XML file line #1259
03-18 17:14:41.969 32177 32207 W PackageParser: No actions in intent filter at /data/app/vmdl855202763.tmp/base.apk Binary XML file line #1401
03-18 17:14:41.969 32177 32207 W PackageParser: No actions in intent filter at /data/app/vmdl855202763.tmp/base.apk Binary XML file line #1409
03-18 17:14:41.969 32177 32207 W PackageParser: No actions in intent filter at /data/app/vmdl855202763.tmp/base.apk Binary XML file line #1417
03-18 17:14:42.035 32177 32207 W SystemConfig: Got exception parsing permissions.
03-18 17:14:42.035 32177 32207 W SystemConfig: org.xmlpull.v1.XmlPullParserException: expected: /permissions read: permission (position:END_TAG </permission>@17:14 in java.io.FileReader@766e624) 
03-18 17:14:42.035 32177 32207 W SystemConfig: 	at com.android.org.kxml2.io.KXmlParser.readEndTag(KXmlParser.java:984)
03-18 17:14:42.035 32177 32207 W SystemConfig: 	at com.android.org.kxml2.io.KXmlParser.next(KXmlParser.java:375)
03-18 17:14:42.035 32177 32207 W SystemConfig: 	at com.android.org.kxml2.io.KXmlParser.next(KXmlParser.java:313)
03-18 17:14:42.035 32177 32207 W SystemConfig: 	at com.android.internal.util.XmlUtils.nextElement(XmlUtils.java:1584)
03-18 17:14:42.035 32177 32207 W SystemConfig: 	at com.android.server.SystemConfig.readPermissionsFromXml(SystemConfig.java:513)
03-18 17:14:42.035 32177 32207 W SystemConfig: 	at com.android.server.SystemConfig.readPermissions(SystemConfig.java:457)
03-18 17:14:42.035 32177 32207 W SystemConfig: 	at com.android.server.SystemConfig.<init>(SystemConfig.java:368)
03-18 17:14:42.035 32177 32207 W SystemConfig: 	at com.android.server.SystemConfig.getInstance(SystemConfig.java:214)
03-18 17:14:42.035 32177 32207 W SystemConfig: 	at android.permission.PermissionManager.<clinit>(PermissionManager.java:52)
03-18 17:14:42.035 32177 32207 W SystemConfig: 	at android.content.pm.PackageParser.parseBaseApkCommon(PackageParser.java:2488)
03-18 17:14:42.035 32177 32207 W SystemConfig: 	at android.content.pm.PackageParser.parseBaseApk(PackageParser.java:1977)
03-18 17:14:42.035 32177 32207 W SystemConfig: 	at android.content.pm.PackageParser.parseBaseApk(PackageParser.java:1342)
03-18 17:14:42.035 32177 32207 W SystemConfig: 	at android.content.pm.PackageParser.parseMonolithicPackage(PackageParser.java:1304)
03-18 17:14:42.035 32177 32207 W SystemConfig: 	at android.content.pm.PackageManager.getPackageArchiveInfo(PackageManager.java:5587)
03-18 17:14:42.035 32177 32207 W SystemConfig: 	at ariv.bg(PG:1)
03-18 17:14:42.035 32177 32207 W SystemConfig: 	at wpo.a(PG:607)
03-18 17:14:42.035 32177 32207 W SystemConfig: 	at azad.a(PG:16)
03-18 17:14:42.035 32177 32207 W SystemConfig: 	at com.google.android.finsky.verifier.impl.installtime.VerifyInstallTask.me(PG:66)
03-18 17:14:42.035 32177 32207 W SystemConfig: 	at aqjv.run(PG:334)
03-18 17:14:42.035 32177 32207 W SystemConfig: 	at java.util.concurrent.ThreadPoolExecutor.runWorker(ThreadPoolExecutor.java:1167)
03-18 17:14:42.035 32177 32207 W SystemConfig: 	at java.util.concurrent.ThreadPoolExecutor$Worker.run(ThreadPoolExecutor.java:641)
03-18 17:14:42.035 32177 32207 W SystemConfig: 	at bbce.run(PG:59)
03-18 17:14:42.035 32177 32207 W SystemConfig: 	at java.lang.Thread.run(Thread.java:919)
03-18 17:14:42.079 32177 32207 I SystemConfig: Non-xml file /system/etc/permissions/pms_sysapp_removable_system_list.txt in /system/etc/permissions directory, ignoring
03-18 17:14:42.082 32177 32207 I SystemConfig: Non-xml file /system/etc/permissions/pms_sysapp_removable_vendor_list.txt in /system/etc/permissions directory, ignoring
03-18 17:14:42.117 32177 32207 W SystemConfig: Tag disallowed-managed-device is unknown in /system/etc/permissions/afw-com.motorola.commandcenter.xml at START_TAG (empty) <disallowed-managed-device package='com.motorola.commandcenter'>@3:70 in java.io.FileReader@efce30c
03-18 17:14:42.128  1242  5203 D MtkConnectivityService: requestNetwork for uid/pid:10058/32177 NetworkRequest [ TRACK_DEFAULT id=5223, [ Capabilities: INTERNET&NOT_RESTRICTED&TRUSTED Uid: 10058] ]
03-18 17:14:42.177 32177 32207 W SystemConfig: No directory /product_services/etc/sysconfig, skipping
03-18 17:14:42.177 32177 32207 W SystemConfig: No directory /product_services/etc/permissions, skipping
03-18 17:14:44.038  1242  1288 W PackageParser: Unknown element under <manifest>: queries at /data/app/vmdl855202763.tmp/base.apk Binary XML file line #57
03-18 17:14:44.039  1242  1288 W PackageParser: Ignoring duplicate uses-permissions/uses-permissions-sdk-m: android.permission.NFC in package: sinet.startup.inDriver at: Binary XML file line #211
03-18 17:14:44.041  1242  1288 W PackageParser: Unknown element under <service>: property at /data/app/vmdl855202763.tmp/base.apk Binary XML file line #620
03-18 17:14:44.042  1242  1288 W PackageParser: Unknown element under <service>: property at /data/app/vmdl855202763.tmp/base.apk Binary XML file line #799
03-18 17:14:44.045  1242  1288 W PackageParser: Unknown element under <application>: property at /data/app/vmdl855202763.tmp/base.apk Binary XML file line #1259
03-18 17:14:44.045  1242  1288 W PackageParser: No actions in intent filter at /data/app/vmdl855202763.tmp/base.apk Binary XML file line #1401
03-18 17:14:44.045  1242  1288 W PackageParser: No actions in intent filter at /data/app/vmdl855202763.tmp/base.apk Binary XML file line #1409
03-18 17:14:44.045  1242  1288 W PackageParser: No actions in intent filter at /data/app/vmdl855202763.tmp/base.apk Binary XML file line #1417
03-18 17:14:44.207  1242  1288 I PackageManager: Update package sinet.startup.inDriver code path from /data/app/sinet.startup.inDriver-7LF4m9RTZjagl0eTTb88uQ== to /data/app/sinet.startup.inDriver-RcdofpncKG7kU1pQi2jqfw==; Retain data and using new
03-18 17:14:44.207  1242  1288 I PackageManager: Update package sinet.startup.inDriver resource path from /data/app/sinet.startup.inDriver-7LF4m9RTZjagl0eTTb88uQ== to /data/app/sinet.startup.inDriver-RcdofpncKG7kU1pQi2jqfw==; Retain data and using new
03-18 17:14:44.331  1242  1288 D PackageManager: updatePermissions, packageName: sinet.startup.inDriver, pkg: Package{4de8de7 sinet.startup.inDriver}, replaceGrant: true
03-18 17:14:44.332  1242  1288 I PackageManager: Un-granting permission android.permission.MANAGE_DOCUMENTS from package com.google.android.youtube (protectionLevel=262146 flags=0x20dbbec5)
03-18 17:14:44.334  1242  1288 I PackageManager: Un-granting permission android.permission.CAPTURE_AUDIO_OUTPUT from package com.google.android.googlequicksearchbox (protectionLevel=18 flags=0x28dbbec5)
03-18 17:14:44.334  1242  1288 I PackageManager: Un-granting permission android.permission.SUBSTITUTE_SHARE_TARGET_APP_NAME_AND_ICON from package com.google.android.googlequicksearchbox (protectionLevel=18 flags=0x28dbbec5)
03-18 17:14:44.334  1242  1288 I PackageManager: Un-granting permission android.permission.CAPTURE_MEDIA_OUTPUT from package com.google.android.googlequicksearchbox (protectionLevel=18 flags=0x28dbbec5)
03-18 17:14:44.334  1242  1288 I PackageManager: Un-granting permission android.permission.MODIFY_AUDIO_ROUTING from package com.google.android.googlequicksearchbox (protectionLevel=18 flags=0x28dbbec5)
03-18 17:14:44.334  1242  1288 I PackageManager: Un-granting permission com.google.android.googleapps.permission.GOOGLE_AUTH from package com.android.providers.calendar (protectionLevel=2 flags=0x30883e45)
03-18 17:14:44.334  1242  1288 I PackageManager: Un-granting permission com.google.android.googleapps.permission.GOOGLE_AUTH.cl from package com.android.providers.calendar (protectionLevel=2 flags=0x30883e45)
03-18 17:14:44.335  1242  1288 I PackageManager: Un-granting permission com.google.android.gm.permission.READ_GMAIL from package com.google.android.apps.docs.editors.docs (protectionLevel=2 flags=0x38dbbe44)
03-18 17:14:44.335  1242  1288 I PackageManager: Un-granting permission com.google.android.googleapps.permission.GOOGLE_AUTH from package com.google.android.apps.docs.editors.docs (protectionLevel=2 flags=0x38dbbe44)
03-18 17:14:44.335  1242  1288 I PackageManager: Un-granting permission com.google.android.googleapps.permission.GOOGLE_AUTH.OTHER_SERVICES from package com.google.android.apps.docs.editors.docs (protectionLevel=2 flags=0x38dbbe44)
03-18 17:14:44.335  1242  1288 I PackageManager: Un-granting permission com.google.android.googleapps.permission.GOOGLE_AUTH.ALL_SERVICES from package com.google.android.apps.docs.editors.docs (protectionLevel=2 flags=0x38dbbe44)
03-18 17:14:44.335  1242  1288 I PackageManager: Un-granting permission com.google.android.googleapps.permission.GOOGLE_AUTH.writely from package com.google.android.apps.docs.editors.docs (protectionLevel=2 flags=0x38dbbe44)
03-18 17:14:44.335  1242  1288 I PackageManager: Un-granting permission com.google.android.googleapps.permission.GOOGLE_AUTH.wise from package com.google.android.apps.docs.editors.docs (protectionLevel=2 flags=0x38dbbe44)
03-18 17:14:44.337  1242  1288 I PackageManager: Un-granting permission android.permission.HIDE_NON_SYSTEM_OVERLAY_WINDOWS from package com.android.companiondevicemanager (protectionLevel=258 flags=0x30c83e45)
03-18 17:14:44.337  1242  1288 I PackageManager: Un-granting permission com.google.android.gm.permission.READ_GMAIL from package com.google.android.apps.docs.editors.sheets (protectionLevel=2 flags=0x38dbbe44)
03-18 17:14:44.338  1242  1288 I PackageManager: Un-granting permission com.google.android.googleapps.permission.GOOGLE_AUTH from package com.google.android.apps.docs.editors.sheets (protectionLevel=2 flags=0x38dbbe44)
03-18 17:14:44.338  1242  1288 I PackageManager: Un-granting permission com.google.android.googleapps.permission.GOOGLE_AUTH.OTHER_SERVICES from package com.google.android.apps.docs.editors.sheets (protectionLevel=2 flags=0x38dbbe44)
03-18 17:14:44.338  1242  1288 I PackageManager: Un-granting permission com.google.android.googleapps.permission.GOOGLE_AUTH.ALL_SERVICES from package com.google.android.apps.docs.editors.sheets (protectionLevel=2 flags=0x38dbbe44)
03-18 17:14:44.338  1242  1288 I PackageManager: Un-granting permission com.google.android.googleapps.permission.GOOGLE_AUTH.writely from package com.google.android.apps.docs.editors.sheets (protectionLevel=2 flags=0x38dbbe44)
03-18 17:14:44.338  1242  1288 I PackageManager: Un-granting permission com.google.android.googleapps.permission.GOOGLE_AUTH.wise from package com.google.android.apps.docs.editors.sheets (protectionLevel=2 flags=0x38dbbe44)
03-18 17:14:44.338  1242  1288 I PackageManager: Un-granting permission com.google.android.gm.permission.READ_GMAIL from package com.google.android.apps.docs.editors.slides (protectionLevel=2 flags=0x38dbbe44)
03-18 17:14:44.338  1242  1288 I PackageManager: Un-granting permission com.google.android.googleapps.permission.GOOGLE_AUTH from package com.google.android.apps.docs.editors.slides (protectionLevel=2 flags=0x38dbbe44)
03-18 17:14:44.338  1242  1288 I PackageManager: Un-granting permission com.google.android.googleapps.permission.GOOGLE_AUTH.OTHER_SERVICES from package com.google.android.apps.docs.editors.slides (protectionLevel=2 flags=0x38dbbe44)
03-18 17:14:44.338  1242  1288 I PackageManager: Un-granting permission com.google.android.googleapps.permission.GOOGLE_AUTH.ALL_SERVICES from package com.google.android.apps.docs.editors.slides (protectionLevel=2 flags=0x38dbbe44)
03-18 17:14:44.338  1242  1288 I PackageManager: Un-granting permission com.google.android.googleapps.permission.GOOGLE_AUTH.writely from package com.google.android.apps.docs.editors.slides (protectionLevel=2 flags=0x38dbbe44)
03-18 17:14:44.338  1242  1288 I PackageManager: Un-granting permission com.google.android.googleapps.permission.GOOGLE_AUTH.wise from package com.google.android.apps.docs.editors.slides (protectionLevel=2 flags=0x38dbbe44)
03-18 17:14:44.338  1242  1288 I PackageManager: Un-granting permission android.permission.READ_PRIVILEGED_PHONE_STATE from package com.google.android.apps.messaging (protectionLevel=18 flags=0x28cbbec5)
03-18 17:14:44.339  1242  1288 I PackageManager: Un-granting permission android.permission.MODIFY_PHONE_STATE from package com.google.android.apps.messaging (protectionLevel=18 flags=0x28cbbec5)
03-18 17:14:44.339  1242  1288 I PackageManager: Un-granting permission android.permission.READ_PRECISE_PHONE_STATE from package com.google.android.apps.messaging (protectionLevel=18 flags=0x28cbbec5)
03-18 17:14:44.339  1242  1288 I PackageManager: Un-granting permission android.permission.CONNECTIVITY_USE_RESTRICTED_NETWORKS from package com.google.android.apps.messaging (protectionLevel=18 flags=0x28cbbec5)
03-18 17:14:44.339  1242  1288 I PackageManager: Un-granting permission com.google.android.setupwizard.READ_DEVICE_ORIGIN from package com.google.android.apps.messaging (protectionLevel=18 flags=0x28cbbec5)
03-18 17:14:44.341  1242  1288 I PackageManager: Un-granting permission android.permission.HIDE_NON_SYSTEM_OVERLAY_WINDOWS from package com.android.vending (protectionLevel=258 flags=0x28cabec5)
03-18 17:14:44.341  1242  1288 I PackageManager: Un-granting permission android.permission.SEND_DOWNLOAD_COMPLETED_INTENTS from package com.android.vending (protectionLevel=2 flags=0x28cabec5)
03-18 17:14:44.345  1242  1288 I PackageManager: Un-granting permission android.permission.SYSTEM_ALERT_WINDOW from package com.waze (protectionLevel=1250 flags=0x30183e44)
03-18 17:14:44.345  1242  1288 I PackageManager: Un-granting permission android.permission.INTERACT_ACROSS_PROFILES from package com.google.android.deskclock (protectionLevel=18 flags=0x30cbbec5)
03-18 17:14:44.346  1242  1288 I PackageManager: Un-granting permission android.permission.REQUEST_INSTALL_PACKAGES from package com.google.android.gm (protectionLevel=66 flags=0x28dbbec5)
03-18 17:14:44.346  1242  1288 I PackageManager: Un-granting permission android.permission.STATUS_BAR from package com.google.android.apps.tachyon (protectionLevel=18 flags=0x30c9bec5)
03-18 17:14:44.346  1242  1288 I PackageManager: Un-granting permission android.permission.STOP_APP_SWITCHES from package com.google.android.apps.tachyon (protectionLevel=18 flags=0x30c9bec5)
03-18 17:14:44.349  1242  1288 I PackageManager: Un-granting permission com.google.android.deskclock.permission.RECEIVE_ALERT_BROADCASTS from package com.google.android.apps.wellbeing (protectionLevel=18 flags=0x20cbbec5)
03-18 17:14:44.349  1242  1288 I PackageManager: Un-granting permission android.permission.REAL_GET_TASKS from package com.google.android.apps.wellbeing (protectionLevel=18 flags=0x20cbbec5)
03-18 17:14:44.349  1242  1288 I PackageManager: Un-granting permission android.permission.START_TASKS_FROM_RECENTS from package com.google.android.apps.wellbeing (protectionLevel=18 flags=0x20cbbec5)
03-18 17:14:44.349  1242  1288 I PackageManager: Un-granting permission android.permission.MODIFY_DAY_NIGHT_MODE from package com.google.android.apps.wellbeing (protectionLevel=18 flags=0x20cbbec5)
03-18 17:14:44.350  1242  1288 I PackageManager: Un-granting permission com.google.android.apps.search.omnient.permission.LAUNCH_FROM_EXTERNAL_APP from package com.google.android.apps.nbu.files (protectionLevel=134217730 flags=0x30cbbec5)
03-18 17:14:44.350  1242  1288 I PackageManager: Un-granting permission android.permission.REQUEST_INSTALL_PACKAGES from package com.google.android.apps.nbu.files (protectionLevel=66 flags=0x30cbbec5)
03-18 17:14:44.351  1242  1288 I PackageManager: Un-granting permission android.permission.REQUEST_INSTALL_PACKAGES from package com.google.android.captiveportallogin (protectionLevel=66 flags=0x38c8be45)
03-18 17:14:44.351  1242  1288 I PackageManager: Un-granting permission android.permission.REQUEST_INSTALL_PACKAGES from package com.google.android.apps.docs (protectionLevel=66 flags=0x28cbbec5)
03-18 17:14:44.352  1242  1288 I PackageManager: Un-granting permission android.permission.SYSTEM_ALERT_WINDOW from package com.bolt.deliveryclient (protectionLevel=1250 flags=0x2048be44)
03-18 17:14:44.353  1242  1288 I PackageManager: Un-granting permission android.permission.INTERACT_ACROSS_USERS from package com.google.android.syncadapters.contacts (protectionLevel=50 flags=0x20883e45)
03-18 17:14:44.354  1242  1288 I PackageManager: Un-granting permission android.permission.REQUEST_INSTALL_PACKAGES from package com.android.chrome (protectionLevel=66 flags=0xa0cbbec5)
03-18 17:14:44.354  1242  1288 I PackageManager: Un-granting permission android.permission.WRITE_EMBEDDED_SUBSCRIPTIONS from package com.google.android.gms (protectionLevel=50 flags=0xa0cabec5)
03-18 17:14:44.355  1242  1288 I PackageManager: Un-granting permission android.permission.CAPTURE_VIDEO_OUTPUT from package com.google.android.gms (protectionLevel=2 flags=0xa0cabec5)
03-18 17:14:44.355  1242  1288 I PackageManager: Un-granting permission android.permission.FORCE_STOP_PACKAGES from package com.google.android.gms (protectionLevel=18 flags=0xa0cabec5)
03-18 17:14:44.355  1242  1288 I PackageManager: Un-granting permission android.permission.MODIFY_DEFAULT_AUDIO_EFFECTS from package com.google.android.gms (protectionLevel=18 flags=0xa0cabec5)
03-18 17:14:44.356  1242  1288 I PackageManager: Un-granting permission android.permission.MANAGE_DEVICE_ADMINS from package com.google.android.gms (protectionLevel=2 flags=0xa0cabec5)
03-18 17:14:44.356  1242  1288 I PackageManager: Un-granting permission android.permission.MANAGE_ACTIVITY_STACKS from package com.google.android.gms (protectionLevel=2 flags=0xa0cabec5)
03-18 17:14:44.356  1242  1288 I PackageManager: Un-granting permission android.permission.CAPTURE_SECURE_VIDEO_OUTPUT from package com.google.android.gms (protectionLevel=2 flags=0xa0cabec5)
03-18 17:14:44.356  1242  1288 I PackageManager: Un-granting permission android.permission.MANAGE_ROLLBACKS from package com.google.android.gms (protectionLevel=514 flags=0xa0cabec5)
03-18 17:14:44.357  1242  1288 I PackageManager: Un-granting permission android.permission.MEDIA_CONTENT_CONTROL from package com.google.android.gms (protectionLevel=18 flags=0xa0cabec5)
03-18 17:14:44.357  1242  1288 I PackageManager: Un-granting permission android.permission.HIDE_NON_SYSTEM_OVERLAY_WINDOWS from package com.google.android.gms (protectionLevel=258 flags=0xa0cabec5)
03-18 17:14:44.359  1242  1288 I PackageManager: Un-granting permission android.permission.UPDATE_APP_OPS_STATS from package com.google.android.tts (protectionLevel=274 flags=0x34cbbec5)
03-18 17:14:44.359  1242  1288 I PackageManager: Un-granting permission android.permission.START_ACTIVITIES_FROM_BACKGROUND from package com.google.android.tts (protectionLevel=49682 flags=0x34cbbec5)
03-18 17:14:44.359  1242  1288 I PackageManager: Un-granting permission android.permission.SYSTEM_ALERT_WINDOW from package project.listick.fakegps (protectionLevel=1250 flags=0x2088be44)
03-18 17:14:44.359  1242  1288 I PackageManager: Un-granting permission android.permission.ACCESS_MOCK_LOCATION from package project.listick.fakegps (protectionLevel=2 flags=0x2088be44)
03-18 17:14:44.359  1242  1288 I PackageManager: Un-granting permission android.permission.INSTALL_LOCATION_PROVIDER from package project.listick.fakegps (protectionLevel=18 flags=0x2088be44)
03-18 17:14:44.360  1242  1288 I PackageManager: Un-granting permission android.permission.PACKAGE_USAGE_STATS from package com.motorola.genie (protectionLevel=114 flags=0x20d83ec5)
03-18 17:14:44.360  1242  1288 I PackageManager: Un-granting permission com.google.android.googleapps.permission.GOOGLE_AUTH from package com.google.android.videos (protectionLevel=2 flags=0x30dbbec5)
03-18 17:14:44.361  1242  1288 I PackageManager: Un-granting permission android.permission.REQUEST_INSTALL_PACKAGES from package dev.firebase.appdistribution (protectionLevel=66 flags=0x30c8be44)
03-18 17:14:44.361  1242  1288 I PackageManager: Un-granting permission android.permission.WRITE_MEDIA_STORAGE from package com.google.android.apps.photos (protectionLevel=18 flags=0x38dbbec5)
03-18 17:14:44.361  1242  1288 I PackageManager: Un-granting permission android.permission.INTERACT_ACROSS_PROFILES from package com.google.android.calendar (protectionLevel=18 flags=0x30cbbec5)
03-18 17:14:44.362  1242  1288 I PackageManager: Un-granting permission android.permission.SYSTEM_ALERT_WINDOW from package com.ubercab (protectionLevel=1250 flags=0x20d83e44)
03-18 17:14:44.363  1242  1288 I PackageManager: Un-granting permission android.permission.INSTALL_PACKAGE_UPDATES from package com.motorola.help (protectionLevel=18 flags=0x20c83ec5)
03-18 17:14:44.364  1242  1288 I PackageManager: Un-granting permission android.permission.CAPTURE_VIDEO_OUTPUT from package com.facebook.katana (protectionLevel=2 flags=0x345bbe44)
03-18 17:14:44.364  1242  1288 I PackageManager: Un-granting permission android.permission.BATTERY_STATS from package com.facebook.katana (protectionLevel=50 flags=0x345bbe44)
03-18 17:14:44.366  1242  1288 I PackageManager: Un-granting permission android.permission.SYSTEM_ALERT_WINDOW from package com.yandex.yango (protectionLevel=1250 flags=0x20d83e64)
03-18 17:14:44.367  1242  1288 I PackageManager: Un-granting permission com.google.android.finsky.permission.GEARHEAD_SERVICE from package com.google.android.projection.gearhead (protectionLevel=18 flags=0x2888bec5)
03-18 17:14:44.367  1242  1288 I PackageManager: Un-granting permission android.permission.CHANGE_COMPONENT_ENABLED_STATE from package com.google.android.projection.gearhead (protectionLevel=18 flags=0x2888bec5)
03-18 17:14:44.367  1242  1288 I PackageManager: Un-granting permission android.permission.UPDATE_APP_OPS_STATS from package com.google.android.projection.gearhead (protectionLevel=274 flags=0x2888bec5)
03-18 17:14:44.367  1242  1288 I PackageManager: Un-granting permission android.permission.INTERACT_ACROSS_PROFILES from package com.google.android.projection.gearhead (protectionLevel=18 flags=0x2888bec5)
03-18 17:14:44.367  1242  1288 I PackageManager: Un-granting permission android.permission.CAPTURE_SECURE_VIDEO_OUTPUT from package com.google.android.projection.gearhead (protectionLevel=2 flags=0x2888bec5)
03-18 17:14:44.368  1242  1288 I PackageManager: Un-granting permission android.permission.ACCESS_MOCK_LOCATION from package com.lexa.fakegps (protectionLevel=2 flags=0x3088be44)
03-18 17:14:44.368  1242  1288 I PackageManager: Un-granting permission android.permission.WRITE_SETTINGS from package com.lexa.fakegps (protectionLevel=1218 flags=0x3088be44)
03-18 17:14:44.368  1242  1288 I PackageManager: Un-granting permission android.permission.WRITE_SECURE_SETTINGS from package com.lexa.fakegps (protectionLevel=50 flags=0x3088be44)
03-18 17:14:44.376  1242  1288 I PackageManager: Un-granting permission android.permission.INTERACT_ACROSS_PROFILES from package com.google.android.inputmethod.latin (protectionLevel=18 flags=0x20cabec5)
03-18 17:14:44.377  1242  1288 I PackageManager: Un-granting permission android.permission.SYSTEM_ALERT_WINDOW from package sinet.startup.inDriver (protectionLevel=1250 flags=0x30583f46)
03-18 17:14:44.377  1242  1288 I PackageManager: Un-granting permission android.permission.WRITE_SETTINGS from package sinet.startup.inDriver (protectionLevel=1218 flags=0x30583f46)
03-18 17:14:44.516  1242  1288 D PackageManager: setWhitelistedRestrictedPermissions, pkg: Package{4de8de7 sinet.startup.inDriver}, callingUid: 1000, whitelistFlags: 2
03-18 17:14:44.517  1242  1288 W PackageManager: Cannot whitelist unknown permission: android.permission.MANAGE_EXTERNAL_STORAGE
03-18 17:14:44.517  1242  1288 W PackageManager: Cannot whitelist unknown permission: android.permission.ACCESS_COARSE_UPDATES
03-18 17:14:44.517  1242  1288 W PackageManager: Cannot whitelist unknown permission: android.permission.FOREGROUND_SERVICE_LOCATION
03-18 17:14:44.517  1242  1288 W PackageManager: Cannot whitelist unknown permission: android.permission.FOREGROUND_SERVICE_SPECIAL_USE
03-18 17:14:44.517  1242  1288 W PackageManager: Cannot whitelist unknown permission: android.permission.POST_NOTIFICATIONS
03-18 17:14:44.517  1242  1288 W PackageManager: Cannot whitelist unknown permission: android.permission.FOREGROUND_SERVICE_PHONE_CALL
03-18 17:14:44.517  1242  1288 W PackageManager: Cannot whitelist unknown permission: android.permission.BLUETOOTH_CONNECT
03-18 17:14:44.517  1242  1288 W PackageManager: Cannot whitelist unknown permission: android.permission.ACCESS_ADSERVICES_ATTRIBUTION
03-18 17:14:44.517  1242  1288 W PackageManager: Cannot whitelist unknown permission: android.permission.ACCESS_ADSERVICES_AD_ID
03-18 17:14:44.517  1242  1288 W PackageManager: Cannot whitelist unknown permission: com.samsung.android.mapsagent.permission.READ_APP_INFO
03-18 17:14:44.517  1242  1288 W PackageManager: Cannot whitelist unknown permission: com.huawei.appmarket.service.commondata.permission.GET_COMMON_DATA
03-18 17:14:44.536  1242  1268 W BroadcastQueue: Background execution not allowed: receiving Intent { act=android.intent.action.PACKAGE_REMOVED dat=package:sinet.startup.inDriver flg=0x4000010 (has extras) } to com.android.musicfx/.Compatibility$Receiver
03-18 17:14:44.537  1242  1268 W BroadcastQueue: Background execution not allowed: receiving Intent { act=android.intent.action.PACKAGE_REMOVED dat=package:sinet.startup.inDriver flg=0x4000010 (has extras) } to com.android.vending/com.google.android.finsky.packagemonitor.impl.PackageMonitorReceiverImpl$RegisteredReceiver
03-18 17:14:44.538  1242  1268 W BroadcastQueue: Background execution not allowed: receiving Intent { act=android.intent.action.PACKAGE_REMOVED dat=package:sinet.startup.inDriver flg=0x4000010 (has extras) } to com.android.vending/com.google.android.finsky.packagemonitor.backgroundimpl.BackgroundPackageMonitorReceiverImpl$RegisteredReceiver
03-18 17:14:44.562  1242  1268 W BroadcastQueue: Background execution not allowed: receiving Intent { act=android.intent.action.PACKAGE_REMOVED dat=package:sinet.startup.inDriver flg=0x4000010 (has extras) } to com.android.vending/com.google.android.finsky.instantapps.appmanagement.InstantAppRemoveMonitor
03-18 17:14:44.563  1242  1268 W BroadcastQueue: Background execution not allowed: receiving Intent { act=android.intent.action.PACKAGE_REMOVED dat=package:sinet.startup.inDriver flg=0x4000010 (has extras) } to com.google.android.apps.maps/com.google.android.libraries.social.peoplekit.thirdparty.viewcontrollers.ThirdPartyReceiver
03-18 17:14:44.615  1242  1268 W BroadcastQueue: Background execution not allowed: receiving Intent { act=android.intent.action.PACKAGE_REMOVED dat=package:sinet.startup.inDriver flg=0x4000010 (has extras) } to com.google.android.apps.photos/com.google.android.libraries.social.peoplekit.thirdparty.viewcontrollers.ThirdPartyReceiver
03-18 17:14:44.616  1242  1268 W BroadcastQueue: Background execution not allowed: receiving Intent { act=android.intent.action.PACKAGE_REMOVED dat=package:sinet.startup.inDriver flg=0x4000010 (has extras) } to com.google.android.gms/.chimera.GmsIntentOperationService$PersistentTrustedReceiver
03-18 17:14:44.627  1242  1268 W BroadcastQueue: Background execution not allowed: receiving Intent { act=android.intent.action.PACKAGE_REMOVED dat=package:sinet.startup.inDriver flg=0x4000010 (has extras) } to com.google.android.gms/.games.chimera.GamesSystemBroadcastReceiverProxy
03-18 17:14:44.627  1242  1268 W BroadcastQueue: Background execution not allowed: receiving Intent { act=android.intent.action.PACKAGE_REMOVED dat=package:sinet.startup.inDriver flg=0x4000010 (has extras) } to com.google.android.videos/com.google.android.libraries.social.peoplekit.thirdparty.viewcontrollers.ThirdPartyReceiver
03-18 17:14:44.627  1242  1268 W BroadcastQueue: Background execution not allowed: receiving Intent { act=android.intent.action.PACKAGE_REMOVED dat=package:sinet.startup.inDriver flg=0x4000010 (has extras) } to com.google.android.apps.magazines/com.google.android.libraries.social.peoplekit.thirdparty.viewcontrollers.ThirdPartyReceiver
03-18 17:14:44.628  1242  1269 I ActivityManager: Start proc 32324:com.android.keychain/1000 for service {com.android.keychain/com.android.keychain.KeyChainService}
03-18 17:14:44.630  1242  1268 W BroadcastQueue: Background execution not allowed: receiving Intent { act=android.intent.action.PACKAGE_ADDED dat=package:sinet.startup.inDriver flg=0x4000010 (has extras) } to com.google.android.packageinstaller/com.android.packageinstaller.PackageInstalledReceiver
03-18 17:14:44.631  1242  1268 W BroadcastQueue: Background execution not allowed: receiving Intent { act=android.intent.action.PACKAGE_ADDED dat=package:sinet.startup.inDriver flg=0x4000010 (has extras) } to com.android.musicfx/.Compatibility$Receiver
03-18 17:14:44.631  1242  1268 W BroadcastQueue: Background execution not allowed: receiving Intent { act=android.intent.action.PACKAGE_ADDED dat=package:sinet.startup.inDriver flg=0x4000010 (has extras) } to com.android.vending/com.google.android.finsky.packagemonitor.impl.PackageMonitorReceiverImpl$RegisteredReceiver
03-18 17:14:44.631  1242  1268 W BroadcastQueue: Background execution not allowed: receiving Intent { act=android.intent.action.PACKAGE_ADDED dat=package:sinet.startup.inDriver flg=0x4000010 (has extras) } to com.android.vending/com.google.android.finsky.packagemonitor.backgroundimpl.BackgroundPackageMonitorReceiverImpl$RegisteredReceiver
03-18 17:14:44.631  1242  1268 W BroadcastQueue: Background execution not allowed: receiving Intent { act=android.intent.action.PACKAGE_ADDED dat=package:sinet.startup.inDriver flg=0x4000010 (has extras) } to com.facebook.appmanager/com.facebook.oxygen.common.packages.event.manifest.ManifestPackageEventReceiver
03-18 17:14:44.631  1242  1268 W BroadcastQueue: Background execution not allowed: receiving Intent { act=android.intent.action.PACKAGE_ADDED dat=package:sinet.startup.inDriver flg=0x4000010 (has extras) } to com.google.android.apps.nbu.files/.documentbrowser.browselanding.rootcontainerlist.receiver.PackageChangeReceiver_Receiver
03-18 17:14:44.632  1242  1268 W BroadcastQueue: Background execution not allowed: receiving Intent { act=android.intent.action.PACKAGE_ADDED dat=package:sinet.startup.inDriver flg=0x4000010 (has extras) } to com.google.android.gms/.chimera.GmsIntentOperationService$PersistentTrustedReceiver
03-18 17:14:44.633  1242  1268 W BroadcastQueue: Background execution not allowed: receiving Intent { act=android.intent.action.PACKAGE_ADDED dat=package:sinet.startup.inDriver flg=0x4000010 (has extras) } to com.google.android.gms/.games.chimera.GamesSystemBroadcastReceiverProxy
03-18 17:14:44.633  1242  1268 W BroadcastQueue: Background execution not allowed: receiving Intent { act=android.intent.action.PACKAGE_ADDED dat=package:sinet.startup.inDriver flg=0x4000010 (has extras) } to com.google.android.gms/.gass.chimera.PackageChangeBroadcastReceiver
03-18 17:14:44.634  1242  1268 W BroadcastQueue: Background execution not allowed: receiving Intent { act=android.intent.action.PACKAGE_ADDED dat=package:sinet.startup.inDriver flg=0x4000010 (has extras) } to com.google.android.ims/.receivers.RcsAutoStartReceiver
03-18 17:14:44.639  1242  4631 V ActivityManager: New death recipient com.android.server.am.ActivityManagerService$AppDeathRecipient@90fdeef for thread android.os.BinderProxy@d88edfc, pid:32324,mApp:null
03-18 17:14:44.871  1242  4999 V SettingsProvider: packageValueForCallResult, name = sqlite_compatibility_wal_flags, value : Bundle[{_track_generation=android.util.MemoryIntArray@71, value=, _generation_index=0, _generation=33}]
03-18 17:14:45.324  1242  7158 I ActivityManager: Force stopping sinet.startup.inDriver appid=10197 user=0: from pid 32390
03-18 17:14:45.397  1242  7158 I ActivityTaskManager: START u0 {act=android.intent.action.MAIN cat=[android.intent.category.LAUNCHER] flg=0x10000000 cmp=sinet.startup.inDriver/.ui.splash.SplashActivity} from uid 2000
03-18 17:14:45.560  1242  1269 I ActivityManager: Start proc 32413:sinet.startup.inDriver/u0a197 for activity {sinet.startup.inDriver/sinet.startup.inDriver.ui.splash.SplashActivity}
03-18 17:14:45.648  1242  1269 I ActivityManager: Start proc 32437:com.android.vending:background/u0a58 for broadcast {com.android.vending/com.google.android.finsky.packagemonitor.backgroundimpl.BackgroundPackageMonitorReceiverImpl$RegisteredReceiver}
03-18 17:14:45.677  1242  5864 V ActivityManager: New death recipient com.android.server.am.ActivityManagerService$AppDeathRecipient@d3c5b6d for thread android.os.BinderProxy@9dc53a2, pid:32413,mApp:null
03-18 17:14:45.716  1242  4631 V ActivityManager: New death recipient com.android.server.am.ActivityManagerService$AppDeathRecipient@5972833 for thread android.os.BinderProxy@a0dd7f0, pid:32437,mApp:null
03-18 17:14:45.886  1242  1242 W Looper  : Slow dispatch took 1254ms main h=android.app.ActivityThread$H c=android.app.-$$Lambda$LoadedApk$ReceiverDispatcher$Args$_BumDX2UKsnxLVrE6UJsJZkotuA@837f9dd m=0
03-18 17:14:45.886  1242  1242 W Looper  : Slow delivery took 1346ms main h=android.app.ActivityThread$H c=android.app.-$$Lambda$LoadedApk$ReceiverDispatcher$Args$_BumDX2UKsnxLVrE6UJsJZkotuA@be4e952 m=0
03-18 17:14:46.010  1242  9536 V SettingsProvider: packageValueForCallResult, name = device_provisioned, value : Bundle[{_track_generation=android.util.MemoryIntArray@71, value=1, _generation_index=0, _generation=33}]
03-18 17:14:46.064  1242  9536 W BroadcastQueue: Background execution not allowed: receiving Intent { act=android.intent.action.PACKAGE_REPLACED dat=package:sinet.startup.inDriver flg=0x4000010 (has extras) } to com.android.musicfx/.Compatibility$Receiver
03-18 17:14:46.065  1242  1268 W BroadcastQueue: Background execution not allowed: receiving Intent { act=android.intent.action.PACKAGE_REPLACED dat=package:sinet.startup.inDriver flg=0x4000010 (has extras) } to com.facebook.appmanager/com.facebook.oxygen.common.packages.event.manifest.ManifestPackageEventReceiver
03-18 17:14:46.066  1242  1268 W BroadcastQueue: Background execution not allowed: receiving Intent { act=android.intent.action.PACKAGE_REPLACED dat=package:sinet.startup.inDriver flg=0x4000010 (has extras) } to com.google.android.apps.nbu.files/.documentbrowser.browselanding.rootcontainerlist.receiver.PackageChangeReceiver_Receiver
03-18 17:14:46.067  1242  1268 W BroadcastQueue: Background execution not allowed: receiving Intent { act=android.intent.action.PACKAGE_REPLACED dat=package:sinet.startup.inDriver flg=0x4000010 (has extras) } to com.google.android.apps.photos/.account.full.FetchAccountPropertiesAppUpgradeBroadcastReceiver
03-18 17:14:46.067  1242  1268 W BroadcastQueue: Background execution not allowed: receiving Intent { act=android.intent.action.PACKAGE_REPLACED dat=package:sinet.startup.inDriver flg=0x4000010 (has extras) } to com.google.android.apps.photos/.account.full.SyncAccountsForLoginBroadcastReceiver
03-18 17:14:46.067  1242  1268 W BroadcastQueue: Background execution not allowed: receiving Intent { act=android.intent.action.PACKAGE_REPLACED dat=package:sinet.startup.inDriver flg=0x4000010 (has extras) } to com.google.android.apps.photos/.notificationchannels.AppUpdateBroadcastReceiver
03-18 17:14:46.067  1242  1268 W BroadcastQueue: Background execution not allowed: receiving Intent { act=android.intent.action.PACKAGE_REPLACED dat=package:sinet.startup.inDriver flg=0x4000010 (has extras) } to com.google.android.gms/.chimera.GmsIntentOperationService$PersistentTrustedReceiver
03-18 17:14:46.067  1242  1268 W BroadcastQueue: Background execution not allowed: receiving Intent { act=android.intent.action.PACKAGE_REPLACED dat=package:sinet.startup.inDriver flg=0x4000010 (has extras) } to com.google.android.gms/.gass.chimera.PackageChangeBroadcastReceiver
03-18 17:14:46.067  1242  1268 W BroadcastQueue: Background execution not allowed: receiving Intent { act=android.intent.action.PACKAGE_REPLACED dat=package:sinet.startup.inDriver flg=0x4000010 (has extras) } to com.google.android.ims/.receivers.RcsAutoStartReceiver
03-18 17:14:46.067  1242  1268 W BroadcastQueue: Background execution not allowed: receiving Intent { act=android.intent.action.PACKAGE_REPLACED dat=package:sinet.startup.inDriver flg=0x4000010 (has extras) } to com.motorola.ccc.notification/.gcm.GCMAdminReceiver
03-18 17:14:46.461  1242  1242 W Looper  : Slow dispatch took 573ms main h=android.app.ActivityThread$H c=android.app.-$$Lambda$LoadedApk$ReceiverDispatcher$Args$_BumDX2UKsnxLVrE6UJsJZkotuA@dc652ae m=0
03-18 17:14:46.462  1242  1242 I Telecom : DefaultDialerCache: Refreshing default dialer for user 0: now com.google.android.dialer: DDC.oR@BGg
03-18 17:14:46.486  1242  1242 E LoadedApk: Unable to instantiate appComponentFactory
03-18 17:14:46.486  1242  1242 E LoadedApk: java.lang.ClassNotFoundException: Didn't find class "androidx.core.app.CoreComponentFactory" on path: DexPathList[[],nativeLibraryDirectories=[/data/app/com.android.chrome-qNmwFTIpxVzw_d0PjKbvzQ==/lib/arm, /data/app/com.android.chrome-qNmwFTIpxVzw_d0PjKbvzQ==/base.apk!/lib/armeabi-v7a, /data/app/com.google.android.trichromelibrary_694313830-wQ2opuBmuuDcG1IfP58LyQ==/base.apk!/lib/armeabi-v7a, /system/lib]]
03-18 17:14:46.486  1242  1242 E LoadedApk: 	at dalvik.system.BaseDexClassLoader.findClass(BaseDexClassLoader.java:196)
03-18 17:14:46.486  1242  1242 E LoadedApk: 	at java.lang.ClassLoader.loadClass(ClassLoader.java:379)
03-18 17:14:46.486  1242  1242 E LoadedApk: 	at java.lang.ClassLoader.loadClass(ClassLoader.java:312)
03-18 17:14:46.486  1242  1242 E LoadedApk: 	at android.app.LoadedApk.createAppFactory(LoadedApk.java:256)
03-18 17:14:46.486  1242  1242 E LoadedApk: 	at android.app.LoadedApk.updateApplicationInfo(LoadedApk.java:370)
03-18 17:14:46.486  1242  1242 E LoadedApk: 	at android.app.ActivityThread.handleDispatchPackageBroadcast(ActivityThread.java:5979)
03-18 17:14:46.486  1242  1242 E LoadedApk: 	at android.app.ActivityThread$H.handleMessage(ActivityThread.java:1966)
03-18 17:14:46.486  1242  1242 E LoadedApk: 	at android.os.Handler.dispatchMessage(Handler.java:107)
03-18 17:14:46.486  1242  1242 E LoadedApk: 	at android.os.Looper.loop(Looper.java:214)
03-18 17:14:46.486  1242  1242 E LoadedApk: 	at com.android.server.SystemServer.run(SystemServer.java:582)
03-18 17:14:46.486  1242  1242 E LoadedApk: 	at com.android.server.SystemServer.main(SystemServer.java:365)
03-18 17:14:46.486  1242  1242 E LoadedApk: 	at java.lang.reflect.Method.invoke(Native Method)
03-18 17:14:46.486  1242  1242 E LoadedApk: 	at com.android.internal.os.RuntimeInit$MethodAndArgsCaller.run(RuntimeInit.java:492)
03-18 17:14:46.486  1242  1242 E LoadedApk: 	at com.android.internal.os.ZygoteInit.main(ZygoteInit.java:958)
03-18 17:14:46.495  1242  1242 E LoadedApk: Unable to instantiate appComponentFactory
