--------- beginning of system
03-18 16:59:37.295  1242  7158 W ActivityManager: Background start not allowed: service Intent { cmp=com.google.android.apps.messaging/.shared.datamodel.action.execution.ActionExecutorImpl$EmptyService } to com.google.android.apps.messaging/.shared.datamodel.action.execution.ActionExecutorImpl$EmptyService from pid=28317 uid=10124 pkg=com.google.android.apps.messaging startFg?=false
03-18 16:59:37.384  1242  7158 W ActivityManager: Background start not allowed: service Intent { cmp=com.google.android.apps.messaging/.shared.datamodel.action.execution.ActionExecutorImpl$EmptyService } to com.google.android.apps.messaging/.shared.datamodel.action.execution.ActionExecutorImpl$EmptyService from pid=28317 uid=10124 pkg=com.google.android.apps.messaging startFg?=false
03-18 16:59:43.289  1242  3027 W ActivityManager: Background start not allowed: service Intent { cmp=com.google.android.apps.messaging/.shared.datamodel.action.execution.ActionExecutorImpl$EmptyService } to com.google.android.apps.messaging/.shared.datamodel.action.execution.ActionExecutorImpl$EmptyService from pid=28317 uid=10124 pkg=com.google.android.apps.messaging startFg?=false
03-18 16:59:43.303  1242  3997 W ActivityManager: Background start not allowed: service Intent { cmp=com.google.android.apps.messaging/.shared.datamodel.action.execution.ActionExecutorImpl$EmptyService } to com.google.android.apps.messaging/.shared.datamodel.action.execution.ActionExecutorImpl$EmptyService from pid=28317 uid=10124 pkg=com.google.android.apps.messaging startFg?=false
03-18 16:59:43.388  1242  3027 W ActivityManager: Background start not allowed: service Intent { cmp=com.google.android.apps.messaging/.shared.datamodel.action.execution.ActionExecutorImpl$EmptyService } to com.google.android.apps.messaging/.shared.datamodel.action.execution.ActionExecutorImpl$EmptyService from pid=28317 uid=10124 pkg=com.google.android.apps.messaging startFg?=false
03-18 16:59:43.590  1242  1269 I ActivityManager: Start proc 28403:android.process.acore/u0a45 for content provider {com.android.providers.contacts/com.android.providers.contacts.ContactsProvider2}
03-18 16:59:43.629  1242  3027 V ActivityManager: New death recipient com.android.server.am.ActivityManagerService$AppDeathRecipient@aedc9b2 for thread android.os.BinderProxy@c5f4d03, pid:28403,mApp:null
03-18 16:59:43.635  1242  3027 I ActivityManager: Killing 27317:com.android.vending:background/u0a58 (adj 985): empty #9
03-18 16:59:43.667  1242  9626 V ActivityManager: Death received in com.android.server.am.ActivityManagerService$AppDeathRecipient@3600844 for thread android.os.BinderProxy@b006d2d, mPid:27317,mApp:ProcessRecord{bb94457 27317:com.android.vending:background/u0a58}
03-18 16:59:43.770  1242  9626 W ActivityManager: Background start not allowed: service Intent { cmp=com.google.android.apps.messaging/.shared.datamodel.action.execution.ActionExecutorImpl$EmptyService } to com.google.android.apps.messaging/.shared.datamodel.action.execution.ActionExecutorImpl$EmptyService from pid=28317 uid=10124 pkg=com.google.android.apps.messaging startFg?=false
03-18 16:59:43.774  1242  9626 V SettingsProvider: packageValueForCallResult, name = sqlite_compatibility_wal_flags, value : Bundle[{_track_generation=android.util.MemoryIntArray@71, value=, _generation_index=0, _generation=33}]
03-18 16:59:43.806  1242  8482 V SettingsProvider: packageValueForCallResult, name = null, value : Bundle[{_track_generation=android.util.MemoryIntArray@71, value=null, _generation_index=1, _generation=5}]
03-18 16:59:43.809 28403 28403 D ActivityThread: Loading provider contacts;com.android.contacts: com.android.providers.contacts.ContactsProvider2
03-18 17:00:47.063  1242  1267 I UsageStatsService: User[0] Flushing usage stats to disk
03-18 17:00:47.152  1242  1267 E AppIdleHistory: Error writing app idle file for user 0
03-18 17:01:24.480  1242  1272 E BatteryExternalStatsWorker: no controller energy info supplied for bluetooth
03-18 17:01:24.599  1242  1272 D KernelCpuUidUserSysTimeReader: Removing uids 99215-99215
03-18 17:01:24.601  1242  1272 D KernelCpuUidUserSysTimeReader: Removing uids 99216-99216
03-18 17:02:39.249  1242  8482 I ActivityTaskManager: START u0 {act=android.intent.action.MAIN cat=[android.intent.category.LAUNCHER] flg=0x10200000 cmp=com.example.oomapp/.MainActivity bnds=[158,953][293,1127]} from uid 10086
03-18 17:02:39.374  1242  3035 I ActivityTaskManager: Config changes=20000480 {1.0 ?mcc?mnc [en_US] ldltr sw411dp w841dp h384dp 280dpi nrml long land finger -keyb/v/h -nav/h winConfig={ mBounds=Rect(0, 0 - 1600, 720) mAppBounds=Rect(44, 0 - 1516, 720) mWindowingMode=fullscreen mDisplayWindowingMode=fullscreen mActivityType=undefined mAlwaysOnTop=undefined mRotation=ROTATION_90} s.1519}
03-18 17:02:39.411  1242  3035 I ActivityTaskManager: Override config changes=20000480 {1.0 ?mcc?mnc [en_US] ldltr sw411dp w841dp h384dp 280dpi nrml long land finger -keyb/v/h -nav/h winConfig={ mBounds=Rect(0, 0 - 1600, 720) mAppBounds=Rect(44, 0 - 1516, 720) mWindowingMode=fullscreen mDisplayWindowingMode=fullscreen mActivityType=undefined mAlwaysOnTop=undefined mRotation=ROTATION_90} s.1519} for displayId=0
03-18 17:02:39.479  1242  1269 I ActivityManager: Start proc 28461:com.example.oomapp/u0a199 for activity {com.example.oomapp/com.example.oomapp.MainActivity}
03-18 17:02:39.597  1242  5864 V ActivityManager: New death recipient com.android.server.am.ActivityManagerService$AppDeathRecipient@9813ed for thread android.os.BinderProxy@d20e222, pid:28461,mApp:null
03-18 17:02:39.761  1242  3035 E WindowManager: App trying to use insecure INPUT_FEATURE_NO_INPUT_CHANNEL flag. Ignoring
03-18 17:02:39.802  1242  3035 E WindowManager: App trying to use insecure INPUT_FEATURE_NO_INPUT_CHANNEL flag. Ignoring
03-18 17:02:39.858  1242  4999 E WindowManager: App trying to use insecure INPUT_FEATURE_NO_INPUT_CHANNEL flag. Ignoring
03-18 17:02:39.925  1242  8482 W ActivityTaskManager: getTaskSnapshot: taskId=462 not found
03-18 17:02:40.012  1242  1263 I WindowManager: Screen frozen for +693ms due to Window{81e2ec8 u0 StatusBar}
03-18 17:02:41.736  1242  5864 V SettingsProvider: packageValueForCallResult, name = null, value : Bundle[{_track_generation=android.util.MemoryIntArray@71, value=null, _generation_index=0, _generation=33}]
03-18 17:02:41.928  1242  5864 E WindowManager: App trying to use insecure INPUT_FEATURE_NO_INPUT_CHANNEL flag. Ignoring
03-18 17:02:43.354  1242  5864 I WindowManager: Relayout Window{bff19fc u0 com.example.oomapp/com.example.oomapp.MainActivity}: oldVis=4 newVis=0 focusMayChange = true
03-18 17:02:47.596  1242  1260 V WindowOrientationListener: Proposed rotation changed!  mDesiredRotation=0, newRotation=0
03-18 17:02:47.648  1242  1262 I ActivityTaskManager: Config changes=20000480 {1.0 ?mcc?mnc [en_US] ldltr sw411dp w411dp h839dp 280dpi nrml long port finger -keyb/v/h -nav/h winConfig={ mBounds=Rect(0, 0 - 720, 1600) mAppBounds=Rect(0, 44 - 720, 1516) mWindowingMode=fullscreen mDisplayWindowingMode=fullscreen mActivityType=undefined mAlwaysOnTop=undefined mRotation=ROTATION_0} s.1551}
03-18 17:02:47.684  1242  1262 I ActivityTaskManager: Override config changes=20000480 {1.0 ?mcc?mnc [en_US] ldltr sw411dp w411dp h839dp 280dpi nrml long port finger -keyb/v/h -nav/h winConfig={ mBounds=Rect(0, 0 - 720, 1600) mAppBounds=Rect(0, 44 - 720, 1516) mWindowingMode=fullscreen mDisplayWindowingMode=fullscreen mActivityType=undefined mAlwaysOnTop=undefined mRotation=ROTATION_0} s.1551} for displayId=0
03-18 17:02:47.744  1242  3035 E WindowManager: App trying to use insecure INPUT_FEATURE_NO_INPUT_CHANNEL flag. Ignoring
03-18 17:02:47.783  1242  9626 E WindowManager: App trying to use insecure INPUT_FEATURE_NO_INPUT_CHANNEL flag. Ignoring
03-18 17:02:47.940  1242  9626 E WindowManager: App trying to use insecure INPUT_FEATURE_NO_INPUT_CHANNEL flag. Ignoring
03-18 17:02:48.260  1242  3027 I WindowManager: Relayout Window{8a5ec73 u0 com.example.oomapp/com.example.oomapp.MainActivity}: oldVis=4 newVis=0 focusMayChange = true
03-18 17:02:48.502  1242  1263 I WindowManager: Screen frozen for +903ms due to Window{8a5ec73 u0 com.example.oomapp/com.example.oomapp.MainActivity}
03-18 17:02:54.694  1242  3035 I ActivityManager: Killing 27486:com.motorola.timeweatherwidget/u0a123 (adj 985): empty #9
03-18 17:02:54.695  1242  3035 I ActivityManager: Killing 27957:com.google.android.apps.nbu.files/u0a56 (adj 995): empty #10
03-18 17:02:54.720  1242  3027 V ActivityManager: Death received in com.android.server.am.ActivityManagerService$AppDeathRecipient@4a2739a for thread android.os.BinderProxy@b8054cb, mPid:27486,mApp:ProcessRecord{cf14b17 27486:com.motorola.timeweatherwidget/u0a123}
03-18 17:02:54.723  1242  3027 V ActivityManager: Death received in com.android.server.am.ActivityManagerService$AppDeathRecipient@9ce0454 for thread android.os.BinderProxy@f019ffd, mPid:27957,mApp:ProcessRecord{b8ea808 27957:com.google.android.apps.nbu.files/u0a56}
03-18 17:03:40.172  1242  3021 I WindowManager: Relayout Window{7f753ff u0 (4-4)-Window{b79651c alpha=1.0 fl=}}: oldVis=8 newVis=0 focusMayChange = true
03-18 17:03:40.202  1242  9127 I WindowManager: Relayout Window{bee6c41 u0 com.motorola.launcher3/com.android.launcher3.CustomizationPanelLauncher}: oldVis=4 newVis=0 focusMayChange = true
03-18 17:03:40.523  1242  1269 I ActivityManager: Start proc 28541:com.motorola.timeweatherwidget/u0a123 for content provider {com.motorola.timeweatherwidget/com.motorola.commandcenter.weather.AssistReceiver}
03-18 17:03:40.528  1242  4630 E WindowManager: App trying to use insecure INPUT_FEATURE_NO_INPUT_CHANNEL flag. Ignoring
03-18 17:03:40.630  1242  3027 V ActivityManager: New death recipient com.android.server.am.ActivityManagerService$AppDeathRecipient@2e04a7 for thread android.os.BinderProxy@92d0d54, pid:28541,mApp:null
03-18 17:03:40.868  1242  1269 I ActivityManager: Start proc 28565:com.android.providers.calendar/u0a59 for content provider {com.android.providers.calendar/com.android.providers.calendar.CalendarProvider2}
03-18 17:03:40.896  1242  3027 V ActivityManager: New death recipient com.android.server.am.ActivityManagerService$AppDeathRecipient@4f3976d for thread android.os.BinderProxy@f28dfa2, pid:28565,mApp:null
03-18 17:03:40.949  1242  5864 V SettingsProvider: packageValueForCallResult, name = sqlite_compatibility_wal_flags, value : Bundle[{_track_generation=android.util.MemoryIntArray@71, value=, _generation_index=0, _generation=33}]
03-18 17:03:41.044  1242  9127 V SettingsProvider: packageValueForCallResult, name = sqlite_compatibility_wal_flags, value : Bundle[{_track_generation=android.util.MemoryIntArray@71, value=, _generation_index=0, _generation=33}]
03-18 17:03:44.651  1242  3027 I ActivityTaskManager: START u0 {act=android.intent.action.MAIN cat=[android.intent.category.LAUNCHER] flg=0x10200000 cmp=sinet.startup.inDriver/.ui.splash.SplashActivity bnds=[293,1180][427,1354]} from uid 10086
03-18 17:03:44.779  1242  1269 I ActivityManager: Start proc 28595:sinet.startup.inDriver/u0a197 for activity {sinet.startup.inDriver/sinet.startup.inDriver.ui.splash.SplashActivity}
03-18 17:03:44.840  1242  3027 V ActivityManager: New death recipient com.android.server.am.ActivityManagerService$AppDeathRecipient@e0f5698 for thread android.os.BinderProxy@a7a5ef1, pid:28595,mApp:null
03-18 17:03:54.753  1242  1262 W ActivityTaskManager: Launch timeout has expired, giving up wake lock!
03-18 17:03:59.999  1242  3027 D MtkConnectivityService: ConnectivityService NetworkRequestInfo binderDied(NetworkRequest [ TRACK_DEFAULT id=5143, [ Capabilities: INTERNET&NOT_RESTRICTED&TRUSTED Uid: 10048] ], android.os.BinderProxy@44355e0)
03-18 17:04:00.000  1242  3027 V ActivityManager: Death received in com.android.server.am.ActivityManagerService$AppDeathRecipient@4442bbb for thread android.os.BinderProxy@3fbc8d8, mPid:23223,mApp:ProcessRecord{f7fdba1 23223:com.google.android.ims/u0a48}
03-18 17:04:00.002  1242  1894 D MtkConnectivityService: releasing NetworkRequest [ TRACK_DEFAULT id=5143, [ Capabilities: INTERNET&NOT_RESTRICTED&TRUSTED Uid: 10048] ] (release request)
03-18 17:04:00.009  1242  3027 I ActivityManager: Process com.google.android.ims (pid 23223) has died: cch+99 SVC 
03-18 17:04:00.012  1242  3027 W ActivityManager: Scheduling restart of crashed service com.google.android.ims/.services.RcsService in 1000ms
03-18 17:04:00.059  1242  3027 V ActivityManager: Death received in com.android.server.am.ActivityManagerService$AppDeathRecipient@38f5fc8 for thread android.os.BinderProxy@feae861, mPid:23413,mApp:ProcessRecord{5144 23413:android.process.media/u0a74}
03-18 17:04:00.060  1242  3027 I ActivityManager: Process android.process.media (pid 23413) has died: cch+99 SVC 
03-18 17:04:00.065  1242  3027 W ActivityManager: Scheduling restart of crashed service com.android.providers.media/.MediaScannerService in 10947ms
03-18 17:04:01.092  1242  1269 I ActivityManager: Start proc 28628:com.google.android.ims/u0a48 for service {com.google.android.ims/com.google.android.ims.services.RcsService}
03-18 17:04:01.142  1242  8482 V ActivityManager: New death recipient com.android.server.am.ActivityManagerService$AppDeathRecipient@64cc36a for thread android.os.BinderProxy@35b05b, pid:28628,mApp:null
03-18 17:04:01.592  1242  3027 V ActivityManager: Death received in com.android.server.am.ActivityManagerService$AppDeathRecipient@f2d219b for thread android.os.BinderProxy@f56b938, mPid:23581,mApp:ProcessRecord{9552257 23581:com.motorola.ccc.notification/u0a79}
03-18 17:04:01.593  1242  3027 I ActivityManager: Process com.motorola.ccc.notification (pid 23581) has died: cch+85 SVC 
03-18 17:04:01.594  1242  3027 W ActivityManager: Scheduling restart of crashed service com.motorola.ccc.notification/.PushService in 19418ms
03-18 17:04:01.662  1242  3027 V ActivityManager: Death received in com.android.server.am.ActivityManagerService$AppDeathRecipient@683e7ad for thread android.os.BinderProxy@38e8ae2, mPid:28157,mApp:ProcessRecord{4bc7445 28157:com.yandex.yango:AppMetrica/u0a167}
03-18 17:04:01.662  1242  3027 I ActivityManager: Process com.yandex.yango:AppMetrica (pid 28157) has died: cch+65 CEM 
03-18 17:04:01.793  1242  1254 D MtkConnectivityService: requestNetwork for uid/pid:10048/28628 NetworkRequest [ TRACK_DEFAULT id=5185, [ Capabilities: INTERNET&NOT_RESTRICTED&TRUSTED Uid: 10048] ]
03-18 17:04:01.798  1242  3027 V SettingsProvider: packageValueForCallResult, name = sqlite_compatibility_wal_flags, value : Bundle[{_track_generation=android.util.MemoryIntArray@71, value=, _generation_index=0, _generation=33}]
03-18 17:04:01.834  1242  3027 W ActivityManager: Receiver with filter android.content.IntentFilter@b435c21 already registered for pid 28628, callerPackage is com.google.android.ims
03-18 17:04:01.924  1242  5203 D MtkConnectivityService: ConnectivityService NetworkRequestInfo binderDied(NetworkRequest [ TRACK_DEFAULT id=5072, [ Capabilities: INTERNET&NOT_RESTRICTED&TRUSTED Uid: 10058] ], android.os.BinderProxy@656e2ff)
03-18 17:04:01.924  1242  1254 D MtkConnectivityService: ConnectivityService NetworkRequestInfo binderDied(NetworkRequest [ LISTEN id=5071, [ Capabilities: INTERNET&NOT_RESTRICTED&TRUSTED Uid: 10058] ], android.os.BinderProxy@c6288cc)
03-18 17:04:01.924  1242  1344 V ActivityManager: Death received in com.android.server.am.ActivityManagerService$AppDeathRecipient@c16b836 for thread android.os.BinderProxy@1911337, mPid:19352,mApp:ProcessRecord{72ea0b1 19352:com.android.vending/u0a58}
03-18 17:04:01.924  1242  4999 D MtkConnectivityService: ConnectivityService NetworkRequestInfo binderDied(NetworkRequest [ TRACK_DEFAULT id=5070, [ Capabilities: INTERNET&NOT_RESTRICTED&TRUSTED Uid: 10058] ], android.os.BinderProxy@56a9715)
03-18 17:04:01.924  1242  1894 D MtkConnectivityService: releasing NetworkRequest [ TRACK_DEFAULT id=5072, [ Capabilities: INTERNET&NOT_RESTRICTED&TRUSTED Uid: 10058] ] (release request)
03-18 17:04:01.925  1242  1344 I ActivityManager: Process com.android.vending (pid 19352) has died: cch+65 CEM 
03-18 17:04:01.925  1242  1894 D MtkConnectivityService: releasing NetworkRequest [ TRACK_DEFAULT id=5070, [ Capabilities: INTERNET&NOT_RESTRICTED&TRUSTED Uid: 10058] ] (release request)
03-18 17:04:02.998  1242  4999 V ActivityManager: Death received in com.android.server.am.ActivityManagerService$AppDeathRecipient@8f8331b for thread android.os.BinderProxy@3222cb8, mPid:28091,mApp:ProcessRecord{2dd3ae7 28091:com.yandex.yango/u0a167}
03-18 17:04:02.998  1242  4999 I ActivityManager: Process com.yandex.yango (pid 28091) has died: cch+65 CEM 
03-18 17:04:07.476  1242  8482 V SettingsProvider: packageValueForCallResult, name = sqlite_compatibility_wal_flags, value : Bundle[{_track_generation=android.util.MemoryIntArray@71, value=, _generation_index=0, _generation=33}]
03-18 17:04:11.053  1242  1269 I ActivityManager: Start proc 28752:android.process.media/u0a74 for service {com.android.providers.media/com.android.providers.media.MediaScannerService}
03-18 17:04:11.112  1242  8482 V ActivityManager: New death recipient com.android.server.am.ActivityManagerService$AppDeathRecipient@9b8c5bc for thread android.os.BinderProxy@b53a945, pid:28752,mApp:null
03-18 17:04:11.204  1242  8482 V SettingsProvider: packageValueForCallResult, name = sqlite_compatibility_wal_flags, value : Bundle[{_track_generation=android.util.MemoryIntArray@71, value=, _generation_index=0, _generation=33}]
03-18 17:04:18.227  1242  4999 V SettingsProvider: packageValueForCallResult, name = android_id, value : Bundle[{_track_generation=android.util.MemoryIntArray@71, value=e007919c303c8daf, _generation_index=2, _generation=30}]
03-18 17:04:18.440  1242  1269 I ActivityManager: Start proc 28840:com.android.vending/u0a58 for service {com.android.vending/com.google.android.finsky.services.LicensingService}
03-18 17:04:18.481  1242  4999 V ActivityManager: New death recipient com.android.server.am.ActivityManagerService$AppDeathRecipient@3c79e6d for thread android.os.BinderProxy@391daa2, pid:28840,mApp:null
03-18 17:04:18.619  1242  1269 I ActivityManager: Start proc 28876:com.google.android.webview:sandboxed_process0:org.chromium.content.app.SandboxedProcessService0:0/u0i217 for  {sinet.startup.inDriver/org.chromium.content.app.SandboxedProcessService0:0}
03-18 17:04:18.643  1242  4999 V ActivityManager: New death recipient com.android.server.am.ActivityManagerService$AppDeathRecipient@6bfa4c for thread android.os.BinderProxy@704ea95, pid:28876,mApp:null
03-18 17:04:19.104  1242  1269 I ActivityManager: Start proc 28945:com.google.android.webview:webview_service/u0a110 for service {com.google.android.webview/org.chromium.android_webview.services.ComponentsProviderService}
03-18 17:04:19.131  1242  6950 V SettingsProvider: packageValueForCallResult, name = device_provisioned, value : Bundle[{_track_generation=android.util.MemoryIntArray@71, value=1, _generation_index=0, _generation=33}]
03-18 17:04:19.166  1242  8482 V ActivityManager: New death recipient com.android.server.am.ActivityManagerService$AppDeathRecipient@f5813f8 for thread android.os.BinderProxy@86640d1, pid:28945,mApp:null
03-18 17:04:19.361  1242  4999 V SettingsProvider: packageValueForCallResult, name = android_id, value : Bundle[{_track_generation=android.util.MemoryIntArray@71, value=85715498b3cd7c07, _generation_index=2, _generation=30}]
03-18 17:04:19.414  1242  1269 I ActivityManager: Start proc 28997:com.google.android.webview:webview_apk/u0a110 for service {com.google.android.webview/org.chromium.android_webview.nonembedded.AwComponentUpdateService}
03-18 17:04:19.439  1242  4630 D MtkConnectivityService: requestNetwork for uid/pid:10058/28840 NetworkRequest [ TRACK_DEFAULT id=5186, [ Capabilities: INTERNET&NOT_RESTRICTED&TRUSTED Uid: 10058] ]
03-18 17:04:19.456  1242  1269 I ActivityManager: Start proc 29014:com.google.process.gapps/u0a98 for content provider {com.google.android.gsf/com.google.android.gsf.settings.GoogleSettingsProvider}
03-18 17:04:19.460  1242  5914 V ActivityManager: New death recipient com.android.server.am.ActivityManagerService$AppDeathRecipient@28da52b for thread android.os.BinderProxy@8e49d88, pid:28997,mApp:null
03-18 17:04:19.513  1242  5914 V ActivityManager: New death recipient com.android.server.am.ActivityManagerService$AppDeathRecipient@8ea0a34 for thread android.os.BinderProxy@2fa605d, pid:29014,mApp:null
03-18 17:04:19.670  1242  2182 V SettingsProvider: packageValueForCallResult, name = sqlite_compatibility_wal_flags, value : Bundle[{_track_generation=android.util.MemoryIntArray@71, value=, _generation_index=0, _generation=33}]
03-18 17:04:20.048  1242  4630 D MtkConnectivityService: requestNetwork for uid/pid:10058/28840 NetworkRequest [ TRACK_DEFAULT id=5188, [ Capabilities: INTERNET&NOT_RESTRICTED&TRUSTED Uid: 10058] ]
03-18 17:04:20.808  1242  5914 D MtkConnectivityService: requestNetwork for uid/pid:10197/28595 NetworkRequest [ TRACK_DEFAULT id=5189, [ Capabilities: INTERNET&NOT_RESTRICTED&TRUSTED Uid: 10197] ]
03-18 17:04:21.060  1242  1269 I ActivityManager: Start proc 29142:com.motorola.ccc.notification/u0a79 for service {com.motorola.ccc.notification/com.motorola.ccc.notification.PushService}
03-18 17:04:21.094  1242  2182 V ActivityManager: New death recipient com.android.server.am.ActivityManagerService$AppDeathRecipient@e0068bc for thread android.os.BinderProxy@37e1045, pid:29142,mApp:null
03-18 17:04:21.315  1242  5914 V SettingsProvider: packageValueForCallResult, name = screen_brightness, value : Bundle[{_track_generation=android.util.MemoryIntArray@71, value=111, _generation_index=3, _generation=88}]
03-18 17:04:21.347  1242  7070 D MtkConnectivityService: ConnectivityService NetworkRequestInfo binderDied(NetworkRequest [ TRACK_DEFAULT id=5183, [ Capabilities: INTERNET&NOT_RESTRICTED&TRUSTED Uid: 10066] ], android.os.BinderProxy@3746bc1)
03-18 17:04:21.347  1242  1255 D MtkConnectivityService: ConnectivityService NetworkRequestInfo binderDied(NetworkRequest [ LISTEN id=5166, [ Capabilities: INTERNET&NOT_RESTRICTED&TRUSTED&NOT_VPN&VALIDATED&NOT_SUSPENDED Uid: 10066] ], android.os.BinderProxy@9acdf66)
03-18 17:04:21.348  1242  5203 D MtkConnectivityService: ConnectivityService NetworkRequestInfo binderDied(NetworkRequest [ TRACK_DEFAULT id=5168, [ Capabilities: INTERNET&NOT_RESTRICTED&TRUSTED Uid: 10066] ], android.os.BinderProxy@99062a7)
03-18 17:04:21.348  1242  1255 D MtkConnectivityService: ConnectivityService NetworkRequestInfo binderDied(NetworkRequest [ LISTEN id=5169, [ Capabilities: INTERNET&NOT_RESTRICTED&TRUSTED Uid: 10066] ], android.os.BinderProxy@4b31354)
03-18 17:04:21.348  1242  2209 V ActivityManager: Death received in com.android.server.am.ActivityManagerService$AppDeathRecipient@7721534 for thread android.os.BinderProxy@8410f5d, mPid:25144,mApp:ProcessRecord{8274b51 25144:com.google.android.googlequicksearchbox:search/u0a66}
03-18 17:04:21.348  1242  2209 I ActivityManager: Process com.google.android.googlequicksearchbox:search (pid 25144) has died: cch+45 SVC 
03-18 17:04:21.349  1242  1894 D MtkConnectivityService: releasing NetworkRequest [ TRACK_DEFAULT id=5168, [ Capabilities: INTERNET&NOT_RESTRICTED&TRUSTED Uid: 10066] ] (release request)
03-18 17:04:21.349  1242  2184 I WindowManager: WIN DEATH: Window{b93c966 u0 (5-5)-Window{3c983fb alpha=1.0 fl=}}
03-18 17:04:21.351  1242  1894 D MtkConnectivityService: releasing NetworkRequest [ TRACK_DEFAULT id=5183, [ Capabilities: INTERNET&NOT_RESTRICTED&TRUSTED Uid: 10066] ] (release request)
03-18 17:04:21.448  1242  2209 W ActivityManager: Scheduling restart of crashed service com.google.android.googlequicksearchbox/com.google.android.apps.gsa.shared.util.keepalive.StandaloneKeepAlive$KeepAliveService in 1000ms
03-18 17:04:21.449  1242  2209 W ActivityManager: Scheduling restart of crashed service com.google.android.googlequicksearchbox/com.google.android.apps.gsa.nowoverlayservice.DrawerOverlayService in 10999ms
03-18 17:04:21.455  1242  1262 W ActivityManager: setHasOverlayUi called on unknown pid: 25144
03-18 17:04:21.573  1242  2209 V ActivityManager: Death received in com.android.server.am.ActivityManagerService$AppDeathRecipient@4f3976d for thread android.os.BinderProxy@f28dfa2, mPid:28565,mApp:ProcessRecord{8d810c0 28565:com.android.providers.calendar/u0a59}
03-18 17:04:21.574  1242  2209 I ActivityManager: Process com.android.providers.calendar (pid 28565) has died: cch+35 CEM 
03-18 17:04:21.720  1242  2209 V SettingsProvider: packageValueForCallResult, name = sqlite_compatibility_wal_flags, value : Bundle[{_track_generation=android.util.MemoryIntArray@71, value=, _generation_index=0, _generation=33}]
03-18 17:04:22.468  1242  1269 I ActivityManager: Start proc 29260:com.google.android.googlequicksearchbox:search/u0a66 for service {com.google.android.googlequicksearchbox/com.google.android.apps.gsa.shared.util.keepalive.StandaloneKeepAlive$KeepAliveService}
03-18 17:04:22.521  1242  2184 V ActivityManager: New death recipient com.android.server.am.ActivityManagerService$AppDeathRecipient@70c540b for thread android.os.BinderProxy@d5d52e8, pid:29260,mApp:null
03-18 17:04:22.955  1242  8482 V ActivityManager: Death received in com.android.server.am.ActivityManagerService$AppDeathRecipient@2e04a7 for thread android.os.BinderProxy@92d0d54, mPid:28541,mApp:ProcessRecord{84aed9b 28541:com.motorola.timeweatherwidget/u0a123}
03-18 17:04:22.955  1242  8482 I ActivityManager: Process com.motorola.timeweatherwidget (pid 28541) has died: cch+25 CEM 
03-18 17:04:23.013  1242  2209 V ActivityManager: Death received in com.android.server.am.ActivityManagerService$AppDeathRecipient@3863558 for thread android.os.BinderProxy@e75b6b1, mPid:28317,mApp:ProcessRecord{6cff5b3 28317:com.google.android.apps.messaging/u0a124}
03-18 17:04:23.013  1242  2209 I ActivityManager: Process com.google.android.apps.messaging (pid 28317) has died: cch+15 CEM 
03-18 17:04:23.063  1242  7070 D MtkConnectivityService: requestNetwork for uid/pid:10197/28595 NetworkRequest [ TRACK_DEFAULT id=5190, [ Capabilities: INTERNET&NOT_RESTRICTED&TRUSTED Uid: 10197] ]
03-18 17:04:23.312  1242  2209 V ActivityManager: Death received in com.android.server.am.ActivityManagerService$AppDeathRecipient@28da52b for thread android.os.BinderProxy@8e49d88, mPid:28997,mApp:ProcessRecord{5c996c9 28997:com.google.android.webview:webview_apk/u0a110}
03-18 17:04:23.312  1242  2209 I ActivityManager: Process com.google.android.webview:webview_apk (pid 28997) has died: cch+5 CEM 
03-18 17:04:23.349  1242  1242 I RoleManagerService: Granting default permissions...
03-18 17:04:23.461  1242  1259 W Looper  : Slow dispatch took 110ms android.fg h=android.os.Handler c=android.app.-$$Lambda$LoadedApk$ReceiverDispatcher$Args$_BumDX2UKsnxLVrE6UJsJZkotuA@12bb36d m=0
03-18 17:04:23.496  1242  1269 I ActivityManager: Start proc 29335:com.google.android.permissioncontroller/u0a94 for service {com.google.android.permissioncontroller/com.android.packageinstaller.role.service.RoleControllerServiceImpl}
03-18 17:04:23.511  1242  5864 V ActivityManager: Death received in com.android.server.am.ActivityManagerService$AppDeathRecipient@9813ed for thread android.os.BinderProxy@d20e222, mPid:28461,mApp:ProcessRecord{c965520 28461:com.example.oomapp/u0a199}
03-18 17:04:23.515  1242  5864 I ActivityManager: Process com.example.oomapp (pid 28461) has died: cch CRE 
03-18 17:04:23.552  1242  6688 V ActivityManager: New death recipient com.android.server.am.ActivityManagerService$AppDeathRecipient@d45a838 for thread android.os.BinderProxy@339e011, pid:29335,mApp:null
03-18 17:04:23.642  1242  2209 E WindowManager: App trying to use insecure INPUT_FEATURE_NO_INPUT_CHANNEL flag. Ignoring
03-18 17:04:23.884  1242  3035 I WindowManager: Relayout Window{79c0db9 u0 sinet.startup.inDriver/sinet.startup.inDriver.ui.splash.SplashActivity}: oldVis=4 newVis=0 focusMayChange = true
03-18 17:04:24.376 29335 29375 W SystemConfig: Got exception parsing permissions.
03-18 17:04:24.376 29335 29375 W SystemConfig: org.xmlpull.v1.XmlPullParserException: expected: /permissions read: permission (position:END_TAG </permission>@17:14 in java.io.FileReader@2e5696b) 
03-18 17:04:24.376 29335 29375 W SystemConfig: 	at com.android.org.kxml2.io.KXmlParser.readEndTag(KXmlParser.java:984)
03-18 17:04:24.376 29335 29375 W SystemConfig: 	at com.android.org.kxml2.io.KXmlParser.next(KXmlParser.java:375)
03-18 17:04:24.376 29335 29375 W SystemConfig: 	at com.android.org.kxml2.io.KXmlParser.next(KXmlParser.java:313)
03-18 17:04:24.376 29335 29375 W SystemConfig: 	at com.android.internal.util.XmlUtils.nextElement(XmlUtils.java:1584)
03-18 17:04:24.376 29335 29375 W SystemConfig: 	at com.android.server.SystemConfig.readPermissionsFromXml(SystemConfig.java:513)
03-18 17:04:24.376 29335 29375 W SystemConfig: 	at com.android.server.SystemConfig.readPermissions(SystemConfig.java:457)
03-18 17:04:24.376 29335 29375 W SystemConfig: 	at com.android.server.SystemConfig.<init>(SystemConfig.java:368)
03-18 17:04:24.376 29335 29375 W SystemConfig: 	at com.android.server.SystemConfig.getInstance(SystemConfig.java:214)
03-18 17:04:24.376 29335 29375 W SystemConfig: 	at android.permission.PermissionManager.<clinit>(PermissionManager.java:52)
03-18 17:04:24.376 29335 29375 W SystemConfig: 	at android.app.SystemServiceRegistry$111.createService(SystemServiceRegistry.java:1270)
03-18 17:04:24.376 29335 29375 W SystemConfig: 	at android.app.SystemServiceRegistry$111.createService(SystemServiceRegistry.java:1266)
03-18 17:04:24.376 29335 29375 W SystemConfig: 	at android.app.SystemServiceRegistry$CachedServiceFetcher.getService(SystemServiceRegistry.java:1421)
03-18 17:04:24.376 29335 29375 W SystemConfig: 	at android.app.SystemServiceRegistry.getSystemService(SystemServiceRegistry.java:1337)
03-18 17:04:24.376 29335 29375 W SystemConfig: 	at android.app.ContextImpl.getSystemService(ContextImpl.java:1806)
03-18 17:04:24.376 29335 29375 W SystemConfig: 	at android.content.ContextWrapper.getSystemService(ContextWrapper.java:752)
03-18 17:04:24.376 29335 29375 W SystemConfig: 	at android.content.Context.getSystemService(Context.java:3452)
03-18 17:04:24.376 29335 29375 W SystemConfig: 	at com.android.packageinstaller.role.model.Permissions.grant(Permissions.java:97)
03-18 17:04:24.376 29335 29375 W SystemConfig: 	at com.android.packageinstaller.role.model.Role.grant(Role.java:584)
03-18 17:04:24.376 29335 29375 W SystemConfig: 	at com.android.packageinstaller.role.service.RoleControllerServiceImpl.addRoleHolderInternal(RoleControllerServiceImpl.java:324)
03-18 17:04:24.376 29335 29375 W SystemConfig: 	at com.android.packageinstaller.role.service.RoleControllerServiceImpl.onGrantDefaultRoles(RoleControllerServiceImpl.java:120)
03-18 17:04:24.376 29335 29375 W SystemConfig: 	at android.app.role.RoleControllerService.grantDefaultRoles(RoleControllerService.java:169)
03-18 17:04:24.376 29335 29375 W SystemConfig: 	at android.app.role.RoleControllerService.access$400(RoleControllerService.java:50)
03-18 17:04:24.376 29335 29375 W SystemConfig: 	at android.app.role.RoleControllerService$1.lambda$grantDefaultRoles$0(RoleControllerService.java:88)
03-18 17:04:24.376 29335 29375 W SystemConfig: 	at android.app.role.-$$Lambda$RoleControllerService$1$-fmj7uDKaG3BoLl6bhtrA675gRI.accept(Unknown Source:4)
03-18 17:04:24.376 29335 29375 W SystemConfig: 	at com.android.internal.util.function.pooled.PooledLambdaImpl.doInvoke(PooledLambdaImpl.java:271)
03-18 17:04:24.376 29335 29375 W SystemConfig: 	at com.android.internal.util.function.pooled.PooledLambdaImpl.invoke(PooledLambdaImpl.java:195)
03-18 17:04:24.376 29335 29375 W SystemConfig: 	at com.android.internal.util.function.pooled.OmniFunction.run(OmniFunction.java:86)
03-18 17:04:24.376 29335 29375 W SystemConfig: 	at android.os.Handler.handleCallback(Handler.java:883)
03-18 17:04:24.376 29335 29375 W SystemConfig: 	at android.os.Handler.dispatchMessage(Handler.java:100)
03-18 17:04:24.376 29335 29375 W SystemConfig: 	at android.os.Looper.loop(Looper.java:214)
03-18 17:04:24.376 29335 29375 W SystemConfig: 	at android.os.HandlerThread.run(HandlerThread.java:67)
03-18 17:04:24.539  1242  1262 W ActivityManager: setHasOverlayUi called on unknown pid: 28461
03-18 17:04:24.551 29335 29375 I SystemConfig: Non-xml file /system/etc/permissions/pms_sysapp_removable_system_list.txt in /system/etc/permissions directory, ignoring
03-18 17:04:24.565 29335 29375 I SystemConfig: Non-xml file /system/etc/permissions/pms_sysapp_removable_vendor_list.txt in /system/etc/permissions directory, ignoring
03-18 17:04:24.749 29335 29375 W SystemConfig: Tag disallowed-managed-device is unknown in /system/etc/permissions/afw-com.motorola.commandcenter.xml at START_TAG (empty) <disallowed-managed-device package='com.motorola.commandcenter'>@3:70 in java.io.FileReader@10fefb1
03-18 17:04:25.014 29335 29375 W SystemConfig: No directory /product_services/etc/sysconfig, skipping
03-18 17:04:25.014 29335 29375 W SystemConfig: No directory /product_services/etc/permissions, skipping
03-18 17:04:25.545  1242  1242 W Looper  : Slow dispatch took 2184ms main h=android.app.ActivityThread$H c=android.app.-$$Lambda$LoadedApk$ReceiverDispatcher$Args$_BumDX2UKsnxLVrE6UJsJZkotuA@fca0a8 m=0
03-18 17:04:25.545  1242  1242 W Looper  : Slow delivery took 2208ms main h=android.app.ActivityThread$H c=android.app.-$$Lambda$LoadedApk$ReceiverDispatcher$Args$_BumDX2UKsnxLVrE6UJsJZkotuA@e6f0b66 m=0
03-18 17:04:25.869  1242  1242 W Looper  : Slow dispatch took 299ms main h=android.app.ActivityThread$H c=android.app.-$$Lambda$LoadedApk$ReceiverDispatcher$Args$_BumDX2UKsnxLVrE6UJsJZkotuA@7518e26 m=0
03-18 17:04:25.981 29142 29142 E ActivityThread: Failed to find provider info for com.android.launcher3.settings
03-18 17:04:26.222 29142 29142 E ActivityThread: Failed to find provider info for com.android.launcher3.settings
03-18 17:04:26.468  1242  1242 W Looper  : Slow dispatch took 571ms main h=android.app.ActivityThread$H c=android.app.-$$Lambda$LoadedApk$ReceiverDispatcher$Args$_BumDX2UKsnxLVrE6UJsJZkotuA@44c99f4 m=0
03-18 17:04:26.468  1242  1242 I Telecom : DefaultDialerCache: Refreshing default dialer for user 0: now com.google.android.dialer: DDC.oR@BGI
03-18 17:04:26.500  1242  1242 I RoleManagerService: Granting default permissions...
03-18 17:04:26.632  1242  1242 I Telecom : DefaultDialerCache: Refreshing default dialer for user 0: now com.google.android.dialer: DDC.oR@BGM
03-18 17:04:26.653  1242  1242 W Looper  : Drained
03-18 17:04:26.746 29142 29456 E ActivityThread: Failed to find provider info for com.android.launcher3.settings
03-18 17:04:26.755  1242  1267 I RoleUserState: Wrote roles.xml successfully
03-18 17:04:26.862  1242  4630 I ActivityTaskManager: START u0 {flg=0x14000000 cmp=sinet.startup.inDriver/.ui.client.main.ClientActivity} from uid 10197
03-18 17:04:27.085  1242  1894 D MtkConnectivityService: releasing NetworkRequest [ TRACK_DEFAULT id=5190, [ Capabilities: INTERNET&NOT_RESTRICTED&TRUSTED Uid: 10197] ] (release request)
03-18 17:04:27.086  1242  1894 D MtkConnectivityService: releasing NetworkRequest [ TRACK_DEFAULT id=5189, [ Capabilities: INTERNET&NOT_RESTRICTED&TRUSTED Uid: 10197] ] (release request)
03-18 17:04:27.165  1242  1267 I RoleUserState: Wrote roles.xml successfully
03-18 17:04:28.299  1242  4631 D MtkConnectivityService: requestNetwork for uid/pid:10197/28595 NetworkRequest [ TRACK_DEFAULT id=5194, [ Capabilities: INTERNET&NOT_RESTRICTED&TRUSTED Uid: 10197] ]
03-18 17:04:28.468  1242  5864 E WindowManager: App trying to use insecure INPUT_FEATURE_NO_INPUT_CHANNEL flag. Ignoring
03-18 17:04:28.641  1242  5864 I WindowManager: Relayout Window{3e8ede0 u0 sinet.startup.inDriver/sinet.startup.inDriver.ui.client.main.ClientActivity}: oldVis=4 newVis=0 focusMayChange = true
03-18 17:04:29.877  1242  5864 V ActivityManager: Death received in com.android.server.am.ActivityManagerService$AppDeathRecipient@f5813f8 for thread android.os.BinderProxy@86640d1, mPid:28945,mApp:ProcessRecord{1a80041 28945:com.google.android.webview:webview_service/u0a110}
03-18 17:04:29.885  1242  5864 I ActivityManager: Process com.google.android.webview:webview_service (pid 28945) has died: cch+5 CEM 
03-18 17:04:30.252  1242  1269 I ActivityManager: Start proc 29502:com.android.vending:background/u0a58 for service {com.android.vending/com.google.frameworks.client.data.android.server.play.BackgroundProcessEndpointService}
03-18 17:04:30.292  1242  5864 V ActivityManager: New death recipient com.android.server.am.ActivityManagerService$AppDeathRecipient@23a703b for thread android.os.BinderProxy@9b5f358, pid:29502,mApp:null
03-18 17:04:30.576  1242  5864 V SettingsProvider: packageValueForCallResult, name = device_provisioned, value : Bundle[{_track_generation=android.util.MemoryIntArray@71, value=1, _generation_index=0, _generation=33}]
03-18 17:04:30.753  1242  5864 D MtkConnectivityService: requestNetwork for uid/pid:10058/29502 NetworkRequest [ TRACK_DEFAULT id=5196, [ Capabilities: INTERNET&NOT_RESTRICTED&TRUSTED Uid: 10058] ]
03-18 17:04:35.146  1242  3035 D MtkConnectivityService: requestNetwork for uid/pid:10197/28595 NetworkRequest [ TRACK_DEFAULT id=5197, [ Capabilities: INTERNET&NOT_RESTRICTED&TRUSTED Uid: 10197] ]
03-18 17:04:36.895  1242  4999 V SettingsProvider: packageValueForCallResult, name = null, value : Bundle[{_track_generation=android.util.MemoryIntArray@71, value=null, _generation_index=1, _generation=5}]
03-18 17:04:36.902  1242  1262 W ActivityTaskManager: Launch timeout has expired, giving up wake lock!
03-18 17:04:37.360  1242  4999 D MtkConnectivityService: requestNetwork for uid/pid:10197/28595 NetworkRequest [ REQUEST id=5199, [ Transports: CELLULAR|WIFI Capabilities: INTERNET&NOT_RESTRICTED&TRUSTED&NOT_VPN Uid: 10197] ]
03-18 17:04:37.804  1242  5864 V SettingsProvider: packageValueForCallResult, name = android_id, value : Bundle[{_track_generation=android.util.MemoryIntArray@71, value=85715498b3cd7c07, _generation_index=2, _generation=30}]
03-18 17:04:40.077  1242  5864 D MtkConnectivityService: requestNetwork for uid/pid:10197/28595 NetworkRequest [ TRACK_DEFAULT id=5201, [ Capabilities: INTERNET&NOT_RESTRICTED&TRUSTED Uid: 10197] ]
03-18 17:04:40.432  1242  3030 V ActivityManager: Death received in com.android.server.am.ActivityManagerService$AppDeathRecipient@aedc9b2 for thread android.os.BinderProxy@c5f4d03, mPid:28403,mApp:ProcessRecord{7f689f 28403:android.process.acore/u0a45}
03-18 17:04:40.433  1242  3030 I ActivityManager: Process android.process.acore (pid 28403) has died: cch+5 CEM 
03-18 17:04:42.370  1242  3030 V ActivityManager: Death received in com.android.server.am.ActivityManagerService$AppDeathRecipient@d45a838 for thread android.os.BinderProxy@339e011, mPid:29335,mApp:ProcessRecord{1f456ee 29335:com.google.android.permissioncontroller/u0a94}
03-18 17:04:42.371  1242  3030 I ActivityManager: Process com.google.android.permissioncontroller (pid 29335) has died: cch+5 CEM 
03-18 17:04:42.403  1242  1894 D MtkConnectivityService: releasing NetworkRequest [ TRACK_DEFAULT id=5197, [ Capabilities: INTERNET&NOT_RESTRICTED&TRUSTED Uid: 10197] ] (release request)
--------- beginning of crash
03-18 17:04:47.847 28595 28601 F libc    : Fatal signal 6 (SIGABRT), code -1 (SI_QUEUE) in tid 28601 (Jit thread pool), pid 28595 (tartup.inDriver)
03-18 17:04:48.449 29904 29904 F DEBUG   : *** *** *** *** *** *** *** *** *** *** *** *** *** *** *** ***
03-18 17:04:48.449 29904 29904 F DEBUG   : Build fingerprint: 'motorola/malta_reteu/malta:10/QOFS30.569-83-5/8f054:user/release-keys'
03-18 17:04:48.449 29904 29904 F DEBUG   : Revision: '0'
03-18 17:04:48.449 29904 29904 F DEBUG   : ABI: 'arm'
03-18 17:04:48.450 29904 29904 F DEBUG   : Timestamp: 2025-03-18 17:04:48+0200
03-18 17:04:48.450 29904 29904 F DEBUG   : pid: 28595, tid: 28601, name: Jit thread pool  >>> sinet.startup.inDriver <<<
03-18 17:04:48.450 29904 29904 F DEBUG   : uid: 10197
03-18 17:04:48.450 29904 29904 F DEBUG   : signal 6 (SIGABRT), code -1 (SI_QUEUE), fault addr --------
03-18 17:04:48.451 29904 29904 F DEBUG   : Abort message: 'Check failed: mem_map.IsValid() '
03-18 17:04:48.451 29904 29904 F DEBUG   :     r0  00000000  r1  00006fb9  r2  00000006  r3  9a9047c0
03-18 17:04:48.451 29904 29904 F DEBUG   :     r4  9a9047d4  r5  9a9047b8  r6  00006fb3  r7  0000016b
03-18 17:04:48.451 29904 29904 F DEBUG   :     r8  9a9047d0  r9  9a9047c0  r10 9a9047f0  r11 9a9047e0
03-18 17:04:48.451 29904 29904 F DEBUG   :     ip  00006fb9  sp  9a904790  lr  aba582c3  pc  aba582d6
03-18 17:04:48.504 29904 29904 F DEBUG   : 
03-18 17:04:48.504 29904 29904 F DEBUG   : backtrace:
03-18 17:04:48.504 29904 29904 F DEBUG   :       #00 pc 0005f2d6  /apex/com.android.runtime/lib/bionic/libc.so (abort+166) (BuildId: 4431b35d55c1d9b5f8568451110b8281)
03-18 17:04:48.505 29904 29904 F DEBUG   :       #01 pc 003764a9  /apex/com.android.runtime/lib/libart.so (art::Runtime::Abort(char const*)+1676) (BuildId: 6f9ff0249b584ef2ccfd8706abc3164e)
03-18 17:04:48.505 29904 29904 F DEBUG   :       #02 pc 0000855f  /system/lib/libbase.so (android::base::LogMessage::~LogMessage()+406) (BuildId: a28585ee446ea17e3e6fcf9c907fff2a)
03-18 17:04:48.505 29904 29904 F DEBUG   :       #03 pc 001694ef  /apex/com.android.runtime/lib/libart.so (_ZN3art2gc10accounting17MemoryRangeBitmapILj16EE6CreateERKNSt3__112basic_stringIcNS4_11char_traitsIcEENS4_9allocatorIcEEEEjj+302) (BuildId: 6f9ff0249b584ef2ccfd8706abc3164e)
03-18 17:04:48.505 29904 29904 F DEBUG   :       #04 pc 0025c483  /apex/com.android.runtime/lib/libart.so (art::jit::JitCodeCache::GarbageCollectCache(art::Thread*)+662) (BuildId: 6f9ff0249b584ef2ccfd8706abc3164e)
03-18 17:04:48.505 29904 29904 F DEBUG   :       #05 pc 0025b6ad  /apex/com.android.runtime/lib/libart.so (art::jit::JitCodeCache::CommitCode(art::Thread*, art::ArtMethod*, unsigned char*, unsigned char*, unsigned char const*, unsigned int, unsigned int, bool, std::__1::vector<art::Handle<art::mirror::Object>, std::__1::allocator<art::Handle<art::mirror::Object>>> const&, bool, std::__1::set<art::ArtMethod*, std::__1::less<art::ArtMethod*>, art::ArenaAllocatorAdapter<art::ArtMethod*>> const&)+80) (BuildId: 6f9ff0249b584ef2ccfd8706abc3164e)
03-18 17:04:48.506 29904 29904 F DEBUG   :       #06 pc 0018fcc5  /apex/com.android.runtime/lib/libart-compiler.so (art::OptimizingCompiler::JitCompile(art::Thread*, art::jit::JitCodeCache*, art::ArtMethod*, bool, bool, art::jit::JitLogger*)+1724) (BuildId: 06d06e8482bd019c0d5b1c8b9115c964)
03-18 17:04:48.506 29904 29904 F DEBUG   :       #07 pc 00165b59  /apex/com.android.runtime/lib/libart-compiler.so (art::jit::JitCompiler::CompileMethod(art::Thread*, art::ArtMethod*, bool, bool)+140) (BuildId: 06d06e8482bd019c0d5b1c8b9115c964)
03-18 17:04:48.506 29904 29904 F DEBUG   :       #08 pc 00165ac3  /apex/com.android.runtime/lib/libart-compiler.so (jit_compile_method+14) (BuildId: 06d06e8482bd019c0d5b1c8b9115c964)
03-18 17:04:48.506 29904 29904 F DEBUG   :       #09 pc 002565bf  /apex/com.android.runtime/lib/libart.so (art::jit::Jit::CompileMethod(art::ArtMethod*, art::Thread*, bool, bool)+438) (BuildId: 6f9ff0249b584ef2ccfd8706abc3164e)
03-18 17:04:48.506 29904 29904 F DEBUG   :       #10 pc 00258a3f  /apex/com.android.runtime/lib/libart.so (art::jit::JitCompileTask::Run(art::Thread*)+438) (BuildId: 6f9ff0249b584ef2ccfd8706abc3164e)
03-18 17:04:48.506 29904 29904 F DEBUG   :       #11 pc 003bc6bb  /apex/com.android.runtime/lib/libart.so (art::ThreadPoolWorker::Run()+54) (BuildId: 6f9ff0249b584ef2ccfd8706abc3164e)
03-18 17:04:48.506 29904 29904 F DEBUG   :       #12 pc 003bc31f  /apex/com.android.runtime/lib/libart.so (art::ThreadPoolWorker::Callback(void*)+90) (BuildId: 6f9ff0249b584ef2ccfd8706abc3164e)
03-18 17:04:48.506 29904 29904 F DEBUG   :       #13 pc 000a60b3  /apex/com.android.runtime/lib/bionic/libc.so (__pthread_start(void*)+20) (BuildId: 4431b35d55c1d9b5f8568451110b8281)
03-18 17:04:48.506 29904 29904 F DEBUG   :       #14 pc 00060783  /apex/com.android.runtime/lib/bionic/libc.so (__start_thread+30) (BuildId: 4431b35d55c1d9b5f8568451110b8281)
03-18 17:04:52.611  1242  6688 V ActivityManager: Death received in com.android.server.am.ActivityManagerService$AppDeathRecipient@e0068bc for thread android.os.BinderProxy@37e1045, mPid:29142,mApp:ProcessRecord{8d24914 29142:com.motorola.ccc.notification/u0a79}
03-18 17:04:52.611  1242  6688 I ActivityManager: Process com.motorola.ccc.notification (pid 29142) has died: svcb SVC 
03-18 17:04:52.612  1242  6688 W ActivityManager: Scheduling restart of crashed service com.motorola.ccc.notification/.PushService in 77672ms
03-18 17:04:54.126  1242 29916 W ActivityTaskManager:   Force finishing activity sinet.startup.inDriver/.ui.client.main.ClientActivity
03-18 17:04:54.139  1242  1273 I BootReceiver: Copying /data/tombstones/tombstone_00 to DropBox (SYSTEM_TOMBSTONE)
03-18 17:04:54.245  1242  1268 W BroadcastQueue: Background execution not allowed: receiving Intent { act=android.intent.action.DROPBOX_ENTRY_ADDED flg=0x10 (has extras) } to com.google.android.gms/.stats.service.DropBoxEntryAddedReceiver
03-18 17:04:54.302  1242  1260 I ActivityManager: Showing crash dialog for package sinet.startup.inDriver u0
03-18 17:04:54.314  1242  1268 W BroadcastQueue: Background execution not allowed: receiving Intent { act=android.intent.action.DROPBOX_ENTRY_ADDED flg=0x10 (has extras) } to com.google.android.gms/.stats.service.DropBoxEntryAddedReceiver
03-18 17:04:54.482  1242  2226 V ActivityManager: Death received in com.android.server.am.ActivityManagerService$AppDeathRecipient@e0f5698 for thread android.os.BinderProxy@a7a5ef1, mPid:28595,mApp:ProcessRecord{b4291e1 28595:sinet.startup.inDriver/u0a197}
03-18 17:04:54.482  1242  5864 I WindowManager: WIN DEATH: Window{3e8ede0 u0 sinet.startup.inDriver/sinet.startup.inDriver.ui.client.main.ClientActivity}
03-18 17:04:54.483  1242  2226 I ActivityManager: Process sinet.startup.inDriver (pid 28595) has died: fore  +50 TOP 
03-18 17:04:54.486  1242  7158 D MtkConnectivityService: ConnectivityService NetworkRequestInfo binderDied(NetworkRequest [ LISTEN id=5200, [ Capabilities: INTERNET&NOT_RESTRICTED&TRUSTED&NOT_VPN Uid: 10197] ], android.os.BinderProxy@6b7de37)
03-18 17:04:54.486  1242  4999 D MtkConnectivityService: ConnectivityService NetworkRequestInfo binderDied(NetworkRequest [ LISTEN id=5193, [ Capabilities: INTERNET&NOT_RESTRICTED&TRUSTED&NOT_VPN Uid: 10197] ], android.os.BinderProxy@dc1510d)
03-18 17:04:54.486  1242  6688 D MtkConnectivityService: ConnectivityService NetworkRequestInfo binderDied(NetworkRequest [ LISTEN id=5191, [ Capabilities: INTERNET&NOT_RESTRICTED&TRUSTED&NOT_VPN Uid: 10197] ], android.os.BinderProxy@7888fa4)
03-18 17:04:54.486  1242  1254 D MtkConnectivityService: ConnectivityService NetworkRequestInfo binderDied(NetworkRequest [ TRACK_DEFAULT id=5194, [ Capabilities: INTERNET&NOT_RESTRICTED&TRUSTED Uid: 10197] ], android.os.BinderProxy@f0fa8c2)
03-18 17:04:54.487  1242  3027 D MtkConnectivityService: ConnectivityService NetworkRequestInfo binderDied(NetworkRequest [ LISTEN id=5195, [ Capabilities: INTERNET&NOT_RESTRICTED&TRUSTED&NOT_VPN Uid: 10197] ], android.os.BinderProxy@72226d3)
03-18 17:04:54.487  1242  3021 D MtkConnectivityService: ConnectivityService NetworkRequestInfo binderDied(NetworkRequest [ REQUEST id=5199, [ Transports: CELLULAR|WIFI Capabilities: INTERNET&NOT_RESTRICTED&TRUSTED&NOT_VPN Uid: 10197] ], android.os.BinderProxy@b910210)
03-18 17:04:54.487  1242  9536 D MtkConnectivityService: ConnectivityService NetworkRequestInfo binderDied(NetworkRequest [ TRACK_DEFAULT id=5201, [ Capabilities: INTERNET&NOT_RESTRICTED&TRUSTED Uid: 10197] ], android.os.BinderProxy@3bef109)
03-18 17:04:54.487  1242  3035 D MtkConnectivityService: ConnectivityService NetworkRequestInfo binderDied(NetworkRequest [ LISTEN id=5192, [ Capabilities: INTERNET&NOT_RESTRICTED&TRUSTED&NOT_VPN Uid: 10197] ], android.os.BinderProxy@bb38f0e)
03-18 17:04:54.500  1242  1894 D MtkConnectivityService: releasing NetworkRequest [ TRACK_DEFAULT id=5194, [ Capabilities: INTERNET&NOT_RESTRICTED&TRUSTED Uid: 10197] ] (release request)
03-18 17:04:54.502  1242  1894 D MtkConnectivityService: releasing NetworkRequest [ REQUEST id=5199, [ Transports: CELLULAR|WIFI Capabilities: INTERNET&NOT_RESTRICTED&TRUSTED&NOT_VPN Uid: 10197] ] (release request)
03-18 17:04:54.503  1242  1894 D MtkConnectivityService: releasing NetworkRequest [ TRACK_DEFAULT id=5201, [ Capabilities: INTERNET&NOT_RESTRICTED&TRUSTED Uid: 10197] ] (release request)
03-18 17:04:54.613  1242  5864 V ActivityManager: Death received in com.android.server.am.ActivityManagerService$AppDeathRecipient@6bfa4c for thread android.os.BinderProxy@704ea95, mPid:28876,mApp:ProcessRecord{582518 28876:com.google.android.webview:sandboxed_process0:org.chromium.content.app.SandboxedProcessService0:0/u0a197i217}
03-18 17:04:54.698  1242  2226 I ActivityManager: Killing 28876:com.google.android.webview:sandboxed_process0:org.chromium.content.app.SandboxedProcessService0:0/u0a197i217 (adj 0): isolated not needed
03-18 17:04:54.780  1242  1260 W Looper  : Slow dispatch took 551ms android.ui h=com.android.server.am.ActivityManagerService$UiHandler c=null m=1
03-18 17:04:54.781  1242  1260 W Looper  : Slow delivery took 532ms android.ui h=com.android.server.am.ActivityManagerService$UiHandler c=null m=31
03-18 17:04:54.781  1242  1262 W ActivityManager: setHasOverlayUi called on unknown pid: 28595
03-18 17:04:54.782  1242  1262 W ActivityTaskManager: Activity top resumed state loss timeout for ActivityRecord{f72d21f u0 sinet.startup.inDriver/.ui.client.main.ClientActivity t-1 f}
03-18 17:04:54.964 18770 18770 E ActivityThread: Service com.google.android.gms.chimera.GmsApiService has leaked ServiceConnection bipk@8767bf3 that was originally bound here
