03-18 17:24:39.639  4423  4423 F DEBUG   :       #34 pc 0003afe9  /system/lib/libbinder.so (android::IPCThreadState::executeCommand(int)+768) (BuildId: b4ce9e700f9d50b73ae539ead21c7a3b)
03-18 17:24:39.639  4423  4423 F DEBUG   :       #35 pc 0003ac2b  /system/lib/libbinder.so (android::IPCThreadState::getAndExecuteCommand()+98) (BuildId: b4ce9e700f9d50b73ae539ead21c7a3b)
03-18 17:24:39.639  4423  4423 F DEBUG   :       #36 pc 0003b1bf  /system/lib/libbinder.so (android::IPCThreadState::joinThreadPool(bool)+38) (BuildId: b4ce9e700f9d50b73ae539ead21c7a3b)
03-18 17:24:39.639  4423  4423 F DEBUG   :       #37 pc 00053f85  /system/lib/libbinder.so (android::PoolThread::threadLoop()+12) (BuildId: b4ce9e700f9d50b73ae539ead21c7a3b)
03-18 17:24:39.639  4423  4423 F DEBUG   :       #38 pc 0000d8b3  /system/lib/libutils.so (android::Thread::_threadLoop(void*)+182) (BuildId: 2651b7992042c04c10ef16f63e305106)
03-18 17:24:39.639  4423  4423 F DEBUG   :       #39 pc 00080a9d  /system/lib/libandroid_runtime.so (android::AndroidRuntime::javaThreadShell(void*)+84) (BuildId: 25540b82f42617faddf85d980cd7e62c)
03-18 17:24:39.639  4423  4423 F DEBUG   :       #40 pc 000a60b3  /apex/com.android.runtime/lib/bionic/libc.so (__pthread_start(void*)+20) (BuildId: 4431b35d55c1d9b5f8568451110b8281)
03-18 17:24:39.639  4423  4423 F DEBUG   :       #41 pc 00060783  /apex/com.android.runtime/lib/bionic/libc.so (__start_thread+30) (BuildId: 4431b35d55c1d9b5f8568451110b8281)
03-18 17:24:45.197  1242  4429 W ActivityTaskManager:   Force finishing activity sinet.startup.inDriver/.ui.client.main.ClientActivity
03-18 17:24:45.218  1242  1273 I BootReceiver: Copying /data/tombstones/tombstone_01 to DropBox (SYSTEM_TOMBSTONE)
03-18 17:24:45.254  1242  1268 W BroadcastQueue: Background execution not allowed: receiving Intent { act=android.intent.action.DROPBOX_ENTRY_ADDED flg=0x10 (has extras) } to com.google.android.gms/.stats.service.DropBoxEntryAddedReceiver
03-18 17:24:45.287  1242  1260 I ActivityManager: Showing crash dialog for package sinet.startup.inDriver u0
03-18 17:24:45.288  1242  1268 W BroadcastQueue: Background execution not allowed: receiving Intent { act=android.intent.action.DROPBOX_ENTRY_ADDED flg=0x10 (has extras) } to com.google.android.gms/.stats.service.DropBoxEntryAddedReceiver
03-18 17:24:45.494  1242  1260 W Looper  : Slow dispatch took 241ms android.ui h=com.android.server.am.ActivityManagerService$UiHandler c=null m=1
03-18 17:24:45.496  1242  1260 W Looper  : Slow delivery took 237ms android.ui h=com.android.server.am.ActivityManagerService$UiHandler c=null m=31
03-18 17:24:45.598  1242  4631 I WindowManager: WIN DEATH: Window{59edf91 u0 sinet.startup.inDriver/sinet.startup.inDriver.ui.client.main.ClientActivity}
03-18 17:24:45.598  1242  2246 V ActivityManager: Death received in com.android.server.am.ActivityManagerService$AppDeathRecipient@23ab7c7 for thread android.os.BinderProxy@1e911f4, mPid:2906,mApp:ProcessRecord{24a75fa 2906:sinet.startup.inDriver/u0a197}
03-18 17:24:45.598  1242  2246 I ActivityManager: Process sinet.startup.inDriver (pid 2906) has died: fore  +50 TOP 
03-18 17:24:45.615  1242  9536 D MtkConnectivityService: ConnectivityService NetworkRequestInfo binderDied(NetworkRequest [ TRACK_DEFAULT id=5261, [ Capabilities: INTERNET&NOT_RESTRICTED&TRUSTED Uid: 10197] ], android.os.BinderProxy@a6ff2fa)
03-18 17:24:45.615  1242  4630 D MtkConnectivityService: ConnectivityService NetworkRequestInfo binderDied(NetworkRequest [ LISTEN id=5262, [ Capabilities: INTERNET&NOT_RESTRICTED&TRUSTED Uid: 10197] ], android.os.BinderProxy@50ed0ab)
03-18 17:24:45.615  1242  1894 D MtkConnectivityService: releasing NetworkRequest [ TRACK_DEFAULT id=5261, [ Capabilities: INTERNET&NOT_RESTRICTED&TRUSTED Uid: 10197] ] (release request)
03-18 17:24:45.615  1242  3027 D MtkConnectivityService: ConnectivityService NetworkRequestInfo binderDied(NetworkRequest [ TRACK_DEFAULT id=5258, [ Capabilities: INTERNET&NOT_RESTRICTED&TRUSTED Uid: 10197] ], android.os.BinderProxy@a252308)
03-18 17:24:45.615  1242  7070 D MtkConnectivityService: ConnectivityService NetworkRequestInfo binderDied(NetworkRequest [ LISTEN id=5248, [ Capabilities: INTERNET&NOT_RESTRICTED&TRUSTED&NOT_VPN Uid: 10197] ], android.os.BinderProxy@2ac8aa1)
03-18 17:24:45.615  1242  2226 D MtkConnectivityService: ConnectivityService NetworkRequestInfo binderDied(NetworkRequest [ LISTEN id=5257, [ Capabilities: INTERNET&NOT_RESTRICTED&TRUSTED&NOT_VPN Uid: 10197] ], android.os.BinderProxy@f3a44c6)
03-18 17:24:45.615  1242  1344 D MtkConnectivityService: ConnectivityService NetworkRequestInfo binderDied(NetworkRequest [ LISTEN id=5252, [ Capabilities: INTERNET&NOT_RESTRICTED&TRUSTED&NOT_VPN Uid: 10197] ], android.os.BinderProxy@3e7cc87)
03-18 17:24:45.615  1242  2225 D MtkConnectivityService: ConnectivityService NetworkRequestInfo binderDied(NetworkRequest [ TRACK_DEFAULT id=5251, [ Capabilities: INTERNET&NOT_RESTRICTED&TRUSTED Uid: 10197] ], android.os.BinderProxy@16d67b4)
03-18 17:24:45.615  1242  3030 D MtkConnectivityService: ConnectivityService NetworkRequestInfo binderDied(NetworkRequest [ REQUEST id=5263, [ Transports: CELLULAR|WIFI Capabilities: INTERNET&NOT_RESTRICTED&TRUSTED&NOT_VPN Uid: 10197] ], android.os.BinderProxy@a662fdd)
03-18 17:24:45.616  1242  4999 D MtkConnectivityService: ConnectivityService NetworkRequestInfo binderDied(NetworkRequest [ LISTEN id=5249, [ Capabilities: INTERNET&NOT_RESTRICTED&TRUSTED&NOT_VPN Uid: 10197] ], android.os.BinderProxy@205e752)
03-18 17:24:45.616  1242  6950 D MtkConnectivityService: ConnectivityService NetworkRequestInfo binderDied(NetworkRequest [ LISTEN id=5250, [ Capabilities: INTERNET&NOT_RESTRICTED&TRUSTED&NOT_VPN Uid: 10197] ], android.os.BinderProxy@46aaa23)
03-18 17:24:45.616  1242  5203 D MtkConnectivityService: ConnectivityService NetworkRequestInfo binderDied(NetworkRequest [ TRACK_DEFAULT id=5260, [ Capabilities: INTERNET&NOT_RESTRICTED&TRUSTED Uid: 10197] ], android.os.BinderProxy@b534b20)
03-18 17:24:45.634  1242  1260 W Looper  : Slow dispatch took 112ms android.ui h=android.view.Choreographer$FrameHandler c=android.view.Choreographer$FrameDisplayEventReceiver@a46d06f m=0
03-18 17:24:45.635  1242  1894 D MtkConnectivityService: releasing NetworkRequest [ TRACK_DEFAULT id=5258, [ Capabilities: INTERNET&NOT_RESTRICTED&TRUSTED Uid: 10197] ] (release request)
03-18 17:24:45.636  1242  1894 D MtkConnectivityService: releasing NetworkRequest [ TRACK_DEFAULT id=5251, [ Capabilities: INTERNET&NOT_RESTRICTED&TRUSTED Uid: 10197] ] (release request)
03-18 17:24:45.638  1242  1894 D MtkConnectivityService: releasing NetworkRequest [ TRACK_DEFAULT id=5260, [ Capabilities: INTERNET&NOT_RESTRICTED&TRUSTED Uid: 10197] ] (release request)
03-18 17:24:45.639  1242  1894 D MtkConnectivityService: releasing NetworkRequest [ REQUEST id=5263, [ Transports: CELLULAR|WIFI Capabilities: INTERNET&NOT_RESTRICTED&TRUSTED&NOT_VPN Uid: 10197] ] (release request)
03-18 17:24:45.706  1242  2246 E SparseMappingTable: can't store negative values key=0x6830027 index=0 value=-2840 -- SparseMappingTable.Table{mSequence=14 mParent.mSequence=14 mParent.mLongs.size()=1 mSize=10 mTable=[0x14/0x0/0x371, 0x16/0x0/0x370, 0x17/0x0/0x2f7, 0x18/0x0/0x372, 0x1e/0x0/0xa82, 0x20/0x0/0xa81, 0x22/0x0/0xa83, 0x23/0x0/0x684, 0x25/0x0/0x682, 0x27/0x0/0x683, 0x0/0x0/0x0, 0x0/0x0/0x0, 0x0/0x0/0x0, 0x0/0x0/0x0, 0x0/0x0/0x0, 0x0/0x0/0x0, 0x0/0x0/0x0, 0x0/0x0/0x0, 0x0/0x0/0x0] clazz=com.android.internal.app.procstats.DurationsTable}
03-18 17:24:45.706  1242  2246 E SparseMappingTable: java.lang.RuntimeException: Stack trace
03-18 17:24:45.706  1242  2246 E SparseMappingTable: 	at com.android.internal.app.procstats.SparseMappingTable.logOrThrow(SparseMappingTable.java:645)
03-18 17:24:45.706  1242  2246 E SparseMappingTable: 	at com.android.internal.app.procstats.SparseMappingTable.access$400(SparseMappingTable.java:46)
03-18 17:24:45.706  1242  2246 E SparseMappingTable: 	at com.android.internal.app.procstats.SparseMappingTable$Table.setValue(SparseMappingTable.java:274)
03-18 17:24:45.706  1242  2246 E SparseMappingTable: 	at com.android.internal.app.procstats.SparseMappingTable$Table.setValue(SparseMappingTable.java:259)
03-18 17:24:45.706  1242  2246 E SparseMappingTable: 	at com.android.internal.app.procstats.DurationsTable.addDuration(DurationsTable.java:49)
03-18 17:24:45.706  1242  2246 E SparseMappingTable: 	at com.android.internal.app.procstats.ServiceState.setForeground(ServiceState.java:380)
03-18 17:24:45.706  1242  2246 E SparseMappingTable: 	at com.android.server.am.ActiveServices.bringDownServiceLocked(ActiveServices.java:3069)
03-18 17:24:45.706  1242  2246 E SparseMappingTable: 	at com.android.server.am.ActiveServices.bringDownServiceIfNeededLocked(ActiveServices.java:2947)
03-18 17:24:45.706  1242  2246 E SparseMappingTable: 	at com.android.server.am.ActiveServices.removeConnectionLocked(ActiveServices.java:3234)
03-18 17:24:45.706  1242  2246 E SparseMappingTable: 	at com.android.server.am.ActiveServices.killServicesLocked(ActiveServices.java:3619)
03-18 17:24:45.706  1242  2246 E SparseMappingTable: 	at com.android.server.am.ActivityManagerService.cleanUpApplicationRecordLocked(ActivityManagerService.java:13908)
03-18 17:24:45.706  1242  2246 E SparseMappingTable: 	at com.android.server.am.ActivityManagerService.handleAppDiedLocked(ActivityManagerService.java:3680)
03-18 17:24:45.706  1242  2246 E SparseMappingTable: 	at com.android.server.am.ActivityManagerService.appDiedLocked(ActivityManagerService.java:3834)
03-18 17:24:45.706  1242  2246 E SparseMappingTable: 	at com.android.server.am.ActivityManagerService$AppDeathRecipient.binderDied(ActivityManagerService.java:1537)
03-18 17:24:45.706  1242  2246 E SparseMappingTable: 	at android.os.BinderProxy.sendDeathNotice(BinderProxy.java:620)
03-18 17:24:45.707  1242  2246 E SparseMappingTable: can't store negative values key=0x6840023 index=0 value=-2840 -- SparseMappingTable.Table{mSequence=14 mParent.mSequence=14 mParent.mLongs.size()=1 mSize=10 mTable=[0x14/0x0/0x371, 0x16/0x0/0x370, 0x17/0x0/0x2f7, 0x18/0x0/0x372, 0x1e/0x0/0xa82, 0x20/0x0/0xa81, 0x22/0x0/0xa83, 0x23/0x0/0x684, 0x25/0x0/0x682, 0x27/0x0/0x683, 0x0/0x0/0x0, 0x0/0x0/0x0, 0x0/0x0/0x0, 0x0/0x0/0x0, 0x0/0x0/0x0, 0x0/0x0/0x0, 0x0/0x0/0x0, 0x0/0x0/0x0, 0x0/0x0/0x0] clazz=com.android.internal.app.procstats.DurationsTable}
03-18 17:24:45.707  1242  2246 E SparseMappingTable: java.lang.RuntimeException: Stack trace
03-18 17:24:45.707  1242  2246 E SparseMappingTable: 	at com.android.internal.app.procstats.SparseMappingTable.logOrThrow(SparseMappingTable.java:645)
03-18 17:24:45.707  1242  2246 E SparseMappingTable: 	at com.android.internal.app.procstats.SparseMappingTable.access$400(SparseMappingTable.java:46)
03-18 17:24:45.707  1242  2246 E SparseMappingTable: 	at com.android.internal.app.procstats.SparseMappingTable$Table.setValue(SparseMappingTable.java:274)
03-18 17:24:45.707  1242  2246 E SparseMappingTable: 	at com.android.internal.app.procstats.SparseMappingTable$Table.setValue(SparseMappingTable.java:259)
03-18 17:24:45.707  1242  2246 E SparseMappingTable: 	at com.android.internal.app.procstats.DurationsTable.addDuration(DurationsTable.java:49)
03-18 17:24:45.707  1242  2246 E SparseMappingTable: 	at com.android.internal.app.procstats.ServiceState.updateRunning(ServiceState.java:289)
03-18 17:24:45.707  1242  2246 E SparseMappingTable: 	at com.android.internal.app.procstats.ServiceState.setForeground(ServiceState.java:387)
03-18 17:24:45.707  1242  2246 E SparseMappingTable: 	at com.android.server.am.ActiveServices.bringDownServiceLocked(ActiveServices.java:3069)
03-18 17:24:45.707  1242  2246 E SparseMappingTable: 	at com.android.server.am.ActiveServices.bringDownServiceIfNeededLocked(ActiveServices.java:2947)
03-18 17:24:45.707  1242  2246 E SparseMappingTable: 	at com.android.server.am.ActiveServices.removeConnectionLocked(ActiveServices.java:3234)
03-18 17:24:45.707  1242  2246 E SparseMappingTable: 	at com.android.server.am.ActiveServices.killServicesLocked(ActiveServices.java:3619)
03-18 17:24:45.707  1242  2246 E SparseMappingTable: 	at com.android.server.am.ActivityManagerService.cleanUpApplicationRecordLocked(ActivityManagerService.java:13908)
03-18 17:24:45.707  1242  2246 E SparseMappingTable: 	at com.android.server.am.ActivityManagerService.handleAppDiedLocked(ActivityManagerService.java:3680)
03-18 17:24:45.707  1242  2246 E SparseMappingTable: 	at com.android.server.am.ActivityManagerService.appDiedLocked(ActivityManagerService.java:3834)
03-18 17:24:45.707  1242  2246 E SparseMappingTable: 	at com.android.server.am.ActivityManagerService$AppDeathRecipient.binderDied(ActivityManagerService.java:1537)
03-18 17:24:45.707  1242  2246 E SparseMappingTable: 	at android.os.BinderProxy.sendDeathNotice(BinderProxy.java:620)
03-18 17:24:45.782  1242  2229 V ActivityManager: Death received in com.android.server.am.ActivityManagerService$AppDeathRecipient@3d0e257 for thread android.os.BinderProxy@b311144, mPid:3087,mApp:ProcessRecord{7db83b3 3087:com.google.android.webview:sandboxed_process0:org.chromium.content.app.SandboxedProcessService0:0/u0a197i225}
03-18 17:24:45.792  1242  2246 I ActivityManager: Killing 3087:com.google.android.webview:sandboxed_process0:org.chromium.content.app.SandboxedProcessService0:0/u0a197i225 (adj 0): isolated not needed
03-18 17:24:45.795  1242  1260 W Looper  : Slow dispatch took 159ms android.ui h=com.android.server.am.ActivityManagerService$UiHandler c=null m=31
03-18 17:24:45.795  1242  1262 W ActivityTaskManager: Activity top resumed state loss timeout for ActivityRecord{474eca u0 sinet.startup.inDriver/.ui.client.main.ClientActivity t-1 f}
03-18 17:24:45.800  1242  1262 W ActivityManager: setHasOverlayUi called on unknown pid: 2906
03-18 17:24:45.845  1242  1272 D KernelCpuUidUserSysTimeReader: Removing uids 99223-99223
03-18 17:24:45.858  1242  1260 W Looper  : Drained
03-18 17:24:45.958  1242  1269 I ActivityManager: Start proc 4439:com.google.android.googlequicksearchbox:search/u0a66 for service {com.google.android.googlequicksearchbox/com.google.android.apps.gsa.nowoverlayservice.DrawerOverlayService}
03-18 17:24:45.977  1242  2209 I WindowManager: Relayout Window{bee6c41 u0 com.motorola.launcher3/com.android.launcher3.CustomizationPanelLauncher}: oldVis=4 newVis=0 focusMayChange = true
03-18 17:24:46.037  1242  1269 I ActivityManager: Start proc 4446:com.motorola.timeweatherwidget/u0a123 for content provider {com.motorola.timeweatherwidget/com.motorola.commandcenter.weather.AssistReceiver}
03-18 17:24:46.070 18770 18770 E ActivityThread: Service com.google.android.gms.chimera.GmsApiService has leaked ServiceConnection bipk@bf15315 that was originally bound here
03-18 17:24:46.070 18770 18770 E ActivityThread: android.app.ServiceConnectionLeaked: Service com.google.android.gms.chimera.GmsApiService has leaked ServiceConnection bipk@bf15315 that was originally bound here
03-18 17:24:46.070 18770 18770 E ActivityThread: 	at android.app.LoadedApk$ServiceDispatcher.<init>(LoadedApk.java:1807)
03-18 17:24:46.070 18770 18770 E ActivityThread: 	at android.app.LoadedApk.getServiceDispatcherCommon(LoadedApk.java:1679)
03-18 17:24:46.070 18770 18770 E ActivityThread: 	at android.app.LoadedApk.getServiceDispatcher(LoadedApk.java:1658)
03-18 17:24:46.070 18770 18770 E ActivityThread: 	at android.app.ContextImpl.bindServiceCommon(ContextImpl.java:1722)
03-18 17:24:46.070 18770 18770 E ActivityThread: 	at android.app.ContextImpl.bindService(ContextImpl.java:1651)
03-18 17:24:46.070 18770 18770 E ActivityThread: 	at android.content.ContextWrapper.bindService(ContextWrapper.java:705)
03-18 17:24:46.070 18770 18770 E ActivityThread: 	at android.content.ContextWrapper.bindService(ContextWrapper.java:705)
03-18 17:24:46.070 18770 18770 E ActivityThread: 	at android.content.ContextWrapper.bindService(ContextWrapper.java:705)
03-18 17:24:46.070 18770 18770 E ActivityThread: 	at biop.bindService(:com.google.android.gms@250932009@25.09.32 (100300-735486561):10)
03-18 17:24:46.070 18770 18770 E ActivityThread: 	at android.content.ContextWrapper.bindService(ContextWrapper.java:705)
03-18 17:24:46.070 18770 18770 E ActivityThread: 	at android.content.ContextWrapper.bindService(ContextWrapper.java:705)
03-18 17:24:46.070 18770 18770 E ActivityThread: 	at android.content.ContextWrapper.bindService(ContextWrapper.java:705)
03-18 17:24:46.070 18770 18770 E ActivityThread: 	at android.content.ContextWrapper.bindService(ContextWrapper.java:705)
03-18 17:24:46.070 18770 18770 E ActivityThread: 	at atnv.i(:com.google.android.gms@250932009@25.09.32 (100300-735486561):17)
03-18 17:24:46.070 18770 18770 E ActivityThread: 	at atnv.f(:com.google.android.gms@250932009@25.09.32 (100300-735486561):97)
03-18 17:24:46.070 18770 18770 E ActivityThread: 	at atnv.e(:com.google.android.gms@250932009@25.09.32 (100300-735486561):8)
03-18 17:24:46.070 18770 18770 E ActivityThread: 	at wjh.a(:com.google.android.gms@250932009@25.09.32 (100300-735486561):47)
03-18 17:24:46.070 18770 18770 E ActivityThread: 	at ice.a(:com.google.android.gms@250932009@25.09.32 (100300-735486561):19)
03-18 17:24:46.070 18770 18770 E ActivityThread: 	at wjm.<init>(:com.google.android.gms@250932009@25.09.32 (100300-735486561):11)
03-18 17:24:46.070 18770 18770 E ActivityThread: 	at wkm.call(:com.google.android.gms@250932009@25.09.32 (100300-735486561):18)
03-18 17:24:46.070 18770 18770 E ActivityThread: 	at java.util.concurrent.FutureTask.run(FutureTask.java:266)
03-18 17:24:46.070 18770 18770 E ActivityThread: 	at atrf.c(:com.google.android.gms@250932009@25.09.32 (100300-735486561):50)
03-18 17:24:46.070 18770 18770 E ActivityThread: 	at atrf.run(:com.google.android.gms@250932009@25.09.32 (100300-735486561):76)
03-18 17:24:46.070 18770 18770 E ActivityThread: 	at java.util.concurrent.ThreadPoolExecutor.runWorker(ThreadPoolExecutor.java:1167)
03-18 17:24:46.070 18770 18770 E ActivityThread: 	at java.util.concurrent.ThreadPoolExecutor$Worker.run(ThreadPoolExecutor.java:641)
03-18 17:24:46.070 18770 18770 E ActivityThread: 	at atwt.run(:com.google.android.gms@250932009@25.09.32 (100300-735486561):8)
03-18 17:24:46.070 18770 18770 E ActivityThread: 	at java.lang.Thread.run(Thread.java:919)
03-18 17:24:46.347  1242  3021 V ActivityManager: New death recipient com.android.server.am.ActivityManagerService$AppDeathRecipient@880227b for thread android.os.BinderProxy@f325898, pid:4446,mApp:null
03-18 17:24:46.365  1242  3021 V ActivityManager: New death recipient com.android.server.am.ActivityManagerService$AppDeathRecipient@cfe38f1 for thread android.os.BinderProxy@8fddcd6, pid:4439,mApp:null
03-18 17:24:46.903  1242  1269 I ActivityManager: Start proc 4486:com.android.providers.calendar/u0a59 for content provider {com.android.providers.calendar/com.android.providers.calendar.CalendarProvider2}
03-18 17:24:46.944  1242  2246 V ActivityManager: New death recipient com.android.server.am.ActivityManagerService$AppDeathRecipient@a4e29ba for thread android.os.BinderProxy@3daa06b, pid:4486,mApp:null
03-18 17:24:47.056  1242  2246 V SettingsProvider: packageValueForCallResult, name = sqlite_compatibility_wal_flags, value : Bundle[{_track_generation=android.util.MemoryIntArray@71, value=, _generation_index=0, _generation=33}]
03-18 17:24:47.288  1242  3021 V SettingsProvider: packageValueForCallResult, name = sqlite_compatibility_wal_flags, value : Bundle[{_track_generation=android.util.MemoryIntArray@71, value=, _generation_index=0, _generation=33}]
03-18 17:24:47.451  1242  2209 V SettingsProvider: packageValueForCallResult, name = selected_search_engine_program, value : Bundle[{_track_generation=android.util.MemoryIntArray@71, value=Agassi, _generation_index=2, _generation=30}]
03-18 17:24:47.552  1242  1269 I ActivityManager: Start proc 4523:com.google.process.gservices/u0a98 for content provider {com.google.android.gsf/com.google.android.gsf.gservices.GservicesProvider}
03-18 17:24:47.583  1242  2209 V ActivityManager: New death recipient com.android.server.am.ActivityManagerService$AppDeathRecipient@b9479a3 for thread android.os.BinderProxy@259a4a0, pid:4523,mApp:null
03-18 17:24:47.598  1242  2209 E WindowManager: App trying to use insecure INPUT_FEATURE_NO_INPUT_CHANNEL flag. Ignoring
03-18 17:24:47.672  1242  2246 V SettingsProvider: packageValueForCallResult, name = sqlite_compatibility_wal_flags, value : Bundle[{_track_generation=android.util.MemoryIntArray@71, value=, _generation_index=0, _generation=33}]
03-18 17:24:48.142  1242  3021 V SettingsProvider: packageValueForCallResult, name = sqlite_compatibility_wal_flags, value : Bundle[{_track_generation=android.util.MemoryIntArray@71, value=, _generation_index=0, _generation=33}]
03-18 17:24:48.183  1242  4429 W ActivityManager: Ignoring remove of inactive process: ProcessRecord{24a75fa 0:sinet.startup.inDriver/u0a197}
03-18 17:24:48.490  1242  5914 D MtkConnectivityService: requestNetwork for uid/pid:10066/4439 NetworkRequest [ TRACK_DEFAULT id=5266, [ Capabilities: INTERNET&NOT_RESTRICTED&TRUSTED Uid: 10066] ]
03-18 17:24:48.705  1242  1269 I ActivityManager: Start proc 4580:com.google.android.tts/u0a132 for service {com.google.android.tts/androidx.work.impl.background.systemjob.SystemJobService}
03-18 17:24:48.733  1242  3021 V ActivityManager: New death recipient com.android.server.am.ActivityManagerService$AppDeathRecipient@e0af07c for thread android.os.BinderProxy@bd65d05, pid:4580,mApp:null
03-18 17:24:49.052  1242  3021 V SettingsProvider: packageValueForCallResult, name = sqlite_compatibility_wal_flags, value : Bundle[{_track_generation=android.util.MemoryIntArray@71, value=, _generation_index=0, _generation=33}]
03-18 17:26:22.032  1242  9626 I ActivityTaskManager: START u0 {act=android.intent.action.MAIN cat=[android.intent.category.LAUNCHER] flg=0x10200000 cmp=sinet.startup.inDriver/.ui.splash.SplashActivity bnds=[293,1180][427,1354]} from uid 10086
03-18 17:26:22.098  1242  1269 I ActivityManager: Start proc 4702:sinet.startup.inDriver/u0a197 for activity {sinet.startup.inDriver/sinet.startup.inDriver.ui.splash.SplashActivity}
03-18 17:26:22.175  1242  3035 V ActivityManager: New death recipient com.android.server.am.ActivityManagerService$AppDeathRecipient@c5641de for thread android.os.BinderProxy@87fdfbf, pid:4702,mApp:null
03-18 17:26:32.057  1242  1262 W ActivityTaskManager: Launch timeout has expired, giving up wake lock!
03-18 17:26:32.215  1242  1894 D MtkConnectivityService: releasing NetworkRequest [ TRACK_DEFAULT id=5266, [ Capabilities: INTERNET&NOT_RESTRICTED&TRUSTED Uid: 10066] ] (release request)
03-18 17:26:40.156  1242  3035 V SettingsProvider: packageValueForCallResult, name = sqlite_compatibility_wal_flags, value : Bundle[{_track_generation=android.util.MemoryIntArray@71, value=, _generation_index=0, _generation=33}]
03-18 17:26:51.580  1242  3035 V SettingsProvider: packageValueForCallResult, name = android_id, value : Bundle[{_track_generation=android.util.MemoryIntArray@71, value=e007919c303c8daf, _generation_index=2, _generation=30}]
03-18 17:26:52.119  1242  1269 I ActivityManager: Start proc 4875:com.google.android.webview:sandboxed_process0:org.chromium.content.app.SandboxedProcessService0:0/u0i226 for  {sinet.startup.inDriver/org.chromium.content.app.SandboxedProcessService0:0}
03-18 17:26:52.141  1242  3035 V ActivityManager: New death recipient com.android.server.am.ActivityManagerService$AppDeathRecipient@882d3ac for thread android.os.BinderProxy@f3ab875, pid:4875,mApp:null
03-18 17:26:52.478  1242  1269 I ActivityManager: Start proc 4920:com.google.android.webview:webview_service/u0a110 for service {com.google.android.webview/org.chromium.android_webview.services.ComponentsProviderService}
03-18 17:26:52.501  1242  2246 V ActivityManager: New death recipient com.android.server.am.ActivityManagerService$AppDeathRecipient@3f01436 for thread android.os.BinderProxy@b253f37, pid:4920,mApp:null
03-18 17:26:53.938  1242  2246 D MtkConnectivityService: requestNetwork for uid/pid:10197/4702 NetworkRequest [ TRACK_DEFAULT id=5267, [ Capabilities: INTERNET&NOT_RESTRICTED&TRUSTED Uid: 10197] ]
03-18 17:26:54.659  1242  3021 V SettingsProvider: packageValueForCallResult, name = screen_brightness, value : Bundle[{_track_generation=android.util.MemoryIntArray@71, value=111, _generation_index=3, _generation=88}]
03-18 17:26:55.143  1242  2229 D MtkConnectivityService: requestNetwork for uid/pid:10197/4702 NetworkRequest [ TRACK_DEFAULT id=5268, [ Capabilities: INTERNET&NOT_RESTRICTED&TRUSTED Uid: 10197] ]
03-18 17:26:55.461  1242  2246 E WindowManager: App trying to use insecure INPUT_FEATURE_NO_INPUT_CHANNEL flag. Ignoring
03-18 17:26:55.527  1242  2246 I WindowManager: Relayout Window{1f16570 u0 sinet.startup.inDriver/sinet.startup.inDriver.ui.splash.SplashActivity}: oldVis=4 newVis=0 focusMayChange = true
03-18 17:26:56.132  1242  2229 V ActivityManager: Death received in com.android.server.am.ActivityManagerService$AppDeathRecipient@a4e29ba for thread android.os.BinderProxy@3daa06b, mPid:4486,mApp:ProcessRecord{395cbf5 4486:com.android.providers.calendar/u0a59}
03-18 17:26:56.132  1242  2229 I ActivityManager: Process com.android.providers.calendar (pid 4486) has died: cch+35 CEM 
03-18 17:26:56.184  1242  9127 V ActivityManager: Death received in com.android.server.am.ActivityManagerService$AppDeathRecipient@880227b for thread android.os.BinderProxy@f325898, mPid:4446,mApp:ProcessRecord{f6aad8a 4446:com.motorola.timeweatherwidget/u0a123}
03-18 17:26:56.184  1242  9127 I ActivityManager: Process com.motorola.timeweatherwidget (pid 4446) has died: cch+25 CEM 
03-18 17:26:58.343  1242  5914 I ActivityTaskManager: START u0 {flg=0x14000000 cmp=sinet.startup.inDriver/.ui.client.main.ClientActivity} from uid 10197
03-18 17:26:58.424  1242  1894 D MtkConnectivityService: releasing NetworkRequest [ TRACK_DEFAULT id=5268, [ Capabilities: INTERNET&NOT_RESTRICTED&TRUSTED Uid: 10197] ] (release request)
03-18 17:26:58.425  1242  1894 D MtkConnectivityService: releasing NetworkRequest [ TRACK_DEFAULT id=5267, [ Capabilities: INTERNET&NOT_RESTRICTED&TRUSTED Uid: 10197] ] (release request)
03-18 17:26:59.396  1242  9127 D MtkConnectivityService: requestNetwork for uid/pid:10197/4702 NetworkRequest [ TRACK_DEFAULT id=5272, [ Capabilities: INTERNET&NOT_RESTRICTED&TRUSTED Uid: 10197] ]
03-18 17:26:59.638  1242  5914 E WindowManager: App trying to use insecure INPUT_FEATURE_NO_INPUT_CHANNEL flag. Ignoring
03-18 17:26:59.869  1242  5914 I WindowManager: Relayout Window{a711c5f u0 sinet.startup.inDriver/sinet.startup.inDriver.ui.client.main.ClientActivity}: oldVis=4 newVis=0 focusMayChange = true
03-18 17:27:05.520  1242  9626 D MtkConnectivityService: requestNetwork for uid/pid:10197/4702 NetworkRequest [ TRACK_DEFAULT id=5274, [ Capabilities: INTERNET&NOT_RESTRICTED&TRUSTED Uid: 10197] ]
03-18 17:27:05.969  1242  2209 V ActivityManager: Death received in com.android.server.am.ActivityManagerService$AppDeathRecipient@e0af07c for thread android.os.BinderProxy@bd65d05, mPid:4580,mApp:ProcessRecord{71827bd 4580:com.google.android.tts/u0a132}
03-18 17:27:05.969  1242  2209 I ActivityManager: Process com.google.android.tts (pid 4580) has died: cch+15 CEM 
03-18 17:27:07.254  1242  2229 V SettingsProvider: packageValueForCallResult, name = null, value : Bundle[{_track_generation=android.util.MemoryIntArray@71, value=null, _generation_index=1, _generation=5}]
03-18 17:27:07.731  1242  2209 D MtkConnectivityService: requestNetwork for uid/pid:10197/4702 NetworkRequest [ REQUEST id=5276, [ Transports: CELLULAR|WIFI Capabilities: INTERNET&NOT_RESTRICTED&TRUSTED&NOT_VPN Uid: 10197] ]
03-18 17:27:08.367  1242  1262 W ActivityTaskManager: Launch timeout has expired, giving up wake lock!
03-18 17:27:09.594  1242  2229 V ActivityManager: Death received in com.android.server.am.ActivityManagerService$AppDeathRecipient@3f01436 for thread android.os.BinderProxy@b253f37, mPid:4920,mApp:ProcessRecord{cf81a0d 4920:com.google.android.webview:webview_service/u0a110}
03-18 17:27:09.594  1242  2229 I ActivityManager: Process com.google.android.webview:webview_service (pid 4920) has died: cch+5 CEM 
03-18 17:27:10.107  1242  9127 D MtkConnectivityService: ConnectivityService NetworkRequestInfo binderDied(NetworkRequest [ LISTEN id=5265, [ Capabilities: INTERNET&NOT_RESTRICTED&TRUSTED&NOT_VPN&VALIDATED&NOT_SUSPENDED Uid: 10066] ], android.os.BinderProxy@ea14004)
03-18 17:27:10.107  1242  1255 I WindowManager: WIN DEATH: Window{76b0cff u0 (1-1)-Window{4daaa56 alpha=1.0 fl=}}
03-18 17:27:10.107  1242  9127 V ActivityManager: Death received in com.android.server.am.ActivityManagerService$AppDeathRecipient@cfe38f1 for thread android.os.BinderProxy@8fddcd6, mPid:4439,mApp:ProcessRecord{1ff26be 4439:com.google.android.googlequicksearchbox:search/u0a66}
03-18 17:27:10.107  1242  9127 I ActivityManager: Process com.google.android.googlequicksearchbox:search (pid 4439) has died: cch CACC
03-18 17:27:10.113  1242  9127 W ActivityManager: Scheduling restart of crashed service com.google.android.googlequicksearchbox/com.google.android.apps.gsa.nowoverlayservice.DrawerOverlayService in 1000ms
03-18 17:27:10.115  1242  1262 W ActivityManager: setHasOverlayUi called on unknown pid: 4439
03-18 17:27:10.129  1242  9127 D MtkConnectivityService: requestNetwork for uid/pid:10197/4702 NetworkRequest [ TRACK_DEFAULT id=5278, [ Capabilities: INTERNET&NOT_RESTRICTED&TRUSTED Uid: 10197] ]
03-18 17:27:10.184  1242  1269 I ActivityManager: Start proc 5453:com.google.process.gapps/u0a98 for content provider {com.google.android.gsf/com.google.android.gsf.settings.GoogleSettingsProvider}
03-18 17:27:10.226  1242  2229 V ActivityManager: New death recipient com.android.server.am.ActivityManagerService$AppDeathRecipient@29bf7e9 for thread android.os.BinderProxy@927bc6e, pid:5453,mApp:null
03-18 17:27:10.331  1242  2246 V SettingsProvider: packageValueForCallResult, name = sqlite_compatibility_wal_flags, value : Bundle[{_track_generation=android.util.MemoryIntArray@71, value=, _generation_index=0, _generation=33}]
03-18 17:27:47.370  1242  1242 W JobServiceContext: Time-out while trying to bind 1fdc2e #u0a197/-1228263001 sinet.startup.inDriver/com.google.android.datatransport.runtime.scheduling.jobscheduling.JobInfoSchedulerService, dropping.
03-18 17:28:07.373  1242  1268 W ActivityManager: Timeout executing service: ServiceRecord{fda5e85 u0 sinet.startup.inDriver/com.google.android.datatransport.runtime.scheduling.jobscheduling.JobInfoSchedulerService}
03-18 17:28:07.531  1242  1268 I ActivityManager: Adding ANR proc: ProcessRecord{fc3eee4 4875:com.google.android.webview:sandboxed_process0:org.chromium.content.app.SandboxedProcessService0:0/u0a197i226}
03-18 17:28:07.531  1242  1268 I ActivityManager: Adding ANR proc: ProcessRecord{481d3a4 32042:com.motorola.launcher3/u0a86}
03-18 17:28:07.531  1242  1268 I ActivityManager: Adding ANR proc: ProcessRecord{edad3ea 4523:com.google.process.gservices/u0a98}
03-18 17:28:07.531  1242  1268 I ActivityManager: Adding ANR proc: ProcessRecord{b9b6db 5453:com.google.process.gapps/u0a98}
03-18 17:28:07.531  1242  1268 I ActivityManager: Adding ANR proc: ProcessRecord{33be218 15378:com.google.android.gms.persistent/u0a98}
03-18 17:28:07.531  1242  1268 I ActivityManager: Adding ANR proc: ProcessRecord{f667d46 3108:com.android.vending/u0a58}
03-18 17:28:07.531  1242  1268 I ActivityManager: Adding ANR proc: ProcessRecord{9ed6392 518:com.google.android.webview:sandboxed_process0:org.chromium.content.app.SandboxedProcessService0:0/u0a98i179}
03-18 17:28:07.531  1242  1268 I ActivityManager: Adding ANR proc: ProcessRecord{f466a8a 18770:com.google.android.gms/u0a98}
03-18 17:28:07.531  1242  1268 I ActivityManager: Adding ANR proc: ProcessRecord{2ef1706 4232:com.google.android.ims/u0a48}
03-18 17:28:07.531  1242  1268 I ActivityManager: Adding likely IME: ProcessRecord{e12d27d 1053:com.google.android.googlequicksearchbox:interactor/u0a66}
03-18 17:28:07.531  1242  1268 I ActivityManager: Adding ANR proc: ProcessRecord{c8b7abe 2661:android.process.media/u0a74}
03-18 17:28:07.531  1242  1268 I ActivityManager: Adding ANR proc: ProcessRecord{3bd571f 1591:com.motorola.ccc.notification/u0a79}
03-18 17:28:07.531  1242  1268 I ActivityManager: Adding ANR proc: ProcessRecord{efbbeff 32023:com.motorola.ccc/u0a79}
03-18 17:28:07.532  1242  1268 I ActivityManager: Adding ANR proc: ProcessRecord{997fa36 9603:com.motorola.motocare/u0a77}
03-18 17:28:07.532  1242  1268 I ActivityManager: Adding ANR proc: ProcessRecord{ba9ebc3 12653:com.google.android.inputmethod.latin/u0a114}
03-18 17:28:07.532  1242  1268 I ActivityManager: Adding ANR proc: ProcessRecord{6ac05fd 32346:com.google.android.apps.wellbeing/u0a100}
03-18 17:28:07.532  1242  1268 I ActivityManager: Adding ANR proc: ProcessRecord{fb62d37 2564:com.google.android.ext.services/u0a52}
03-18 17:28:07.532  1242  1268 I ActivityManager: Adding ANR proc: ProcessRecord{ba99182 2554:com.android.bluetooth/1002}
03-18 17:28:07.532  1242  1268 I ActivityManager: Adding persistent proc: ProcessRecord{1e232a4 3011:com.motorola.process.system/1000}
03-18 17:28:07.532  1242  1268 I ActivityManager: Adding persistent proc: ProcessRecord{795b80d 2980:com.android.se/1068}
03-18 17:28:07.532  1242  1268 I ActivityManager: Adding ANR proc: ProcessRecord{fe183c2 2453:com.mediatek.ims/1001}
03-18 17:28:07.532  1242  1268 I ActivityManager: Adding persistent proc: ProcessRecord{e765eba 2236:com.android.phone/1001}
03-18 17:28:07.532  1242  1268 I ActivityManager: Adding persistent proc: ProcessRecord{33665d3 2186:com.lsar.sar.lsarservice/u0a107}
03-18 17:28:07.532  1242  1268 I ActivityManager: Adding persistent proc: ProcessRecord{561d510 2160:com.android.networkstack.process/1073}
03-18 17:28:07.532  1242  1268 I ActivityManager: Adding persistent proc: ProcessRecord{ab0c54b 1952:com.android.systemui/u0a95}
03-18 17:28:07.532  1242  1268 I AnrManager: startAnrDump
03-18 17:28:07.532  1242  1268 I AnrManager: isANRFlowSkipped() AnrFlow = 0
03-18 17:28:07.533  1242  1268 I AnrManager: enableTraceLog: false
03-18 17:28:07.574  1242  1268 I AnrManager: startAsyncDump: AnrDumpRecord{ executing service sinet.startup.inDriver/com.google.android.datatransport.runtime.scheduling.jobscheduling.JobInfoSchedulerService ProcessRecord{8ac073e 4702:sinet.startup.inDriver/u0a197} IsCompleted:false IsCancelled:false }, isSilentANR = false
03-18 17:28:07.574  1242  1268 I AnrManager: dumpAnrDebugInfo begin: AnrDumpRecord{ executing service sinet.startup.inDriver/com.google.android.datatransport.runtime.scheduling.jobscheduling.JobInfoSchedulerService ProcessRecord{8ac073e 4702:sinet.startup.inDriver/u0a197} IsCompleted:false IsCancelled:false }, isAsyncDump = false, isSilentANR = false
03-18 17:28:07.574  1242  1268 I AnrManager: dumpAnrDebugInfoLocked: AnrDumpRecord{ executing service sinet.startup.inDriver/com.google.android.datatransport.runtime.scheduling.jobscheduling.JobInfoSchedulerService ProcessRecord{8ac073e 4702:sinet.startup.inDriver/u0a197} IsCompleted:false IsCancelled:false }, isAsyncDump = false, isSilentANR = false
03-18 17:28:07.584  1242  5504 I AnrManager: sys/kernel/debug/binder/timeout_log isn't exist
03-18 17:28:07.621  1242  1268 I AnrManager: dumpStackTraces begin!
03-18 17:28:07.622  1242  1268 I ActivityManager: dumpStackTraces pids={518=true, 1053=true, 1591=true, 2453=true, 2554=true, 2564=true, 2661=true, 3108=true, 4232=true, 4523=true, 4875=true, 5453=true, 9603=true, 12653=true, 15378=true, 18770=true, 32023=true, 32042=true, 32346=true} nativepids=[534, 566, 573, 644, 646, 653, 654, 662, 674, 2554]
03-18 17:28:08.075  1242  1275 I AnrManager: START_ANR_DUMP_MSG: AnrDumpRecord{ executing service sinet.startup.inDriver/com.google.android.datatransport.runtime.scheduling.jobscheduling.JobInfoSchedulerService ProcessRecord{8ac073e 4702:sinet.startup.inDriver/u0a197} IsCompleted:false IsCancelled:false }, isSilentANR = false
03-18 17:28:08.075  1242  1275 I AnrManager: dumpAnrDebugInfo begin: AnrDumpRecord{ executing service sinet.startup.inDriver/com.google.android.datatransport.runtime.scheduling.jobscheduling.JobInfoSchedulerService ProcessRecord{8ac073e 4702:sinet.startup.inDriver/u0a197} IsCompleted:false IsCancelled:false }, isAsyncDump = true, isSilentANR = false
03-18 17:28:08.340  1242  1268 I ActivityManager: Skipping next CPU consuming process, not a java proc: 1242
03-18 17:28:08.341  1242  1268 I ActivityManager: Skipping next CPU consuming process, not a java proc: 573
03-18 17:28:08.341  1242  1268 D ActivityManager: Collecting stacks for extra pid 32023
03-18 17:28:08.341  1242  1268 I ActivityManager: Skipping next CPU consuming process, not a java proc: 15
03-18 17:28:08.341  1242  1268 I ActivityManager: Skipping next CPU consuming process, not a java proc: 134
03-18 17:28:08.341  1242  1268 I ActivityManager: Skipping next CPU consuming process, not a java proc: 201
03-18 17:28:08.341  1242  1268 I ActivityManager: Skipping next CPU consuming process, not a java proc: 210
03-18 17:28:08.341  1242  1268 I ActivityManager: Skipping next CPU consuming process, not a java proc: 284
03-18 17:28:08.341  1242  1268 I ActivityManager: Skipping next CPU consuming process, not a java proc: 308
03-18 17:28:08.341  1242  1268 I ActivityManager: Skipping next CPU consuming process, not a java proc: 409
03-18 17:28:08.341  1242  1268 I ActivityManager: Skipping next CPU consuming process, not a java proc: 2160
03-18 17:28:08.341  1242  1268 I ActivityManager: Skipping next CPU consuming process, not a java proc: 24230
03-18 17:28:08.348  1242  1268 I ActivityManager: Dumping to /data/anr/anr_2025-03-18-17-28-08-347
03-18 17:28:08.348  1242  1268 I ActivityManager: Collecting stacks for pid 4702
03-18 17:28:18.373  1242  1268 W ActivityManager: Dumping Java threads failed, initiating native stack dump.
03-18 17:28:20.379  1242  1268 W ActivityManager: Native stack dump failed!
03-18 17:28:20.379  1242  1268 D ActivityManager: Done with pid 4702 in 12031ms
03-18 17:28:20.380  1242  1268 I ActivityManager: Collecting stacks for pid 1242
03-18 17:28:21.564  1242  1268 D ActivityManager: Done with pid 1242 in 1185ms
03-18 17:28:21.564  1242  1268 I ActivityManager: Collecting stacks for pid 3011
03-18 17:28:21.786  1242  1268 D ActivityManager: Done with pid 3011 in 222ms
03-18 17:28:21.786  1242  1268 I ActivityManager: Collecting stacks for pid 2980
03-18 17:28:21.930  1242  1268 D ActivityManager: Done with pid 2980 in 144ms
03-18 17:28:21.930  1242  1268 I ActivityManager: Collecting stacks for pid 2236
03-18 17:28:22.287  1242  1268 D ActivityManager: Done with pid 2236 in 357ms
03-18 17:28:22.287  1242  1268 I ActivityManager: Collecting stacks for pid 2186
03-18 17:28:22.510  1242  1268 D ActivityManager: Done with pid 2186 in 223ms
03-18 17:28:22.510  1242  1268 I ActivityManager: Collecting stacks for pid 2160
03-18 17:28:22.737  1242  1268 D ActivityManager: Done with pid 2160 in 227ms
03-18 17:28:22.737  1242  1268 I ActivityManager: Collecting stacks for pid 1952
03-18 17:28:23.362  1242  1268 D ActivityManager: Done with pid 1952 in 624ms
03-18 17:28:23.362  1242  1268 I ActivityManager: Collecting stacks for native pid 534
03-18 17:28:23.791  1242  1268 D ActivityManager: Done with native pid 534 in 429ms
03-18 17:28:23.791  1242  1268 I ActivityManager: Collecting stacks for native pid 566
03-18 17:28:24.733  1242  1268 D ActivityManager: Done with native pid 566 in 942ms
03-18 17:28:24.733  1242  1268 I ActivityManager: Collecting stacks for native pid 573
03-18 17:28:25.818  1242  1268 D ActivityManager: Done with native pid 573 in 1085ms
03-18 17:28:25.819  1242  1268 I ActivityManager: Collecting stacks for native pid 644
03-18 17:28:26.387  1242  1268 D ActivityManager: Done with native pid 644 in 568ms
03-18 17:28:26.387  1242  1268 I ActivityManager: Collecting stacks for native pid 646
03-18 17:28:27.097  1242  1268 D ActivityManager: Done with native pid 646 in 709ms
03-18 17:28:27.097  1242  1268 I ActivityManager: Collecting stacks for native pid 653
03-18 17:28:27.386  1242  1268 D ActivityManager: Done with native pid 653 in 289ms
03-18 17:28:27.386  1242  1268 I ActivityManager: Collecting stacks for native pid 654
03-18 17:28:27.963  1242  1268 D ActivityManager: Done with native pid 654 in 577ms
03-18 17:28:27.963  1242  1268 I ActivityManager: Collecting stacks for native pid 662
03-18 17:28:28.532  1242  1268 E ActivityManager: Aborting stack trace dump (current native pid=662); deadline exceeded.
03-18 17:28:28.532  1242  1268 I AnrManager: dumpStackTraces end!
03-18 17:28:28.667  1242  1268 I AnrManager: ANR in sinet.startup.inDriver, time=97008118
03-18 17:28:28.667  1242  1268 I AnrManager: Reason: executing service sinet.startup.inDriver/com.google.android.datatransport.runtime.scheduling.jobscheduling.JobInfoSchedulerService
03-18 17:28:28.667  1242  1268 I AnrManager: Load: 25.42 / 26.27 / 26.13
03-18 17:28:28.667  1242  1268 I AnrManager: Android time :[2025-03-18 17:28:28.53] [97029.281]
03-18 17:28:28.667  1242  1268 I AnrManager: CPU usage from 116654ms to 0ms ago (2025-03-18 17:26:10.721 to 2025-03-18 17:28:07.375):
03-18 17:28:28.667  1242  1268 I AnrManager:   10% 1242/system_server: 5.8% user + 4.7% kernel / faults: 14932 minor 182 major
03-18 17:28:28.667  1242  1268 I AnrManager:   7.3% 573/surfaceflinger: 3.3% user + 4% kernel / faults: 1037 minor 14 major
03-18 17:28:28.667  1242  1268 I AnrManager:   5.9% 32023/com.motorola.ccc: 3.8% user + 2% kernel / faults: 535 minor
03-18 17:28:28.667  1242  1268 I AnrManager:   5.6% 15378/com.google.android.gms.persistent: 3.8% user + 1.7% kernel / faults: 17808 minor 270 major
03-18 17:28:28.667  1242  1268 I AnrManager:   2.1% 306/exe_cq/0: 0% user + 2.1% kernel
03-18 17:28:28.667  1242  1268 I AnrManager:   2% 637/adbd: 0.4% user + 1.6% kernel / faults: 587 minor 4 major
03-18 17:28:28.667  1242  1268 I AnrManager:   1.9% 1952/com.android.systemui: 1.3% user + 0.6% kernel / faults: 6127 minor 127 major
03-18 17:28:28.667  1242  1268 I AnrManager:   1.9% 640/mnld: 1.1% user + 0.7% kernel / faults: 916 minor 15 major
03-18 17:28:28.667  1242  1268 I AnrManager:   1.6% 409/logd: 0.4% user + 1.1% kernel / faults: 328 minor 9 major
03-18 17:28:28.667  1242  1268 I AnrManager:   1.1% 18770/com.google.android.gms: 0.6% user + 0.5% kernel / faults: 15978 minor 7368 major
03-18 17:28:28.667  1242  1268 I AnrManager:   1.1% 134/kswapd0: 0% user + 1.1% kernel
03-18 17:28:28.667  1242  1268 I AnrManager:   1.1% 2160/com.android.networkstack.process: 1% user + 0.1% kernel / faults: 6099 minor 11 major
03-18 17:28:28.667  1242  1268 I AnrManager:   1% 666/statsd: 0.8% user + 0.1% kernel / faults: 291 minor
03-18 17:28:28.667  1242  1268 I AnrManager:   1% 548/android.hardware.graphics.composer@2.1-service: 0.3% user + 0.6% kernel / faults: 3235 minor
03-18 17:28:28.667  1242  1268 I AnrManager:   0.9% 308/mmcqd/0: 0% user + 0.9% kernel
03-18 17:28:28.667  1242  1268 I AnrManager:   0.8% 676/android.hardware.sensors@2.0-service-mediatek: 0.3% user + 0.5% kernel / faults: 134 minor 1 major
03-18 17:28:28.667  1242  1268 I AnrManager:   0.8% 24230/process-tracker: 0.2% user + 0.6% kernel / faults: 117 minor
03-18 17:28:28.667  1242  1268 I AnrManager:   0.8% 26655/process-tracker: 0.2% user + 0.6% kernel / faults: 116 minor
03-18 17:28:28.667  1242  1268 I AnrManager:   0.6% 32042/com.motorola.launcher3: 0.4% user + 0.1% kernel / faults: 1876 minor 40 major
03-18 17:28:28.667  1242  1268 I AnrManager:   0.6% 704/vendor.mediatek.hardware.pq@2.2-service: 0.1% user + 0.4% kernel / faults: 63 minor
03-18 17:28:28.667  1242  1268 I AnrManager:   0.6% 3108/com.android.vending: 0.3% user + 0.2% kernel / faults: 6656 minor 900 major
03-18 17:28:28.667  1242  1268 I AnrManager:   0.5% 12586/hif_thread: 0% user + 0.5% kernel
03-18 17:28:28.667  1242  1268 I AnrManager:   0.3% 546/android.hardware.gnss@2.0-service-mediatek: 0% user + 0.2% kernel / faults: 202 minor 6 major
03-18 17:28:28.667  1242  1268 I AnrManager:   0.4% 210/chre_kthread: 0% user + 0.4% kernel
03-18 17:28:28.667  1242  1268 I AnrManager:   0.4% 12585/main_thread: 0% user + 0.4% kernel
03-18 17:28:28.667  1242  1268 I AnrManager:   0.4% 12587/rx_thread: 0% user + 0.4% kernel
03-18 17:28:28.667  1242  1268 I AnrManager:   0.4% 2554/com.android.bluetooth: 0.2% user + 0.1% kernel / faults: 1519 minor 49 major
03-18 17:28:28.667  1242  1268 I AnrManager:   0.1% 651/installd: 0% user + 0.1% kernel / faults: 119 minor 3 major
03-18 17:28:28.667  1242  1268 I AnrManager:   0.3% 27458/logcat: 0.1% user + 0.2% kernel / faults: 131 minor 1 major
03-18 17:28:28.667  1242  1268 I AnrManager:   0.3% 26651/logcat: 0.2% user + 0.1% kernel / faults: 97 minor
03-18 17:28:28.667  1242  1268 I AnrManager:   0.3% 28458/kworker/u16:8: 0% user + 0.3% kernel
03-18 17:28:28.667  1242  1268 I AnrManager:   0.3% 284/ipi_cpu_dvfs_rt: 0% user + 0.3% kernel
03-18 17:28:28.667  1242  1268 I AnrManager:   0.3% 518/com.google.android.webview:sandboxed_process0:org.chromium.content.app.Sand: 0.1% user + 0.1% kernel / faults: 2875 minor 2329 major
03-18 17:28:28.667  1242  1268 I AnrManager:   0.2% 2236/com.android.phone: 0.1% user + 0% kernel / faults: 3165 minor 16 major
03-18 17:28:28.667  1242  1268 I AnrManager:   0.2% 28443/kworker/u16:6: 0% user + 0.2% kernel
03-18 17:28:28.667  1242  1268 I AnrManager:   0.2% 28459/kworker/u16:10: 0% user + 0.2% kernel
03-18 17:28:28.667  1242  1268 I AnrManager:   0.2% 31661/kworker/u16:2: 0% user + 0.2% kernel
03-18 17:28:28.667  1242  1268 I AnrManager:   0.2% 201/pbm: 0% user + 0.2% kernel
03-18 17:28:28.667  1242  1268 I AnrManager:   0.2% 534/netd: 0.1% user + 0.1% kernel / faults: 912 minor 17 major
03-18 17:28:28.667  1242  1268 I AnrManager:   0.2% 26874/kworker/u16:1: 0% user + 0.2% kernel
03-18 17:28:28.667  1242  1268 I AnrManager:   0.2% 4231/kworker/5:2: 0% user + 0.2% kernel / faults: 5 minor
03-18 17:28:28.667  1242  1268 I AnrManager:   0.1% 551/android.hardware.memtrack@1.0-service: 0% user + 0.1% kernel / faults: 125 minor
03-18 17:28:28.667  1242  1268 I AnrManager:   0.1% 28309/kworker/u16:4: 0% user + 0.1% kernel
03-18 17:28:28.667  1242  1268 I AnrManager:   0% 1591/com.motorola.ccc.notification: 0% user + 0% kernel / faults: 2641 minor 633 major
03-18 17:28:28.667  1242  1268 I AnrManager:   0.1% 4273/kworker/6:1: 0% user + 0.1% kernel / faults: 5 minor
03-18 17:28:28.667  1242  1268 I AnrManager:   0.1% 7/rcu_preempt: 0% user + 0.1% kernel
03-18 17:28:28.667  1242  1268 I AnrManager:   0.1% 15740/mdnsd: 0% user + 0% kernel / faults: 143 minor 1 major
03-18 17:28:28.667  1242  1268 I AnrManager:   0.1% 24260/transport: 0.1% user + 0% kernel / faults: 157 minor 1 major
03-18 17:28:28.667  1242  1268 I AnrManager:   0.1% 28308/kworker/u16:3: 0% user + 0.1% kernel
03-18 17:28:28.667  1242  1268 I AnrManager:   0.1% 275/disp_idlemgr: 0% user + 0.1% kernel
03-18 17:28:28.667  1242  1268 I AnrManager:   0.1% 27155/kworker/u16:5: 0% user + 0.1% kernel
03-18 17:28:28.667  1242  1268 I AnrManager:   0.1% 205/btif_rxd: 0% user + 0.1% kernel
03-18 17:28:28.667  1242  1268 I AnrManager:   0.1% 672/wificond: 0% user + 0% kernel / faults: 148 minor
03-18 17:28:28.667  1242  1268 I AnrManager:   0.1% 1146/mtkfusionrild: 0%
03-18 17:28:28.667  1242  1268 I AnrManager: dumpAnrDebugInfo end: AnrDumpRecord{ executing service sinet.startup.inDriver/com.google.android.datatransport.runtime.scheduling.jobscheduling.JobInfoSchedulerService ProcessRecord{8ac073e 4702:sinet.startup.inDriver/u0a197} IsCompleted:true IsCancelled:false }, isAsyncDump = false , isSilentANR = false
03-18 17:28:28.667  1242  1275 I AnrManager: dumpAnrDebugInfoLocked: AnrDumpRecord{ executing service sinet.startup.inDriver/com.google.android.datatransport.runtime.scheduling.jobscheduling.JobInfoSchedulerService ProcessRecord{8ac073e 4702:sinet.startup.inDriver/u0a197} IsCompleted:true IsCancelled:false }, isAsyncDump = true, isSilentANR = false
03-18 17:28:28.667  1242  1275 I AnrManager: dumpAnrDebugInfo end: AnrDumpRecord{ executing service sinet.startup.inDriver/com.google.android.datatransport.runtime.scheduling.jobscheduling.JobInfoSchedulerService ProcessRecord{8ac073e 4702:sinet.startup.inDriver/u0a197} IsCompleted:true IsCancelled:false }, isAsyncDump = true , isSilentANR = false
03-18 17:28:28.668  1242  1268 I AnrManager: addErrorToDropBox app = ProcessRecord{8ac073e 4702:sinet.startup.inDriver/u0a197} processName = sinet.startup.inDriver activityShortComponentName = null parentShortComponentName = null parentProcess = null annotation = executing service sinet.startup.inDriver/com.google.android.datatransport.runtime.scheduling.jobscheduling.JobInfoSchedulerService mTracesFile = /data/anr/anr_2025-03-18-17-28-08-347
03-18 17:28:28.673  1242  1268 I AnrManager:  controller = null
03-18 17:28:28.851  1242  1268 W BroadcastQueue: Background execution not allowed: receiving Intent { act=android.intent.action.DROPBOX_ENTRY_ADDED flg=0x10 (has extras) } to com.google.android.gms/.stats.service.DropBoxEntryAddedReceiver
03-18 17:28:28.995  1242  1260 W Looper  : Slow dispatch took 322ms android.ui h=com.android.server.am.ActivityManagerService$UiHandler c=null m=2
03-18 17:28:28.996  1242  1260 W Looper  : Slow delivery took 293ms android.ui h=com.android.server.am.ActivityManagerService$UiHandler c=null m=53
03-18 17:28:29.147  1242  1260 W Looper  : Slow dispatch took 145ms android.ui h=android.view.Choreographer$FrameHandler c=android.view.Choreographer$FrameDisplayEventReceiver@a46d06f m=0
03-18 17:28:29.164  1242  1260 W Looper  : Drained
03-18 17:28:40.716  1242  1269 I ActivityManager: Start proc 5564:com.google.android.apps.messaging/u0a124 for service {com.google.android.apps.messaging/androidx.work.impl.background.systemjob.SystemJobService}
